Archive member included to satisfy reference by file (symbol)

d:/program files/microchip/mplabx/v5.20/avr8-gnu-toolchain-win32_x86/bin/../lib/gcc/avr/5.4.0/../../../../avr/lib/avr4\libm.a(addsf3.o)
                              build/default/production/VAW_functions.o (__subsf3)
d:/program files/microchip/mplabx/v5.20/avr8-gnu-toolchain-win32_x86/bin/../lib/gcc/avr/5.4.0/../../../../avr/lib/avr4\libm.a(addsf3x.o)
                              d:/program files/microchip/mplabx/v5.20/avr8-gnu-toolchain-win32_x86/bin/../lib/gcc/avr/5.4.0/../../../../avr/lib/avr4\libm.a(addsf3.o) (__addsf3x)
d:/program files/microchip/mplabx/v5.20/avr8-gnu-toolchain-win32_x86/bin/../lib/gcc/avr/5.4.0/../../../../avr/lib/avr4\libm.a(cmpsf2.o)
                              build/default/production/VAW_functions.o (__lesf2)
d:/program files/microchip/mplabx/v5.20/avr8-gnu-toolchain-win32_x86/bin/../lib/gcc/avr/5.4.0/../../../../avr/lib/avr4\libm.a(fixsfsi.o)
                              build/default/production/main.o (__fixsfsi)
d:/program files/microchip/mplabx/v5.20/avr8-gnu-toolchain-win32_x86/bin/../lib/gcc/avr/5.4.0/../../../../avr/lib/avr4\libm.a(fixunssfsi.o)
                              d:/program files/microchip/mplabx/v5.20/avr8-gnu-toolchain-win32_x86/bin/../lib/gcc/avr/5.4.0/../../../../avr/lib/avr4\libm.a(fixsfsi.o) (__fixunssfsi)
d:/program files/microchip/mplabx/v5.20/avr8-gnu-toolchain-win32_x86/bin/../lib/gcc/avr/5.4.0/../../../../avr/lib/avr4\libm.a(floatsisf.o)
                              build/default/production/VAW_functions.o (__floatsisf)
d:/program files/microchip/mplabx/v5.20/avr8-gnu-toolchain-win32_x86/bin/../lib/gcc/avr/5.4.0/../../../../avr/lib/avr4\libm.a(fp_cmp.o)
                              d:/program files/microchip/mplabx/v5.20/avr8-gnu-toolchain-win32_x86/bin/../lib/gcc/avr/5.4.0/../../../../avr/lib/avr4\libm.a(cmpsf2.o) (__fp_cmp)
d:/program files/microchip/mplabx/v5.20/avr8-gnu-toolchain-win32_x86/bin/../lib/gcc/avr/5.4.0/../../../../avr/lib/avr4\libm.a(fp_inf.o)
                              d:/program files/microchip/mplabx/v5.20/avr8-gnu-toolchain-win32_x86/bin/../lib/gcc/avr/5.4.0/../../../../avr/lib/avr4\libm.a(addsf3x.o) (__fp_inf)
d:/program files/microchip/mplabx/v5.20/avr8-gnu-toolchain-win32_x86/bin/../lib/gcc/avr/5.4.0/../../../../avr/lib/avr4\libm.a(fp_nan.o)
                              d:/program files/microchip/mplabx/v5.20/avr8-gnu-toolchain-win32_x86/bin/../lib/gcc/avr/5.4.0/../../../../avr/lib/avr4\libm.a(addsf3x.o) (__fp_nan)
d:/program files/microchip/mplabx/v5.20/avr8-gnu-toolchain-win32_x86/bin/../lib/gcc/avr/5.4.0/../../../../avr/lib/avr4\libm.a(fp_pscA.o)
                              d:/program files/microchip/mplabx/v5.20/avr8-gnu-toolchain-win32_x86/bin/../lib/gcc/avr/5.4.0/../../../../avr/lib/avr4\libm.a(addsf3x.o) (__fp_pscA)
d:/program files/microchip/mplabx/v5.20/avr8-gnu-toolchain-win32_x86/bin/../lib/gcc/avr/5.4.0/../../../../avr/lib/avr4\libm.a(fp_pscB.o)
                              d:/program files/microchip/mplabx/v5.20/avr8-gnu-toolchain-win32_x86/bin/../lib/gcc/avr/5.4.0/../../../../avr/lib/avr4\libm.a(addsf3x.o) (__fp_pscB)
d:/program files/microchip/mplabx/v5.20/avr8-gnu-toolchain-win32_x86/bin/../lib/gcc/avr/5.4.0/../../../../avr/lib/avr4\libm.a(fp_round.o)
                              d:/program files/microchip/mplabx/v5.20/avr8-gnu-toolchain-win32_x86/bin/../lib/gcc/avr/5.4.0/../../../../avr/lib/avr4\libm.a(addsf3.o) (__fp_round)
d:/program files/microchip/mplabx/v5.20/avr8-gnu-toolchain-win32_x86/bin/../lib/gcc/avr/5.4.0/../../../../avr/lib/avr4\libm.a(fp_split3.o)
                              d:/program files/microchip/mplabx/v5.20/avr8-gnu-toolchain-win32_x86/bin/../lib/gcc/avr/5.4.0/../../../../avr/lib/avr4\libm.a(addsf3x.o) (__fp_split3)
d:/program files/microchip/mplabx/v5.20/avr8-gnu-toolchain-win32_x86/bin/../lib/gcc/avr/5.4.0/../../../../avr/lib/avr4\libm.a(fp_zero.o)
                              d:/program files/microchip/mplabx/v5.20/avr8-gnu-toolchain-win32_x86/bin/../lib/gcc/avr/5.4.0/../../../../avr/lib/avr4\libm.a(addsf3x.o) (__fp_zero)
d:/program files/microchip/mplabx/v5.20/avr8-gnu-toolchain-win32_x86/bin/../lib/gcc/avr/5.4.0/../../../../avr/lib/avr4\libm.a(gesf2.o)
                              build/default/production/VAW_functions.o (__gtsf2)
d:/program files/microchip/mplabx/v5.20/avr8-gnu-toolchain-win32_x86/bin/../lib/gcc/avr/5.4.0/../../../../avr/lib/avr4\libm.a(mulsf3.o)
                              build/default/production/VAW_functions.o (__mulsf3)
d:/program files/microchip/mplabx/v5.20/avr8-gnu-toolchain-win32_x86/bin/../lib/gcc/avr/5.4.0/../../../../avr/lib/avr4\libm.a(mulsf3x.o)
                              d:/program files/microchip/mplabx/v5.20/avr8-gnu-toolchain-win32_x86/bin/../lib/gcc/avr/5.4.0/../../../../avr/lib/avr4\libm.a(mulsf3.o) (__mulsf3x)
d:/program files/microchip/mplabx/v5.20/avr8-gnu-toolchain-win32_x86/bin/../lib/gcc/avr/5.4.0/avr4\libgcc.a(_divmodsi4.o)
                              build/default/production/PCD8544.o (__divmodsi4)
d:/program files/microchip/mplabx/v5.20/avr8-gnu-toolchain-win32_x86/bin/../lib/gcc/avr/5.4.0/avr4\libgcc.a(_negsi2.o)
                              d:/program files/microchip/mplabx/v5.20/avr8-gnu-toolchain-win32_x86/bin/../lib/gcc/avr/5.4.0/avr4\libgcc.a(_divmodsi4.o) (__negsi2)
d:/program files/microchip/mplabx/v5.20/avr8-gnu-toolchain-win32_x86/bin/../lib/gcc/avr/5.4.0/avr4\libgcc.a(_exit.o)
                              D:/Program files/Microchip/MPLABX/v5.30/packs/Microchip/ATmega_DFP/2.0.12/gcc/dev/atmega8a/avr4/crtatmega8a.o (exit)
d:/program files/microchip/mplabx/v5.20/avr8-gnu-toolchain-win32_x86/bin/../lib/gcc/avr/5.4.0/avr4\libgcc.a(_copy_data.o)
                              build/default/production/main.o (__do_copy_data)
d:/program files/microchip/mplabx/v5.20/avr8-gnu-toolchain-win32_x86/bin/../lib/gcc/avr/5.4.0/avr4\libgcc.a(_clear_bss.o)
                              build/default/production/TWI.o (__do_clear_bss)
d:/program files/microchip/mplabx/v5.20/avr8-gnu-toolchain-win32_x86/bin/../lib/gcc/avr/5.4.0/avr4\libgcc.a(_divdi3.o)
                              build/default/production/UART.o (__moddi3)
d:/program files/microchip/mplabx/v5.20/avr8-gnu-toolchain-win32_x86/bin/../lib/gcc/avr/5.4.0/avr4\libgcc.a(_udivdi3.o)
                              build/default/production/UART.o (__umoddi3)
d:/program files/microchip/mplabx/v5.20/avr8-gnu-toolchain-win32_x86/bin/../lib/gcc/avr/5.4.0/avr4\libgcc.a(_udivmod64.o)
                              d:/program files/microchip/mplabx/v5.20/avr8-gnu-toolchain-win32_x86/bin/../lib/gcc/avr/5.4.0/avr4\libgcc.a(_divdi3.o) (__udivmod64)
d:/program files/microchip/mplabx/v5.20/avr8-gnu-toolchain-win32_x86/bin/../lib/gcc/avr/5.4.0/avr4\libgcc.a(_negdi2.o)
                              build/default/production/UART.o (__negdi2)
d:/program files/microchip/mplabx/v5.20/avr8-gnu-toolchain-win32_x86/bin/../lib/gcc/avr/5.4.0/avr4\libgcc.a(_prologue.o)
                              d:/program files/microchip/mplabx/v5.20/avr8-gnu-toolchain-win32_x86/bin/../lib/gcc/avr/5.4.0/avr4\libgcc.a(_divdi3.o) (__prologue_saves__)
d:/program files/microchip/mplabx/v5.20/avr8-gnu-toolchain-win32_x86/bin/../lib/gcc/avr/5.4.0/avr4\libgcc.a(_epilogue.o)
                              d:/program files/microchip/mplabx/v5.20/avr8-gnu-toolchain-win32_x86/bin/../lib/gcc/avr/5.4.0/avr4\libgcc.a(_divdi3.o) (__epilogue_restores__)
d:/program files/microchip/mplabx/v5.20/avr8-gnu-toolchain-win32_x86/bin/../lib/gcc/avr/5.4.0/avr4\libgcc.a(_ashldi3.o)
                              build/default/production/UART.o (__ashldi3)
d:/program files/microchip/mplabx/v5.20/avr8-gnu-toolchain-win32_x86/bin/../lib/gcc/avr/5.4.0/avr4\libgcc.a(_adddi3.o)
                              build/default/production/UART.o (__adddi3)
d:/program files/microchip/mplabx/v5.20/avr8-gnu-toolchain-win32_x86/bin/../lib/gcc/avr/5.4.0/avr4\libgcc.a(_cmpdi2_s8.o)
                              build/default/production/UART.o (__cmpdi2_s8)
d:/program files/microchip/mplabx/v5.20/avr8-gnu-toolchain-win32_x86/bin/../lib/gcc/avr/5.4.0/avr4\libgcc.a(_udivmodsi4.o)
                              d:/program files/microchip/mplabx/v5.20/avr8-gnu-toolchain-win32_x86/bin/../lib/gcc/avr/5.4.0/avr4\libgcc.a(_divmodsi4.o) (__udivmodsi4)

Allocating common symbols
Common symbol       size              file

timer0_period       0x1               build/default/production/timer_0.o
rxBuff              0x1e              build/default/production/UART.o

Discarded input sections

 .data          0x00000000        0x0 D:/Program files/Microchip/MPLABX/v5.30/packs/Microchip/ATmega_DFP/2.0.12/gcc/dev/atmega8a/avr4/crtatmega8a.o
 .bss           0x00000000        0x0 D:/Program files/Microchip/MPLABX/v5.30/packs/Microchip/ATmega_DFP/2.0.12/gcc/dev/atmega8a/avr4/crtatmega8a.o
 .text          0x00000000        0x0 build/default/production/main.o
 .data          0x00000000        0x0 build/default/production/main.o
 .bss           0x00000000        0x0 build/default/production/main.o
 .text          0x00000000        0x0 build/default/production/ADS1115.o
 .data          0x00000000        0x0 build/default/production/ADS1115.o
 .bss           0x00000000        0x0 build/default/production/ADS1115.o
 .text          0x00000000        0x0 build/default/production/PCD8544.o
 .data          0x00000000        0x0 build/default/production/PCD8544.o
 .bss           0x00000000        0x0 build/default/production/PCD8544.o
 .text.PCD_printChar_10x16
                0x00000000      0x13c build/default/production/PCD8544.o
 .text.PCD_print_10x16
                0x00000000       0x34 build/default/production/PCD8544.o
 .text          0x00000000        0x0 build/default/production/SPI.o
 .data          0x00000000        0x0 build/default/production/SPI.o
 .bss           0x00000000        0x0 build/default/production/SPI.o
 .text          0x00000000        0x0 build/default/production/TWI.o
 .data          0x00000000        0x0 build/default/production/TWI.o
 .bss           0x00000000        0x0 build/default/production/TWI.o
 .text          0x00000000        0x0 build/default/production/UART.o
 .data          0x00000000        0x0 build/default/production/UART.o
 .bss           0x00000000        0x0 build/default/production/UART.o
 .text.UART_transmitByte
                0x00000000        0x8 build/default/production/UART.o
 .text.UART_print
                0x00000000       0x2a build/default/production/UART.o
 .text.UART_println
                0x00000000        0xc build/default/production/UART.o
 .text.UART_printInt
                0x00000000      0x258 build/default/production/UART.o
 .text.UART_printUint
                0x00000000      0x204 build/default/production/UART.o
 .text.UART_init
                0x00000000       0x2c build/default/production/UART.o
 .text.UART_checkRxFlag
                0x00000000       0x12 build/default/production/UART.o
 .text          0x00000000        0x0 build/default/production/VAW_functions.o
 .data          0x00000000        0x0 build/default/production/VAW_functions.o
 .bss           0x00000000        0x0 build/default/production/VAW_functions.o
 .text.sortArray
                0x00000000       0x92 build/default/production/VAW_functions.o
 .text.getVoltage
                0x00000000      0x17a build/default/production/VAW_functions.o
 .text.getCurrent
                0x00000000      0x1ba build/default/production/VAW_functions.o
 .data.currentCalB
                0x00000000       0x18 build/default/production/VAW_functions.o
 .data.currentCalK
                0x00000000       0x18 build/default/production/VAW_functions.o
 .data.voltageCalB
                0x00000000       0x14 build/default/production/VAW_functions.o
 .data.voltageCalK
                0x00000000       0x14 build/default/production/VAW_functions.o
 .text          0x00000000        0x0 build/default/production/timer_0.o
 .data          0x00000000        0x0 build/default/production/timer_0.o
 .bss           0x00000000        0x0 build/default/production/timer_0.o
 .text.timer0_init
                0x00000000       0x1a build/default/production/timer_0.o
 .text.timer0_initOneMsPeriod
                0x00000000        0xe build/default/production/timer_0.o
 .text.timer0_initTwoMsPeriod
                0x00000000        0xe build/default/production/timer_0.o
 .text.timer0_initFiveMsPeriod
                0x00000000        0xe build/default/production/timer_0.o
 .text.getUptime
                0x00000000       0x22 build/default/production/timer_0.o
 .text          0x00000000        0x0 d:/program files/microchip/mplabx/v5.20/avr8-gnu-toolchain-win32_x86/bin/../lib/gcc/avr/5.4.0/../../../../avr/lib/avr4\libm.a(addsf3.o)
 .data          0x00000000        0x0 d:/program files/microchip/mplabx/v5.20/avr8-gnu-toolchain-win32_x86/bin/../lib/gcc/avr/5.4.0/../../../../avr/lib/avr4\libm.a(addsf3.o)
 .bss           0x00000000        0x0 d:/program files/microchip/mplabx/v5.20/avr8-gnu-toolchain-win32_x86/bin/../lib/gcc/avr/5.4.0/../../../../avr/lib/avr4\libm.a(addsf3.o)
 .text          0x00000000        0x0 d:/program files/microchip/mplabx/v5.20/avr8-gnu-toolchain-win32_x86/bin/../lib/gcc/avr/5.4.0/../../../../avr/lib/avr4\libm.a(addsf3x.o)
 .data          0x00000000        0x0 d:/program files/microchip/mplabx/v5.20/avr8-gnu-toolchain-win32_x86/bin/../lib/gcc/avr/5.4.0/../../../../avr/lib/avr4\libm.a(addsf3x.o)
 .bss           0x00000000        0x0 d:/program files/microchip/mplabx/v5.20/avr8-gnu-toolchain-win32_x86/bin/../lib/gcc/avr/5.4.0/../../../../avr/lib/avr4\libm.a(addsf3x.o)
 .text          0x00000000        0x0 d:/program files/microchip/mplabx/v5.20/avr8-gnu-toolchain-win32_x86/bin/../lib/gcc/avr/5.4.0/../../../../avr/lib/avr4\libm.a(cmpsf2.o)
 .data          0x00000000        0x0 d:/program files/microchip/mplabx/v5.20/avr8-gnu-toolchain-win32_x86/bin/../lib/gcc/avr/5.4.0/../../../../avr/lib/avr4\libm.a(cmpsf2.o)
 .bss           0x00000000        0x0 d:/program files/microchip/mplabx/v5.20/avr8-gnu-toolchain-win32_x86/bin/../lib/gcc/avr/5.4.0/../../../../avr/lib/avr4\libm.a(cmpsf2.o)
 .text.avr-libc.fplib
                0x00000000        0x8 d:/program files/microchip/mplabx/v5.20/avr8-gnu-toolchain-win32_x86/bin/../lib/gcc/avr/5.4.0/../../../../avr/lib/avr4\libm.a(cmpsf2.o)
 .text          0x00000000        0x0 d:/program files/microchip/mplabx/v5.20/avr8-gnu-toolchain-win32_x86/bin/../lib/gcc/avr/5.4.0/../../../../avr/lib/avr4\libm.a(fixsfsi.o)
 .data          0x00000000        0x0 d:/program files/microchip/mplabx/v5.20/avr8-gnu-toolchain-win32_x86/bin/../lib/gcc/avr/5.4.0/../../../../avr/lib/avr4\libm.a(fixsfsi.o)
 .bss           0x00000000        0x0 d:/program files/microchip/mplabx/v5.20/avr8-gnu-toolchain-win32_x86/bin/../lib/gcc/avr/5.4.0/../../../../avr/lib/avr4\libm.a(fixsfsi.o)
 .text          0x00000000        0x0 d:/program files/microchip/mplabx/v5.20/avr8-gnu-toolchain-win32_x86/bin/../lib/gcc/avr/5.4.0/../../../../avr/lib/avr4\libm.a(fixunssfsi.o)
 .data          0x00000000        0x0 d:/program files/microchip/mplabx/v5.20/avr8-gnu-toolchain-win32_x86/bin/../lib/gcc/avr/5.4.0/../../../../avr/lib/avr4\libm.a(fixunssfsi.o)
 .bss           0x00000000        0x0 d:/program files/microchip/mplabx/v5.20/avr8-gnu-toolchain-win32_x86/bin/../lib/gcc/avr/5.4.0/../../../../avr/lib/avr4\libm.a(fixunssfsi.o)
 .text          0x00000000        0x0 d:/program files/microchip/mplabx/v5.20/avr8-gnu-toolchain-win32_x86/bin/../lib/gcc/avr/5.4.0/../../../../avr/lib/avr4\libm.a(floatsisf.o)
 .data          0x00000000        0x0 d:/program files/microchip/mplabx/v5.20/avr8-gnu-toolchain-win32_x86/bin/../lib/gcc/avr/5.4.0/../../../../avr/lib/avr4\libm.a(floatsisf.o)
 .bss           0x00000000        0x0 d:/program files/microchip/mplabx/v5.20/avr8-gnu-toolchain-win32_x86/bin/../lib/gcc/avr/5.4.0/../../../../avr/lib/avr4\libm.a(floatsisf.o)
 .text          0x00000000        0x0 d:/program files/microchip/mplabx/v5.20/avr8-gnu-toolchain-win32_x86/bin/../lib/gcc/avr/5.4.0/../../../../avr/lib/avr4\libm.a(fp_cmp.o)
 .data          0x00000000        0x0 d:/program files/microchip/mplabx/v5.20/avr8-gnu-toolchain-win32_x86/bin/../lib/gcc/avr/5.4.0/../../../../avr/lib/avr4\libm.a(fp_cmp.o)
 .bss           0x00000000        0x0 d:/program files/microchip/mplabx/v5.20/avr8-gnu-toolchain-win32_x86/bin/../lib/gcc/avr/5.4.0/../../../../avr/lib/avr4\libm.a(fp_cmp.o)
 .text.avr-libc.fplib
                0x00000000       0x48 d:/program files/microchip/mplabx/v5.20/avr8-gnu-toolchain-win32_x86/bin/../lib/gcc/avr/5.4.0/../../../../avr/lib/avr4\libm.a(fp_cmp.o)
 .text          0x00000000        0x0 d:/program files/microchip/mplabx/v5.20/avr8-gnu-toolchain-win32_x86/bin/../lib/gcc/avr/5.4.0/../../../../avr/lib/avr4\libm.a(fp_inf.o)
 .data          0x00000000        0x0 d:/program files/microchip/mplabx/v5.20/avr8-gnu-toolchain-win32_x86/bin/../lib/gcc/avr/5.4.0/../../../../avr/lib/avr4\libm.a(fp_inf.o)
 .bss           0x00000000        0x0 d:/program files/microchip/mplabx/v5.20/avr8-gnu-toolchain-win32_x86/bin/../lib/gcc/avr/5.4.0/../../../../avr/lib/avr4\libm.a(fp_inf.o)
 .text          0x00000000        0x0 d:/program files/microchip/mplabx/v5.20/avr8-gnu-toolchain-win32_x86/bin/../lib/gcc/avr/5.4.0/../../../../avr/lib/avr4\libm.a(fp_nan.o)
 .data          0x00000000        0x0 d:/program files/microchip/mplabx/v5.20/avr8-gnu-toolchain-win32_x86/bin/../lib/gcc/avr/5.4.0/../../../../avr/lib/avr4\libm.a(fp_nan.o)
 .bss           0x00000000        0x0 d:/program files/microchip/mplabx/v5.20/avr8-gnu-toolchain-win32_x86/bin/../lib/gcc/avr/5.4.0/../../../../avr/lib/avr4\libm.a(fp_nan.o)
 .text          0x00000000        0x0 d:/program files/microchip/mplabx/v5.20/avr8-gnu-toolchain-win32_x86/bin/../lib/gcc/avr/5.4.0/../../../../avr/lib/avr4\libm.a(fp_pscA.o)
 .data          0x00000000        0x0 d:/program files/microchip/mplabx/v5.20/avr8-gnu-toolchain-win32_x86/bin/../lib/gcc/avr/5.4.0/../../../../avr/lib/avr4\libm.a(fp_pscA.o)
 .bss           0x00000000        0x0 d:/program files/microchip/mplabx/v5.20/avr8-gnu-toolchain-win32_x86/bin/../lib/gcc/avr/5.4.0/../../../../avr/lib/avr4\libm.a(fp_pscA.o)
 .text          0x00000000        0x0 d:/program files/microchip/mplabx/v5.20/avr8-gnu-toolchain-win32_x86/bin/../lib/gcc/avr/5.4.0/../../../../avr/lib/avr4\libm.a(fp_pscB.o)
 .data          0x00000000        0x0 d:/program files/microchip/mplabx/v5.20/avr8-gnu-toolchain-win32_x86/bin/../lib/gcc/avr/5.4.0/../../../../avr/lib/avr4\libm.a(fp_pscB.o)
 .bss           0x00000000        0x0 d:/program files/microchip/mplabx/v5.20/avr8-gnu-toolchain-win32_x86/bin/../lib/gcc/avr/5.4.0/../../../../avr/lib/avr4\libm.a(fp_pscB.o)
 .text          0x00000000        0x0 d:/program files/microchip/mplabx/v5.20/avr8-gnu-toolchain-win32_x86/bin/../lib/gcc/avr/5.4.0/../../../../avr/lib/avr4\libm.a(fp_round.o)
 .data          0x00000000        0x0 d:/program files/microchip/mplabx/v5.20/avr8-gnu-toolchain-win32_x86/bin/../lib/gcc/avr/5.4.0/../../../../avr/lib/avr4\libm.a(fp_round.o)
 .bss           0x00000000        0x0 d:/program files/microchip/mplabx/v5.20/avr8-gnu-toolchain-win32_x86/bin/../lib/gcc/avr/5.4.0/../../../../avr/lib/avr4\libm.a(fp_round.o)
 .text          0x00000000        0x0 d:/program files/microchip/mplabx/v5.20/avr8-gnu-toolchain-win32_x86/bin/../lib/gcc/avr/5.4.0/../../../../avr/lib/avr4\libm.a(fp_split3.o)
 .data          0x00000000        0x0 d:/program files/microchip/mplabx/v5.20/avr8-gnu-toolchain-win32_x86/bin/../lib/gcc/avr/5.4.0/../../../../avr/lib/avr4\libm.a(fp_split3.o)
 .bss           0x00000000        0x0 d:/program files/microchip/mplabx/v5.20/avr8-gnu-toolchain-win32_x86/bin/../lib/gcc/avr/5.4.0/../../../../avr/lib/avr4\libm.a(fp_split3.o)
 .text          0x00000000        0x0 d:/program files/microchip/mplabx/v5.20/avr8-gnu-toolchain-win32_x86/bin/../lib/gcc/avr/5.4.0/../../../../avr/lib/avr4\libm.a(fp_zero.o)
 .data          0x00000000        0x0 d:/program files/microchip/mplabx/v5.20/avr8-gnu-toolchain-win32_x86/bin/../lib/gcc/avr/5.4.0/../../../../avr/lib/avr4\libm.a(fp_zero.o)
 .bss           0x00000000        0x0 d:/program files/microchip/mplabx/v5.20/avr8-gnu-toolchain-win32_x86/bin/../lib/gcc/avr/5.4.0/../../../../avr/lib/avr4\libm.a(fp_zero.o)
 .text          0x00000000        0x0 d:/program files/microchip/mplabx/v5.20/avr8-gnu-toolchain-win32_x86/bin/../lib/gcc/avr/5.4.0/../../../../avr/lib/avr4\libm.a(gesf2.o)
 .data          0x00000000        0x0 d:/program files/microchip/mplabx/v5.20/avr8-gnu-toolchain-win32_x86/bin/../lib/gcc/avr/5.4.0/../../../../avr/lib/avr4\libm.a(gesf2.o)
 .bss           0x00000000        0x0 d:/program files/microchip/mplabx/v5.20/avr8-gnu-toolchain-win32_x86/bin/../lib/gcc/avr/5.4.0/../../../../avr/lib/avr4\libm.a(gesf2.o)
 .text.avr-libc.fplib
                0x00000000        0x8 d:/program files/microchip/mplabx/v5.20/avr8-gnu-toolchain-win32_x86/bin/../lib/gcc/avr/5.4.0/../../../../avr/lib/avr4\libm.a(gesf2.o)
 .text          0x00000000        0x0 d:/program files/microchip/mplabx/v5.20/avr8-gnu-toolchain-win32_x86/bin/../lib/gcc/avr/5.4.0/../../../../avr/lib/avr4\libm.a(mulsf3.o)
 .data          0x00000000        0x0 d:/program files/microchip/mplabx/v5.20/avr8-gnu-toolchain-win32_x86/bin/../lib/gcc/avr/5.4.0/../../../../avr/lib/avr4\libm.a(mulsf3.o)
 .bss           0x00000000        0x0 d:/program files/microchip/mplabx/v5.20/avr8-gnu-toolchain-win32_x86/bin/../lib/gcc/avr/5.4.0/../../../../avr/lib/avr4\libm.a(mulsf3.o)
 .text          0x00000000        0x0 d:/program files/microchip/mplabx/v5.20/avr8-gnu-toolchain-win32_x86/bin/../lib/gcc/avr/5.4.0/../../../../avr/lib/avr4\libm.a(mulsf3x.o)
 .data          0x00000000        0x0 d:/program files/microchip/mplabx/v5.20/avr8-gnu-toolchain-win32_x86/bin/../lib/gcc/avr/5.4.0/../../../../avr/lib/avr4\libm.a(mulsf3x.o)
 .bss           0x00000000        0x0 d:/program files/microchip/mplabx/v5.20/avr8-gnu-toolchain-win32_x86/bin/../lib/gcc/avr/5.4.0/../../../../avr/lib/avr4\libm.a(mulsf3x.o)
 .text          0x00000000        0x0 d:/program files/microchip/mplabx/v5.20/avr8-gnu-toolchain-win32_x86/bin/../lib/gcc/avr/5.4.0/avr4\libgcc.a(_divmodsi4.o)
 .data          0x00000000        0x0 d:/program files/microchip/mplabx/v5.20/avr8-gnu-toolchain-win32_x86/bin/../lib/gcc/avr/5.4.0/avr4\libgcc.a(_divmodsi4.o)
 .bss           0x00000000        0x0 d:/program files/microchip/mplabx/v5.20/avr8-gnu-toolchain-win32_x86/bin/../lib/gcc/avr/5.4.0/avr4\libgcc.a(_divmodsi4.o)
 .text.libgcc.mul
                0x00000000        0x0 d:/program files/microchip/mplabx/v5.20/avr8-gnu-toolchain-win32_x86/bin/../lib/gcc/avr/5.4.0/avr4\libgcc.a(_divmodsi4.o)
 .text.libgcc   0x00000000        0x0 d:/program files/microchip/mplabx/v5.20/avr8-gnu-toolchain-win32_x86/bin/../lib/gcc/avr/5.4.0/avr4\libgcc.a(_divmodsi4.o)
 .text.libgcc.prologue
                0x00000000        0x0 d:/program files/microchip/mplabx/v5.20/avr8-gnu-toolchain-win32_x86/bin/../lib/gcc/avr/5.4.0/avr4\libgcc.a(_divmodsi4.o)
 .text.libgcc.builtins
                0x00000000        0x0 d:/program files/microchip/mplabx/v5.20/avr8-gnu-toolchain-win32_x86/bin/../lib/gcc/avr/5.4.0/avr4\libgcc.a(_divmodsi4.o)
 .text.libgcc.fmul
                0x00000000        0x0 d:/program files/microchip/mplabx/v5.20/avr8-gnu-toolchain-win32_x86/bin/../lib/gcc/avr/5.4.0/avr4\libgcc.a(_divmodsi4.o)
 .text.libgcc.fixed
                0x00000000        0x0 d:/program files/microchip/mplabx/v5.20/avr8-gnu-toolchain-win32_x86/bin/../lib/gcc/avr/5.4.0/avr4\libgcc.a(_divmodsi4.o)
 .text          0x00000000        0x0 d:/program files/microchip/mplabx/v5.20/avr8-gnu-toolchain-win32_x86/bin/../lib/gcc/avr/5.4.0/avr4\libgcc.a(_negsi2.o)
 .data          0x00000000        0x0 d:/program files/microchip/mplabx/v5.20/avr8-gnu-toolchain-win32_x86/bin/../lib/gcc/avr/5.4.0/avr4\libgcc.a(_negsi2.o)
 .bss           0x00000000        0x0 d:/program files/microchip/mplabx/v5.20/avr8-gnu-toolchain-win32_x86/bin/../lib/gcc/avr/5.4.0/avr4\libgcc.a(_negsi2.o)
 .text.libgcc.mul
                0x00000000        0x0 d:/program files/microchip/mplabx/v5.20/avr8-gnu-toolchain-win32_x86/bin/../lib/gcc/avr/5.4.0/avr4\libgcc.a(_negsi2.o)
 .text.libgcc   0x00000000        0x0 d:/program files/microchip/mplabx/v5.20/avr8-gnu-toolchain-win32_x86/bin/../lib/gcc/avr/5.4.0/avr4\libgcc.a(_negsi2.o)
 .text.libgcc.prologue
                0x00000000        0x0 d:/program files/microchip/mplabx/v5.20/avr8-gnu-toolchain-win32_x86/bin/../lib/gcc/avr/5.4.0/avr4\libgcc.a(_negsi2.o)
 .text.libgcc.builtins
                0x00000000        0x0 d:/program files/microchip/mplabx/v5.20/avr8-gnu-toolchain-win32_x86/bin/../lib/gcc/avr/5.4.0/avr4\libgcc.a(_negsi2.o)
 .text.libgcc.fmul
                0x00000000        0x0 d:/program files/microchip/mplabx/v5.20/avr8-gnu-toolchain-win32_x86/bin/../lib/gcc/avr/5.4.0/avr4\libgcc.a(_negsi2.o)
 .text.libgcc.fixed
                0x00000000        0x0 d:/program files/microchip/mplabx/v5.20/avr8-gnu-toolchain-win32_x86/bin/../lib/gcc/avr/5.4.0/avr4\libgcc.a(_negsi2.o)
 .text          0x00000000        0x0 d:/program files/microchip/mplabx/v5.20/avr8-gnu-toolchain-win32_x86/bin/../lib/gcc/avr/5.4.0/avr4\libgcc.a(_exit.o)
 .data          0x00000000        0x0 d:/program files/microchip/mplabx/v5.20/avr8-gnu-toolchain-win32_x86/bin/../lib/gcc/avr/5.4.0/avr4\libgcc.a(_exit.o)
 .bss           0x00000000        0x0 d:/program files/microchip/mplabx/v5.20/avr8-gnu-toolchain-win32_x86/bin/../lib/gcc/avr/5.4.0/avr4\libgcc.a(_exit.o)
 .text.libgcc.mul
                0x00000000        0x0 d:/program files/microchip/mplabx/v5.20/avr8-gnu-toolchain-win32_x86/bin/../lib/gcc/avr/5.4.0/avr4\libgcc.a(_exit.o)
 .text.libgcc.div
                0x00000000        0x0 d:/program files/microchip/mplabx/v5.20/avr8-gnu-toolchain-win32_x86/bin/../lib/gcc/avr/5.4.0/avr4\libgcc.a(_exit.o)
 .text.libgcc   0x00000000        0x0 d:/program files/microchip/mplabx/v5.20/avr8-gnu-toolchain-win32_x86/bin/../lib/gcc/avr/5.4.0/avr4\libgcc.a(_exit.o)
 .text.libgcc.prologue
                0x00000000        0x0 d:/program files/microchip/mplabx/v5.20/avr8-gnu-toolchain-win32_x86/bin/../lib/gcc/avr/5.4.0/avr4\libgcc.a(_exit.o)
 .text.libgcc.builtins
                0x00000000        0x0 d:/program files/microchip/mplabx/v5.20/avr8-gnu-toolchain-win32_x86/bin/../lib/gcc/avr/5.4.0/avr4\libgcc.a(_exit.o)
 .text.libgcc.fmul
                0x00000000        0x0 d:/program files/microchip/mplabx/v5.20/avr8-gnu-toolchain-win32_x86/bin/../lib/gcc/avr/5.4.0/avr4\libgcc.a(_exit.o)
 .text.libgcc.fixed
                0x00000000        0x0 d:/program files/microchip/mplabx/v5.20/avr8-gnu-toolchain-win32_x86/bin/../lib/gcc/avr/5.4.0/avr4\libgcc.a(_exit.o)
 .text          0x00000000        0x0 d:/program files/microchip/mplabx/v5.20/avr8-gnu-toolchain-win32_x86/bin/../lib/gcc/avr/5.4.0/avr4\libgcc.a(_copy_data.o)
 .data          0x00000000        0x0 d:/program files/microchip/mplabx/v5.20/avr8-gnu-toolchain-win32_x86/bin/../lib/gcc/avr/5.4.0/avr4\libgcc.a(_copy_data.o)
 .bss           0x00000000        0x0 d:/program files/microchip/mplabx/v5.20/avr8-gnu-toolchain-win32_x86/bin/../lib/gcc/avr/5.4.0/avr4\libgcc.a(_copy_data.o)
 .text.libgcc.mul
                0x00000000        0x0 d:/program files/microchip/mplabx/v5.20/avr8-gnu-toolchain-win32_x86/bin/../lib/gcc/avr/5.4.0/avr4\libgcc.a(_copy_data.o)
 .text.libgcc.div
                0x00000000        0x0 d:/program files/microchip/mplabx/v5.20/avr8-gnu-toolchain-win32_x86/bin/../lib/gcc/avr/5.4.0/avr4\libgcc.a(_copy_data.o)
 .text.libgcc   0x00000000        0x0 d:/program files/microchip/mplabx/v5.20/avr8-gnu-toolchain-win32_x86/bin/../lib/gcc/avr/5.4.0/avr4\libgcc.a(_copy_data.o)
 .text.libgcc.prologue
                0x00000000        0x0 d:/program files/microchip/mplabx/v5.20/avr8-gnu-toolchain-win32_x86/bin/../lib/gcc/avr/5.4.0/avr4\libgcc.a(_copy_data.o)
 .text.libgcc.builtins
                0x00000000        0x0 d:/program files/microchip/mplabx/v5.20/avr8-gnu-toolchain-win32_x86/bin/../lib/gcc/avr/5.4.0/avr4\libgcc.a(_copy_data.o)
 .text.libgcc.fmul
                0x00000000        0x0 d:/program files/microchip/mplabx/v5.20/avr8-gnu-toolchain-win32_x86/bin/../lib/gcc/avr/5.4.0/avr4\libgcc.a(_copy_data.o)
 .text.libgcc.fixed
                0x00000000        0x0 d:/program files/microchip/mplabx/v5.20/avr8-gnu-toolchain-win32_x86/bin/../lib/gcc/avr/5.4.0/avr4\libgcc.a(_copy_data.o)
 .text          0x00000000        0x0 d:/program files/microchip/mplabx/v5.20/avr8-gnu-toolchain-win32_x86/bin/../lib/gcc/avr/5.4.0/avr4\libgcc.a(_clear_bss.o)
 .data          0x00000000        0x0 d:/program files/microchip/mplabx/v5.20/avr8-gnu-toolchain-win32_x86/bin/../lib/gcc/avr/5.4.0/avr4\libgcc.a(_clear_bss.o)
 .bss           0x00000000        0x0 d:/program files/microchip/mplabx/v5.20/avr8-gnu-toolchain-win32_x86/bin/../lib/gcc/avr/5.4.0/avr4\libgcc.a(_clear_bss.o)
 .text.libgcc.mul
                0x00000000        0x0 d:/program files/microchip/mplabx/v5.20/avr8-gnu-toolchain-win32_x86/bin/../lib/gcc/avr/5.4.0/avr4\libgcc.a(_clear_bss.o)
 .text.libgcc.div
                0x00000000        0x0 d:/program files/microchip/mplabx/v5.20/avr8-gnu-toolchain-win32_x86/bin/../lib/gcc/avr/5.4.0/avr4\libgcc.a(_clear_bss.o)
 .text.libgcc   0x00000000        0x0 d:/program files/microchip/mplabx/v5.20/avr8-gnu-toolchain-win32_x86/bin/../lib/gcc/avr/5.4.0/avr4\libgcc.a(_clear_bss.o)
 .text.libgcc.prologue
                0x00000000        0x0 d:/program files/microchip/mplabx/v5.20/avr8-gnu-toolchain-win32_x86/bin/../lib/gcc/avr/5.4.0/avr4\libgcc.a(_clear_bss.o)
 .text.libgcc.builtins
                0x00000000        0x0 d:/program files/microchip/mplabx/v5.20/avr8-gnu-toolchain-win32_x86/bin/../lib/gcc/avr/5.4.0/avr4\libgcc.a(_clear_bss.o)
 .text.libgcc.fmul
                0x00000000        0x0 d:/program files/microchip/mplabx/v5.20/avr8-gnu-toolchain-win32_x86/bin/../lib/gcc/avr/5.4.0/avr4\libgcc.a(_clear_bss.o)
 .text.libgcc.fixed
                0x00000000        0x0 d:/program files/microchip/mplabx/v5.20/avr8-gnu-toolchain-win32_x86/bin/../lib/gcc/avr/5.4.0/avr4\libgcc.a(_clear_bss.o)
 .text          0x00000000        0x0 d:/program files/microchip/mplabx/v5.20/avr8-gnu-toolchain-win32_x86/bin/../lib/gcc/avr/5.4.0/avr4\libgcc.a(_divdi3.o)
 .data          0x00000000        0x0 d:/program files/microchip/mplabx/v5.20/avr8-gnu-toolchain-win32_x86/bin/../lib/gcc/avr/5.4.0/avr4\libgcc.a(_divdi3.o)
 .bss           0x00000000        0x0 d:/program files/microchip/mplabx/v5.20/avr8-gnu-toolchain-win32_x86/bin/../lib/gcc/avr/5.4.0/avr4\libgcc.a(_divdi3.o)
 .text.libgcc.mul
                0x00000000        0x0 d:/program files/microchip/mplabx/v5.20/avr8-gnu-toolchain-win32_x86/bin/../lib/gcc/avr/5.4.0/avr4\libgcc.a(_divdi3.o)
 .text.libgcc.div
                0x00000000       0x56 d:/program files/microchip/mplabx/v5.20/avr8-gnu-toolchain-win32_x86/bin/../lib/gcc/avr/5.4.0/avr4\libgcc.a(_divdi3.o)
 .text.libgcc   0x00000000        0x0 d:/program files/microchip/mplabx/v5.20/avr8-gnu-toolchain-win32_x86/bin/../lib/gcc/avr/5.4.0/avr4\libgcc.a(_divdi3.o)
 .text.libgcc.prologue
                0x00000000        0x0 d:/program files/microchip/mplabx/v5.20/avr8-gnu-toolchain-win32_x86/bin/../lib/gcc/avr/5.4.0/avr4\libgcc.a(_divdi3.o)
 .text.libgcc.builtins
                0x00000000        0x0 d:/program files/microchip/mplabx/v5.20/avr8-gnu-toolchain-win32_x86/bin/../lib/gcc/avr/5.4.0/avr4\libgcc.a(_divdi3.o)
 .text.libgcc.fmul
                0x00000000        0x0 d:/program files/microchip/mplabx/v5.20/avr8-gnu-toolchain-win32_x86/bin/../lib/gcc/avr/5.4.0/avr4\libgcc.a(_divdi3.o)
 .text.libgcc.fixed
                0x00000000        0x0 d:/program files/microchip/mplabx/v5.20/avr8-gnu-toolchain-win32_x86/bin/../lib/gcc/avr/5.4.0/avr4\libgcc.a(_divdi3.o)
 .text          0x00000000        0x0 d:/program files/microchip/mplabx/v5.20/avr8-gnu-toolchain-win32_x86/bin/../lib/gcc/avr/5.4.0/avr4\libgcc.a(_udivdi3.o)
 .data          0x00000000        0x0 d:/program files/microchip/mplabx/v5.20/avr8-gnu-toolchain-win32_x86/bin/../lib/gcc/avr/5.4.0/avr4\libgcc.a(_udivdi3.o)
 .bss           0x00000000        0x0 d:/program files/microchip/mplabx/v5.20/avr8-gnu-toolchain-win32_x86/bin/../lib/gcc/avr/5.4.0/avr4\libgcc.a(_udivdi3.o)
 .text.libgcc.mul
                0x00000000        0x0 d:/program files/microchip/mplabx/v5.20/avr8-gnu-toolchain-win32_x86/bin/../lib/gcc/avr/5.4.0/avr4\libgcc.a(_udivdi3.o)
 .text.libgcc.div
                0x00000000       0x1a d:/program files/microchip/mplabx/v5.20/avr8-gnu-toolchain-win32_x86/bin/../lib/gcc/avr/5.4.0/avr4\libgcc.a(_udivdi3.o)
 .text.libgcc   0x00000000        0x0 d:/program files/microchip/mplabx/v5.20/avr8-gnu-toolchain-win32_x86/bin/../lib/gcc/avr/5.4.0/avr4\libgcc.a(_udivdi3.o)
 .text.libgcc.prologue
                0x00000000        0x0 d:/program files/microchip/mplabx/v5.20/avr8-gnu-toolchain-win32_x86/bin/../lib/gcc/avr/5.4.0/avr4\libgcc.a(_udivdi3.o)
 .text.libgcc.builtins
                0x00000000        0x0 d:/program files/microchip/mplabx/v5.20/avr8-gnu-toolchain-win32_x86/bin/../lib/gcc/avr/5.4.0/avr4\libgcc.a(_udivdi3.o)
 .text.libgcc.fmul
                0x00000000        0x0 d:/program files/microchip/mplabx/v5.20/avr8-gnu-toolchain-win32_x86/bin/../lib/gcc/avr/5.4.0/avr4\libgcc.a(_udivdi3.o)
 .text.libgcc.fixed
                0x00000000        0x0 d:/program files/microchip/mplabx/v5.20/avr8-gnu-toolchain-win32_x86/bin/../lib/gcc/avr/5.4.0/avr4\libgcc.a(_udivdi3.o)
 .text          0x00000000        0x0 d:/program files/microchip/mplabx/v5.20/avr8-gnu-toolchain-win32_x86/bin/../lib/gcc/avr/5.4.0/avr4\libgcc.a(_udivmod64.o)
 .data          0x00000000        0x0 d:/program files/microchip/mplabx/v5.20/avr8-gnu-toolchain-win32_x86/bin/../lib/gcc/avr/5.4.0/avr4\libgcc.a(_udivmod64.o)
 .bss           0x00000000        0x0 d:/program files/microchip/mplabx/v5.20/avr8-gnu-toolchain-win32_x86/bin/../lib/gcc/avr/5.4.0/avr4\libgcc.a(_udivmod64.o)
 .text.libgcc.mul
                0x00000000        0x0 d:/program files/microchip/mplabx/v5.20/avr8-gnu-toolchain-win32_x86/bin/../lib/gcc/avr/5.4.0/avr4\libgcc.a(_udivmod64.o)
 .text.libgcc.div
                0x00000000       0x7e d:/program files/microchip/mplabx/v5.20/avr8-gnu-toolchain-win32_x86/bin/../lib/gcc/avr/5.4.0/avr4\libgcc.a(_udivmod64.o)
 .text.libgcc   0x00000000        0x0 d:/program files/microchip/mplabx/v5.20/avr8-gnu-toolchain-win32_x86/bin/../lib/gcc/avr/5.4.0/avr4\libgcc.a(_udivmod64.o)
 .text.libgcc.prologue
                0x00000000        0x0 d:/program files/microchip/mplabx/v5.20/avr8-gnu-toolchain-win32_x86/bin/../lib/gcc/avr/5.4.0/avr4\libgcc.a(_udivmod64.o)
 .text.libgcc.builtins
                0x00000000        0x0 d:/program files/microchip/mplabx/v5.20/avr8-gnu-toolchain-win32_x86/bin/../lib/gcc/avr/5.4.0/avr4\libgcc.a(_udivmod64.o)
 .text.libgcc.fmul
                0x00000000        0x0 d:/program files/microchip/mplabx/v5.20/avr8-gnu-toolchain-win32_x86/bin/../lib/gcc/avr/5.4.0/avr4\libgcc.a(_udivmod64.o)
 .text.libgcc.fixed
                0x00000000        0x0 d:/program files/microchip/mplabx/v5.20/avr8-gnu-toolchain-win32_x86/bin/../lib/gcc/avr/5.4.0/avr4\libgcc.a(_udivmod64.o)
 .text          0x00000000        0x0 d:/program files/microchip/mplabx/v5.20/avr8-gnu-toolchain-win32_x86/bin/../lib/gcc/avr/5.4.0/avr4\libgcc.a(_negdi2.o)
 .data          0x00000000        0x0 d:/program files/microchip/mplabx/v5.20/avr8-gnu-toolchain-win32_x86/bin/../lib/gcc/avr/5.4.0/avr4\libgcc.a(_negdi2.o)
 .bss           0x00000000        0x0 d:/program files/microchip/mplabx/v5.20/avr8-gnu-toolchain-win32_x86/bin/../lib/gcc/avr/5.4.0/avr4\libgcc.a(_negdi2.o)
 .text.libgcc.mul
                0x00000000        0x0 d:/program files/microchip/mplabx/v5.20/avr8-gnu-toolchain-win32_x86/bin/../lib/gcc/avr/5.4.0/avr4\libgcc.a(_negdi2.o)
 .text.libgcc.div
                0x00000000        0x0 d:/program files/microchip/mplabx/v5.20/avr8-gnu-toolchain-win32_x86/bin/../lib/gcc/avr/5.4.0/avr4\libgcc.a(_negdi2.o)
 .text.libgcc   0x00000000       0x20 d:/program files/microchip/mplabx/v5.20/avr8-gnu-toolchain-win32_x86/bin/../lib/gcc/avr/5.4.0/avr4\libgcc.a(_negdi2.o)
 .text.libgcc.prologue
                0x00000000        0x0 d:/program files/microchip/mplabx/v5.20/avr8-gnu-toolchain-win32_x86/bin/../lib/gcc/avr/5.4.0/avr4\libgcc.a(_negdi2.o)
 .text.libgcc.builtins
                0x00000000        0x0 d:/program files/microchip/mplabx/v5.20/avr8-gnu-toolchain-win32_x86/bin/../lib/gcc/avr/5.4.0/avr4\libgcc.a(_negdi2.o)
 .text.libgcc.fmul
                0x00000000        0x0 d:/program files/microchip/mplabx/v5.20/avr8-gnu-toolchain-win32_x86/bin/../lib/gcc/avr/5.4.0/avr4\libgcc.a(_negdi2.o)
 .text.libgcc.fixed
                0x00000000        0x0 d:/program files/microchip/mplabx/v5.20/avr8-gnu-toolchain-win32_x86/bin/../lib/gcc/avr/5.4.0/avr4\libgcc.a(_negdi2.o)
 .text          0x00000000        0x0 d:/program files/microchip/mplabx/v5.20/avr8-gnu-toolchain-win32_x86/bin/../lib/gcc/avr/5.4.0/avr4\libgcc.a(_prologue.o)
 .data          0x00000000        0x0 d:/program files/microchip/mplabx/v5.20/avr8-gnu-toolchain-win32_x86/bin/../lib/gcc/avr/5.4.0/avr4\libgcc.a(_prologue.o)
 .bss           0x00000000        0x0 d:/program files/microchip/mplabx/v5.20/avr8-gnu-toolchain-win32_x86/bin/../lib/gcc/avr/5.4.0/avr4\libgcc.a(_prologue.o)
 .text.libgcc.mul
                0x00000000        0x0 d:/program files/microchip/mplabx/v5.20/avr8-gnu-toolchain-win32_x86/bin/../lib/gcc/avr/5.4.0/avr4\libgcc.a(_prologue.o)
 .text.libgcc.div
                0x00000000        0x0 d:/program files/microchip/mplabx/v5.20/avr8-gnu-toolchain-win32_x86/bin/../lib/gcc/avr/5.4.0/avr4\libgcc.a(_prologue.o)
 .text.libgcc   0x00000000        0x0 d:/program files/microchip/mplabx/v5.20/avr8-gnu-toolchain-win32_x86/bin/../lib/gcc/avr/5.4.0/avr4\libgcc.a(_prologue.o)
 .text.libgcc.prologue
                0x00000000       0x38 d:/program files/microchip/mplabx/v5.20/avr8-gnu-toolchain-win32_x86/bin/../lib/gcc/avr/5.4.0/avr4\libgcc.a(_prologue.o)
 .text.libgcc.builtins
                0x00000000        0x0 d:/program files/microchip/mplabx/v5.20/avr8-gnu-toolchain-win32_x86/bin/../lib/gcc/avr/5.4.0/avr4\libgcc.a(_prologue.o)
 .text.libgcc.fmul
                0x00000000        0x0 d:/program files/microchip/mplabx/v5.20/avr8-gnu-toolchain-win32_x86/bin/../lib/gcc/avr/5.4.0/avr4\libgcc.a(_prologue.o)
 .text.libgcc.fixed
                0x00000000        0x0 d:/program files/microchip/mplabx/v5.20/avr8-gnu-toolchain-win32_x86/bin/../lib/gcc/avr/5.4.0/avr4\libgcc.a(_prologue.o)
 .text          0x00000000        0x0 d:/program files/microchip/mplabx/v5.20/avr8-gnu-toolchain-win32_x86/bin/../lib/gcc/avr/5.4.0/avr4\libgcc.a(_epilogue.o)
 .data          0x00000000        0x0 d:/program files/microchip/mplabx/v5.20/avr8-gnu-toolchain-win32_x86/bin/../lib/gcc/avr/5.4.0/avr4\libgcc.a(_epilogue.o)
 .bss           0x00000000        0x0 d:/program files/microchip/mplabx/v5.20/avr8-gnu-toolchain-win32_x86/bin/../lib/gcc/avr/5.4.0/avr4\libgcc.a(_epilogue.o)
 .text.libgcc.mul
                0x00000000        0x0 d:/program files/microchip/mplabx/v5.20/avr8-gnu-toolchain-win32_x86/bin/../lib/gcc/avr/5.4.0/avr4\libgcc.a(_epilogue.o)
 .text.libgcc.div
                0x00000000        0x0 d:/program files/microchip/mplabx/v5.20/avr8-gnu-toolchain-win32_x86/bin/../lib/gcc/avr/5.4.0/avr4\libgcc.a(_epilogue.o)
 .text.libgcc   0x00000000        0x0 d:/program files/microchip/mplabx/v5.20/avr8-gnu-toolchain-win32_x86/bin/../lib/gcc/avr/5.4.0/avr4\libgcc.a(_epilogue.o)
 .text.libgcc.prologue
                0x00000000       0x36 d:/program files/microchip/mplabx/v5.20/avr8-gnu-toolchain-win32_x86/bin/../lib/gcc/avr/5.4.0/avr4\libgcc.a(_epilogue.o)
 .text.libgcc.builtins
                0x00000000        0x0 d:/program files/microchip/mplabx/v5.20/avr8-gnu-toolchain-win32_x86/bin/../lib/gcc/avr/5.4.0/avr4\libgcc.a(_epilogue.o)
 .text.libgcc.fmul
                0x00000000        0x0 d:/program files/microchip/mplabx/v5.20/avr8-gnu-toolchain-win32_x86/bin/../lib/gcc/avr/5.4.0/avr4\libgcc.a(_epilogue.o)
 .text.libgcc.fixed
                0x00000000        0x0 d:/program files/microchip/mplabx/v5.20/avr8-gnu-toolchain-win32_x86/bin/../lib/gcc/avr/5.4.0/avr4\libgcc.a(_epilogue.o)
 .text          0x00000000        0x0 d:/program files/microchip/mplabx/v5.20/avr8-gnu-toolchain-win32_x86/bin/../lib/gcc/avr/5.4.0/avr4\libgcc.a(_ashldi3.o)
 .data          0x00000000        0x0 d:/program files/microchip/mplabx/v5.20/avr8-gnu-toolchain-win32_x86/bin/../lib/gcc/avr/5.4.0/avr4\libgcc.a(_ashldi3.o)
 .bss           0x00000000        0x0 d:/program files/microchip/mplabx/v5.20/avr8-gnu-toolchain-win32_x86/bin/../lib/gcc/avr/5.4.0/avr4\libgcc.a(_ashldi3.o)
 .text.libgcc.mul
                0x00000000        0x0 d:/program files/microchip/mplabx/v5.20/avr8-gnu-toolchain-win32_x86/bin/../lib/gcc/avr/5.4.0/avr4\libgcc.a(_ashldi3.o)
 .text.libgcc.div
                0x00000000        0x0 d:/program files/microchip/mplabx/v5.20/avr8-gnu-toolchain-win32_x86/bin/../lib/gcc/avr/5.4.0/avr4\libgcc.a(_ashldi3.o)
 .text.libgcc   0x00000000        0x0 d:/program files/microchip/mplabx/v5.20/avr8-gnu-toolchain-win32_x86/bin/../lib/gcc/avr/5.4.0/avr4\libgcc.a(_ashldi3.o)
 .text.libgcc.prologue
                0x00000000        0x0 d:/program files/microchip/mplabx/v5.20/avr8-gnu-toolchain-win32_x86/bin/../lib/gcc/avr/5.4.0/avr4\libgcc.a(_ashldi3.o)
 .text.libgcc.builtins
                0x00000000       0x32 d:/program files/microchip/mplabx/v5.20/avr8-gnu-toolchain-win32_x86/bin/../lib/gcc/avr/5.4.0/avr4\libgcc.a(_ashldi3.o)
 .text.libgcc.fmul
                0x00000000        0x0 d:/program files/microchip/mplabx/v5.20/avr8-gnu-toolchain-win32_x86/bin/../lib/gcc/avr/5.4.0/avr4\libgcc.a(_ashldi3.o)
 .text.libgcc.fixed
                0x00000000        0x0 d:/program files/microchip/mplabx/v5.20/avr8-gnu-toolchain-win32_x86/bin/../lib/gcc/avr/5.4.0/avr4\libgcc.a(_ashldi3.o)
 .text          0x00000000        0x0 d:/program files/microchip/mplabx/v5.20/avr8-gnu-toolchain-win32_x86/bin/../lib/gcc/avr/5.4.0/avr4\libgcc.a(_adddi3.o)
 .data          0x00000000        0x0 d:/program files/microchip/mplabx/v5.20/avr8-gnu-toolchain-win32_x86/bin/../lib/gcc/avr/5.4.0/avr4\libgcc.a(_adddi3.o)
 .bss           0x00000000        0x0 d:/program files/microchip/mplabx/v5.20/avr8-gnu-toolchain-win32_x86/bin/../lib/gcc/avr/5.4.0/avr4\libgcc.a(_adddi3.o)
 .text.libgcc.mul
                0x00000000        0x0 d:/program files/microchip/mplabx/v5.20/avr8-gnu-toolchain-win32_x86/bin/../lib/gcc/avr/5.4.0/avr4\libgcc.a(_adddi3.o)
 .text.libgcc.div
                0x00000000        0x0 d:/program files/microchip/mplabx/v5.20/avr8-gnu-toolchain-win32_x86/bin/../lib/gcc/avr/5.4.0/avr4\libgcc.a(_adddi3.o)
 .text.libgcc.prologue
                0x00000000        0x0 d:/program files/microchip/mplabx/v5.20/avr8-gnu-toolchain-win32_x86/bin/../lib/gcc/avr/5.4.0/avr4\libgcc.a(_adddi3.o)
 .text.libgcc.builtins
                0x00000000        0x0 d:/program files/microchip/mplabx/v5.20/avr8-gnu-toolchain-win32_x86/bin/../lib/gcc/avr/5.4.0/avr4\libgcc.a(_adddi3.o)
 .text.libgcc.fmul
                0x00000000        0x0 d:/program files/microchip/mplabx/v5.20/avr8-gnu-toolchain-win32_x86/bin/../lib/gcc/avr/5.4.0/avr4\libgcc.a(_adddi3.o)
 .text.libgcc.fixed
                0x00000000        0x0 d:/program files/microchip/mplabx/v5.20/avr8-gnu-toolchain-win32_x86/bin/../lib/gcc/avr/5.4.0/avr4\libgcc.a(_adddi3.o)
 .text          0x00000000        0x0 d:/program files/microchip/mplabx/v5.20/avr8-gnu-toolchain-win32_x86/bin/../lib/gcc/avr/5.4.0/avr4\libgcc.a(_cmpdi2_s8.o)
 .data          0x00000000        0x0 d:/program files/microchip/mplabx/v5.20/avr8-gnu-toolchain-win32_x86/bin/../lib/gcc/avr/5.4.0/avr4\libgcc.a(_cmpdi2_s8.o)
 .bss           0x00000000        0x0 d:/program files/microchip/mplabx/v5.20/avr8-gnu-toolchain-win32_x86/bin/../lib/gcc/avr/5.4.0/avr4\libgcc.a(_cmpdi2_s8.o)
 .text.libgcc.mul
                0x00000000        0x0 d:/program files/microchip/mplabx/v5.20/avr8-gnu-toolchain-win32_x86/bin/../lib/gcc/avr/5.4.0/avr4\libgcc.a(_cmpdi2_s8.o)
 .text.libgcc.div
                0x00000000        0x0 d:/program files/microchip/mplabx/v5.20/avr8-gnu-toolchain-win32_x86/bin/../lib/gcc/avr/5.4.0/avr4\libgcc.a(_cmpdi2_s8.o)
 .text.libgcc   0x00000000       0x18 d:/program files/microchip/mplabx/v5.20/avr8-gnu-toolchain-win32_x86/bin/../lib/gcc/avr/5.4.0/avr4\libgcc.a(_cmpdi2_s8.o)
 .text.libgcc.prologue
                0x00000000        0x0 d:/program files/microchip/mplabx/v5.20/avr8-gnu-toolchain-win32_x86/bin/../lib/gcc/avr/5.4.0/avr4\libgcc.a(_cmpdi2_s8.o)
 .text.libgcc.builtins
                0x00000000        0x0 d:/program files/microchip/mplabx/v5.20/avr8-gnu-toolchain-win32_x86/bin/../lib/gcc/avr/5.4.0/avr4\libgcc.a(_cmpdi2_s8.o)
 .text.libgcc.fmul
                0x00000000        0x0 d:/program files/microchip/mplabx/v5.20/avr8-gnu-toolchain-win32_x86/bin/../lib/gcc/avr/5.4.0/avr4\libgcc.a(_cmpdi2_s8.o)
 .text.libgcc.fixed
                0x00000000        0x0 d:/program files/microchip/mplabx/v5.20/avr8-gnu-toolchain-win32_x86/bin/../lib/gcc/avr/5.4.0/avr4\libgcc.a(_cmpdi2_s8.o)
 .text          0x00000000        0x0 d:/program files/microchip/mplabx/v5.20/avr8-gnu-toolchain-win32_x86/bin/../lib/gcc/avr/5.4.0/avr4\libgcc.a(_udivmodsi4.o)
 .data          0x00000000        0x0 d:/program files/microchip/mplabx/v5.20/avr8-gnu-toolchain-win32_x86/bin/../lib/gcc/avr/5.4.0/avr4\libgcc.a(_udivmodsi4.o)
 .bss           0x00000000        0x0 d:/program files/microchip/mplabx/v5.20/avr8-gnu-toolchain-win32_x86/bin/../lib/gcc/avr/5.4.0/avr4\libgcc.a(_udivmodsi4.o)
 .text.libgcc.mul
                0x00000000        0x0 d:/program files/microchip/mplabx/v5.20/avr8-gnu-toolchain-win32_x86/bin/../lib/gcc/avr/5.4.0/avr4\libgcc.a(_udivmodsi4.o)
 .text.libgcc   0x00000000        0x0 d:/program files/microchip/mplabx/v5.20/avr8-gnu-toolchain-win32_x86/bin/../lib/gcc/avr/5.4.0/avr4\libgcc.a(_udivmodsi4.o)
 .text.libgcc.prologue
                0x00000000        0x0 d:/program files/microchip/mplabx/v5.20/avr8-gnu-toolchain-win32_x86/bin/../lib/gcc/avr/5.4.0/avr4\libgcc.a(_udivmodsi4.o)
 .text.libgcc.builtins
                0x00000000        0x0 d:/program files/microchip/mplabx/v5.20/avr8-gnu-toolchain-win32_x86/bin/../lib/gcc/avr/5.4.0/avr4\libgcc.a(_udivmodsi4.o)
 .text.libgcc.fmul
                0x00000000        0x0 d:/program files/microchip/mplabx/v5.20/avr8-gnu-toolchain-win32_x86/bin/../lib/gcc/avr/5.4.0/avr4\libgcc.a(_udivmodsi4.o)
 .text.libgcc.fixed
                0x00000000        0x0 d:/program files/microchip/mplabx/v5.20/avr8-gnu-toolchain-win32_x86/bin/../lib/gcc/avr/5.4.0/avr4\libgcc.a(_udivmodsi4.o)

Memory Configuration

Name             Origin             Length             Attributes
text             0x00000000         0x00002000         xr
data             0x00800060         0x00000400         rw !x
eeprom           0x00810000         0x00000200         rw !x
fuse             0x00820000         0x00000002         rw !x
lock             0x00830000         0x00000400         rw !x
signature        0x00840000         0x00000400         rw !x
user_signatures  0x00850000         0x00000400         rw !x
*default*        0x00000000         0xffffffff

Linker script and memory map

LOAD D:/Program files/Microchip/MPLABX/v5.30/packs/Microchip/ATmega_DFP/2.0.12/gcc/dev/atmega8a/avr4/crtatmega8a.o
LOAD build/default/production/main.o
LOAD build/default/production/ADS1115.o
LOAD build/default/production/PCD8544.o
LOAD build/default/production/SPI.o
LOAD build/default/production/TWI.o
LOAD build/default/production/UART.o
LOAD build/default/production/VAW_functions.o
LOAD build/default/production/timer_0.o
                0x00000001                __MPLAB_BUILD = 0x1
START GROUP
LOAD d:/program files/microchip/mplabx/v5.20/avr8-gnu-toolchain-win32_x86/bin/../lib/gcc/avr/5.4.0/../../../../avr/lib/avr4\libm.a
END GROUP
START GROUP
LOAD d:/program files/microchip/mplabx/v5.20/avr8-gnu-toolchain-win32_x86/bin/../lib/gcc/avr/5.4.0/avr4\libgcc.a
LOAD d:/program files/microchip/mplabx/v5.20/avr8-gnu-toolchain-win32_x86/bin/../lib/gcc/avr/5.4.0/../../../../avr/lib/avr4\libm.a
LOAD d:/program files/microchip/mplabx/v5.20/avr8-gnu-toolchain-win32_x86/bin/../lib/gcc/avr/5.4.0/../../../../avr/lib/avr4\libc.a
LOAD D:/Program files/Microchip/MPLABX/v5.30/packs/Microchip/ATmega_DFP/2.0.12/gcc/dev/atmega8a/avr4\libatmega8a.a
END GROUP
                [0x00002000]                __TEXT_REGION_LENGTH__ = DEFINED (__TEXT_REGION_LENGTH__)?__TEXT_REGION_LENGTH__:0x2000
                [0x00000400]                __DATA_REGION_LENGTH__ = DEFINED (__DATA_REGION_LENGTH__)?__DATA_REGION_LENGTH__:0xffa0
                [0x00000200]                __EEPROM_REGION_LENGTH__ = DEFINED (__EEPROM_REGION_LENGTH__)?__EEPROM_REGION_LENGTH__:0x10000
                [0x00000002]                __FUSE_REGION_LENGTH__ = DEFINED (__FUSE_REGION_LENGTH__)?__FUSE_REGION_LENGTH__:0x400
                0x00000400                __LOCK_REGION_LENGTH__ = DEFINED (__LOCK_REGION_LENGTH__)?__LOCK_REGION_LENGTH__:0x400
                0x00000400                __SIGNATURE_REGION_LENGTH__ = DEFINED (__SIGNATURE_REGION_LENGTH__)?__SIGNATURE_REGION_LENGTH__:0x400
                0x00000400                __USER_SIGNATURE_REGION_LENGTH__ = DEFINED (__USER_SIGNATURE_REGION_LENGTH__)?__USER_SIGNATURE_REGION_LENGTH__:0x400

.hash
 *(.hash)

.dynsym
 *(.dynsym)

.dynstr
 *(.dynstr)

.gnu.version
 *(.gnu.version)

.gnu.version_d
 *(.gnu.version_d)

.gnu.version_r
 *(.gnu.version_r)

.rel.init
 *(.rel.init)

.rela.init
 *(.rela.init)

.rel.text
 *(.rel.text)
 *(.rel.text.*)
 *(.rel.gnu.linkonce.t*)

.rela.text
 *(.rela.text)
 *(.rela.text.*)
 *(.rela.gnu.linkonce.t*)

.rel.fini
 *(.rel.fini)

.rela.fini
 *(.rela.fini)

.rel.rodata
 *(.rel.rodata)
 *(.rel.rodata.*)
 *(.rel.gnu.linkonce.r*)

.rela.rodata
 *(.rela.rodata)
 *(.rela.rodata.*)
 *(.rela.gnu.linkonce.r*)

.rel.data
 *(.rel.data)
 *(.rel.data.*)
 *(.rel.gnu.linkonce.d*)

.rela.data
 *(.rela.data)
 *(.rela.data.*)
 *(.rela.gnu.linkonce.d*)

.rel.ctors
 *(.rel.ctors)

.rela.ctors
 *(.rela.ctors)

.rel.dtors
 *(.rel.dtors)

.rela.dtors
 *(.rela.dtors)

.rel.got
 *(.rel.got)

.rela.got
 *(.rela.got)

.rel.bss
 *(.rel.bss)

.rela.bss
 *(.rela.bss)

.rel.plt
 *(.rel.plt)

.rela.plt
 *(.rela.plt)

.text           0x00000000      0xacc
 *(.vectors)
 .vectors       0x00000000       0x26 D:/Program files/Microchip/MPLABX/v5.30/packs/Microchip/ATmega_DFP/2.0.12/gcc/dev/atmega8a/avr4/crtatmega8a.o
                0x00000000                __vector_default
                0x00000000                __vectors
 *(.vectors)
 *(.progmem.gcc*)
                0x00000026                . = ALIGN (0x2)
                0x00000026                __trampolines_start = .
 *(.trampolines)
 .trampolines   0x00000026        0x0 linker stubs
 *(.trampolines*)
                0x00000026                __trampolines_end = .
 *libprintf_flt.a:*(.progmem.data)
 *libc.a:*(.progmem.data)
 *(.progmem*)
                0x00000026                . = ALIGN (0x2)
 *(.jumptables)
 *(.jumptables*)
 *(.lowtext)
 *(.lowtext*)
                0x00000026                __ctors_start = .
 *(.ctors)
                0x00000026                __ctors_end = .
                0x00000026                __dtors_start = .
 *(.dtors)
                0x00000026                __dtors_end = .
 SORT(*)(.ctors)
 SORT(*)(.dtors)
 *(.init0)
 .init0         0x00000026        0x0 D:/Program files/Microchip/MPLABX/v5.30/packs/Microchip/ATmega_DFP/2.0.12/gcc/dev/atmega8a/avr4/crtatmega8a.o
                0x00000026                __init
 *(.init0)
 *(.init1)
 *(.init1)
 *(.init2)
 .init2         0x00000026        0xc D:/Program files/Microchip/MPLABX/v5.30/packs/Microchip/ATmega_DFP/2.0.12/gcc/dev/atmega8a/avr4/crtatmega8a.o
 *(.init2)
 *(.init3)
 *(.init3)
 *(.init4)
 .init4         0x00000032       0x16 d:/program files/microchip/mplabx/v5.20/avr8-gnu-toolchain-win32_x86/bin/../lib/gcc/avr/5.4.0/avr4\libgcc.a(_copy_data.o)
                0x00000032                __do_copy_data
 .init4         0x00000048       0x10 d:/program files/microchip/mplabx/v5.20/avr8-gnu-toolchain-win32_x86/bin/../lib/gcc/avr/5.4.0/avr4\libgcc.a(_clear_bss.o)
                0x00000048                __do_clear_bss
 *(.init4)
 *(.init5)
 *(.init5)
 *(.init6)
 *(.init6)
 *(.init7)
 *(.init7)
 *(.init8)
 *(.init8)
 *(.init9)
 .init9         0x00000058        0x4 D:/Program files/Microchip/MPLABX/v5.30/packs/Microchip/ATmega_DFP/2.0.12/gcc/dev/atmega8a/avr4/crtatmega8a.o
 *(.init9)
 *(.text)
 .text          0x0000005c        0x2 D:/Program files/Microchip/MPLABX/v5.30/packs/Microchip/ATmega_DFP/2.0.12/gcc/dev/atmega8a/avr4/crtatmega8a.o
                0x0000005c                __vector_1
                0x0000005c                __vector_12
                0x0000005c                __bad_interrupt
                0x0000005c                __vector_6
                0x0000005c                __vector_3
                0x0000005c                __vector_13
                0x0000005c                __vector_17
                0x0000005c                __vector_7
                0x0000005c                __vector_5
                0x0000005c                __vector_4
                0x0000005c                __vector_2
                0x0000005c                __vector_15
                0x0000005c                __vector_8
                0x0000005c                __vector_14
                0x0000005c                __vector_10
                0x0000005c                __vector_16
                0x0000005c                __vector_18
                0x0000005e                . = ALIGN (0x2)
 *(.text.*)
 .text.main     0x0000005e       0x6e build/default/production/main.o
                0x0000005e                main
 .text.ADS_readReg
                0x000000cc       0x2c build/default/production/ADS1115.o
                0x000000cc                ADS_readReg
 .text.ADS_writeReg
                0x000000f8       0x28 build/default/production/ADS1115.o
                0x000000f8                ADS_writeReg
 .text.ADS_init
                0x00000120       0x32 build/default/production/ADS1115.o
                0x00000120                ADS_init
 .text.ADS_setMUX
                0x00000152       0x3c build/default/production/ADS1115.o
                0x00000152                ADS_setMUX
 .text.ADS_startSingleConv
                0x0000018e        0xe build/default/production/ADS1115.o
                0x0000018e                ADS_startSingleConv
 .text.ADS_readConvReg
                0x0000019c        0x6 build/default/production/ADS1115.o
                0x0000019c                ADS_readConvReg
 .text.ADS_convReady
                0x000001a2        0xe build/default/production/ADS1115.o
                0x000001a2                ADS_convReady
 .text.ADS_readSingle
                0x000001b0        0xe build/default/production/ADS1115.o
                0x000001b0                ADS_readSingle
 .text.PCD_sendCommand
                0x000001be        0xa build/default/production/PCD8544.o
                0x000001be                PCD_sendCommand
 .text.PCD_sendData
                0x000001c8        0xa build/default/production/PCD8544.o
                0x000001c8                PCD_sendData
 .text.PCD_Clrscr
                0x000001d2       0x1c build/default/production/PCD8544.o
                0x000001d2                PCD_Clrscr
 .text.PCD_init
                0x000001ee       0x30 build/default/production/PCD8544.o
                0x000001ee                PCD_init
 .text.PCD_setRAMpos
                0x0000021e       0x26 build/default/production/PCD8544.o
                0x0000021e                PCD_setRAMpos
 .text.PCD_printChar
                0x00000244       0x3e build/default/production/PCD8544.o
                0x00000244                PCD_printChar
 .text.PCD_print
                0x00000282       0x2a build/default/production/PCD8544.o
                0x00000282                PCD_print
 .text.PCD_setCursor
                0x000002ac       0x28 build/default/production/PCD8544.o
                0x000002ac                PCD_setCursor
 .text.PCD_printInt
                0x000002d4      0x170 build/default/production/PCD8544.o
                0x000002d4                PCD_printInt
 .text.SPI_Init
                0x00000444        0xe build/default/production/SPI.o
                0x00000444                SPI_Init
 .text.SPI_Send_byte
                0x00000452        0xc build/default/production/SPI.o
                0x00000452                SPI_Send_byte
 .text.TWI_errorHandler
                0x0000045e       0x22 build/default/production/TWI.o
                0x0000045e                TWI_errorHandler
 .text.TWI_init
                0x00000480        0xe build/default/production/TWI.o
                0x00000480                TWI_init
 .text.TWI_sendByte
                0x0000048e       0x30 build/default/production/TWI.o
                0x0000048e                TWI_sendByte
 .text.TWI_sendStart
                0x000004be       0x26 build/default/production/TWI.o
                0x000004be                TWI_sendStart
 .text.TWI_sendStop
                0x000004e4        0xe build/default/production/TWI.o
                0x000004e4                TWI_sendStop
 .text.TWI_readByte
                0x000004f2       0x20 build/default/production/TWI.o
                0x000004f2                TWI_readByte
 .text.TWI_readLastByte
                0x00000512       0x20 build/default/production/TWI.o
                0x00000512                TWI_readLastByte
 .text.UART_receive
                0x00000532        0x8 build/default/production/UART.o
                0x00000532                UART_receive
 .text.UART_clearBuff
                0x0000053a       0x12 build/default/production/UART.o
                0x0000053a                UART_clearBuff
 .text.__vector_11
                0x0000054c       0x86 build/default/production/UART.o
                0x0000054c                __vector_11
 .text.getRunningAvgV
                0x000005d2       0x52 build/default/production/VAW_functions.o
                0x000005d2                getRunningAvgV
 .text.getRunningAvgC
                0x00000624       0x52 build/default/production/VAW_functions.o
                0x00000624                getRunningAvgC
 .text.__vector_9
                0x00000676       0xb6 build/default/production/timer_0.o
                0x00000676                __vector_9
 .text.avr-libc.fplib
                0x0000072c        0xa d:/program files/microchip/mplabx/v5.20/avr8-gnu-toolchain-win32_x86/bin/../lib/gcc/avr/5.4.0/../../../../avr/lib/avr4\libm.a(addsf3.o)
                0x0000072c                __subsf3
                0x0000072e                __addsf3
 .text.avr-libc.fplib
                0x00000736       0xc0 d:/program files/microchip/mplabx/v5.20/avr8-gnu-toolchain-win32_x86/bin/../lib/gcc/avr/5.4.0/../../../../avr/lib/avr4\libm.a(addsf3x.o)
                0x00000750                __addsf3x
 .text.avr-libc.fplib
                0x000007f6        0xa d:/program files/microchip/mplabx/v5.20/avr8-gnu-toolchain-win32_x86/bin/../lib/gcc/avr/5.4.0/../../../../avr/lib/avr4\libm.a(fixsfsi.o)
                0x000007f6                __fixsfsi
 .text.avr-libc.fplib
                0x00000800       0x58 d:/program files/microchip/mplabx/v5.20/avr8-gnu-toolchain-win32_x86/bin/../lib/gcc/avr/5.4.0/../../../../avr/lib/avr4\libm.a(fixunssfsi.o)
                0x00000800                __fixunssfsi
 .text.avr-libc.fplib
                0x00000858       0x7a d:/program files/microchip/mplabx/v5.20/avr8-gnu-toolchain-win32_x86/bin/../lib/gcc/avr/5.4.0/../../../../avr/lib/avr4\libm.a(floatsisf.o)
                0x00000858                __floatunsisf
                0x0000085c                __floatsisf
 .text.avr-libc.fplib
                0x000008d2        0xc d:/program files/microchip/mplabx/v5.20/avr8-gnu-toolchain-win32_x86/bin/../lib/gcc/avr/5.4.0/../../../../avr/lib/avr4\libm.a(fp_inf.o)
                0x000008d2                __fp_inf
 .text.avr-libc.fplib
                0x000008de        0x6 d:/program files/microchip/mplabx/v5.20/avr8-gnu-toolchain-win32_x86/bin/../lib/gcc/avr/5.4.0/../../../../avr/lib/avr4\libm.a(fp_nan.o)
                0x000008de                __fp_nan
 .text.avr-libc.fplib
                0x000008e4        0xe d:/program files/microchip/mplabx/v5.20/avr8-gnu-toolchain-win32_x86/bin/../lib/gcc/avr/5.4.0/../../../../avr/lib/avr4\libm.a(fp_pscA.o)
                0x000008e4                __fp_pscA
 .text.avr-libc.fplib
                0x000008f2        0xe d:/program files/microchip/mplabx/v5.20/avr8-gnu-toolchain-win32_x86/bin/../lib/gcc/avr/5.4.0/../../../../avr/lib/avr4\libm.a(fp_pscB.o)
                0x000008f2                __fp_pscB
 .text.avr-libc.fplib
                0x00000900       0x22 d:/program files/microchip/mplabx/v5.20/avr8-gnu-toolchain-win32_x86/bin/../lib/gcc/avr/5.4.0/../../../../avr/lib/avr4\libm.a(fp_round.o)
                0x00000900                __fp_round
 .text.avr-libc.fplib
                0x00000922       0x44 d:/program files/microchip/mplabx/v5.20/avr8-gnu-toolchain-win32_x86/bin/../lib/gcc/avr/5.4.0/../../../../avr/lib/avr4\libm.a(fp_split3.o)
                0x00000922                __fp_split3
                0x00000932                __fp_splitA
 .text.avr-libc.fplib
                0x00000966        0xe d:/program files/microchip/mplabx/v5.20/avr8-gnu-toolchain-win32_x86/bin/../lib/gcc/avr/5.4.0/../../../../avr/lib/avr4\libm.a(fp_zero.o)
                0x00000966                __fp_zero
                0x00000968                __fp_szero
 .text.avr-libc.fplib
                0x00000974        0x4 d:/program files/microchip/mplabx/v5.20/avr8-gnu-toolchain-win32_x86/bin/../lib/gcc/avr/5.4.0/../../../../avr/lib/avr4\libm.a(mulsf3.o)
                0x00000974                __mulsf3
 .text.avr-libc.fplib
                0x00000978       0xc2 d:/program files/microchip/mplabx/v5.20/avr8-gnu-toolchain-win32_x86/bin/../lib/gcc/avr/5.4.0/../../../../avr/lib/avr4\libm.a(mulsf3x.o)
                0x0000098c                __mulsf3x
                0x00000990                __mulsf3_pse
 .text.libgcc.div
                0x00000a3a       0x28 d:/program files/microchip/mplabx/v5.20/avr8-gnu-toolchain-win32_x86/bin/../lib/gcc/avr/5.4.0/avr4\libgcc.a(_divmodsi4.o)
                0x00000a3a                __divmodsi4
 .text.libgcc.div
                0x00000a62       0x10 d:/program files/microchip/mplabx/v5.20/avr8-gnu-toolchain-win32_x86/bin/../lib/gcc/avr/5.4.0/avr4\libgcc.a(_negsi2.o)
                0x00000a62                __negsi2
 .text.libgcc   0x00000a72       0x12 d:/program files/microchip/mplabx/v5.20/avr8-gnu-toolchain-win32_x86/bin/../lib/gcc/avr/5.4.0/avr4\libgcc.a(_adddi3.o)
                0x00000a72                __adddi3
 .text.libgcc.div
                0x00000a84       0x44 d:/program files/microchip/mplabx/v5.20/avr8-gnu-toolchain-win32_x86/bin/../lib/gcc/avr/5.4.0/avr4\libgcc.a(_udivmodsi4.o)
                0x00000a84                __udivmodsi4
                0x00000ac8                . = ALIGN (0x2)
 *(.fini9)
 .fini9         0x00000ac8        0x0 d:/program files/microchip/mplabx/v5.20/avr8-gnu-toolchain-win32_x86/bin/../lib/gcc/avr/5.4.0/avr4\libgcc.a(_exit.o)
                0x00000ac8                _exit
                0x00000ac8                exit
 *(.fini9)
 *(.fini8)
 *(.fini8)
 *(.fini7)
 *(.fini7)
 *(.fini6)
 *(.fini6)
 *(.fini5)
 *(.fini5)
 *(.fini4)
 *(.fini4)
 *(.fini3)
 *(.fini3)
 *(.fini2)
 *(.fini2)
 *(.fini1)
 *(.fini1)
 *(.fini0)
 .fini0         0x00000ac8        0x4 d:/program files/microchip/mplabx/v5.20/avr8-gnu-toolchain-win32_x86/bin/../lib/gcc/avr/5.4.0/avr4\libgcc.a(_exit.o)
 *(.fini0)
                0x00000acc                _etext = .

.data           0x00800060      0x1ea load address 0x00000acc
                0x00800060                PROVIDE (__data_start, .)
 *(.data)
 *(.data*)
 *(.gnu.linkonce.d*)
 *(.rodata)
 *(.rodata*)
 .rodata.str1.1
                0x00800060        0xa build/default/production/main.o
 .rodata.ASCII_5x8
                0x0080006a      0x1e0 build/default/production/PCD8544.o
 *(.gnu.linkonce.r*)
                0x0080024a                . = ALIGN (0x2)
                0x0080024a                _edata = .
                0x0080024a                PROVIDE (__data_end, .)

.bss            0x0080024a       0x33
                0x0080024a                PROVIDE (__bss_start, .)
 *(.bss)
 *(.bss*)
 .bss.err       0x0080024a        0x1 build/default/production/TWI.o
                0x0080024a                err
 .bss.rxIndex.2180
                0x0080024b        0x1 build/default/production/UART.o
 .bss.rxFlag    0x0080024c        0x1 build/default/production/UART.o
                0x0080024c                rxFlag
 .bss.filteredVal.2210
                0x0080024d        0x4 build/default/production/VAW_functions.o
 .bss.filteredVal.2206
                0x00800251        0x4 build/default/production/VAW_functions.o
 .bss.uptime    0x00800255        0x8 build/default/production/timer_0.o
                0x00800255                uptime
 .bss.timerInitValue
                0x0080025d        0x1 build/default/production/timer_0.o
                0x0080025d                timerInitValue
 *(COMMON)
 COMMON         0x0080025e       0x1e build/default/production/UART.o
                0x0080025e                rxBuff
 COMMON         0x0080027c        0x1 build/default/production/timer_0.o
                0x0080027c                timer0_period
                0x0080027d                PROVIDE (__bss_end, .)
                0x00000acc                __data_load_start = LOADADDR (.data)
                0x00000cb6                __data_load_end = (__data_load_start + SIZEOF (.data))

.noinit         0x0080027d        0x0
                [!provide]                PROVIDE (__noinit_start, .)
 *(.noinit*)
                [!provide]                PROVIDE (__noinit_end, .)
                0x0080027d                _end = .
                [!provide]                PROVIDE (__heap_start, .)

.eeprom         0x00810000        0x0
 *(.eeprom*)
                0x00810000                __eeprom_end = .

.fuse
 *(.fuse)
 *(.lfuse)
 *(.hfuse)
 *(.efuse)

.lock
 *(.lock*)

.signature
 *(.signature*)

.user_signatures
 *(.user_signatures*)

.stab
 *(.stab)

.stabstr
 *(.stabstr)

.stab.excl
 *(.stab.excl)

.stab.exclstr
 *(.stab.exclstr)

.stab.index
 *(.stab.index)

.stab.indexstr
 *(.stab.indexstr)

.comment        0x00000000       0x30
 *(.comment)
 .comment       0x00000000       0x30 build/default/production/main.o
                                 0x31 (size before relaxing)
 .comment       0x00000030       0x31 build/default/production/ADS1115.o
 .comment       0x00000030       0x31 build/default/production/PCD8544.o
 .comment       0x00000030       0x31 build/default/production/SPI.o
 .comment       0x00000030       0x31 build/default/production/TWI.o
 .comment       0x00000030       0x31 build/default/production/UART.o
 .comment       0x00000030       0x31 build/default/production/VAW_functions.o
 .comment       0x00000030       0x31 build/default/production/timer_0.o

.note.gnu.avr.deviceinfo
                0x00000000       0x3c
 .note.gnu.avr.deviceinfo
                0x00000000       0x3c D:/Program files/Microchip/MPLABX/v5.30/packs/Microchip/ATmega_DFP/2.0.12/gcc/dev/atmega8a/avr4/crtatmega8a.o

.note.gnu.build-id
 *(.note.gnu.build-id)

.debug
 *(.debug)

.line
 *(.line)

.debug_srcinfo
 *(.debug_srcinfo)

.debug_sfnames
 *(.debug_sfnames)

.debug_aranges
 *(.debug_aranges)

.debug_pubnames
 *(.debug_pubnames)

.debug_info     0x00000000      0x48c
 *(.debug_info .gnu.linkonce.wi.*)
 .debug_info    0x00000000      0x48c D:/Program files/Microchip/MPLABX/v5.30/packs/Microchip/ATmega_DFP/2.0.12/gcc/dev/atmega8a/avr4/crtatmega8a.o

.debug_abbrev   0x00000000      0x44e
 *(.debug_abbrev)
 .debug_abbrev  0x00000000      0x44e D:/Program files/Microchip/MPLABX/v5.30/packs/Microchip/ATmega_DFP/2.0.12/gcc/dev/atmega8a/avr4/crtatmega8a.o

.debug_line     0x00000000      0x109
 *(.debug_line .debug_line.* .debug_line_end)
 .debug_line    0x00000000      0x109 D:/Program files/Microchip/MPLABX/v5.30/packs/Microchip/ATmega_DFP/2.0.12/gcc/dev/atmega8a/avr4/crtatmega8a.o

.debug_frame
 *(.debug_frame)

.debug_str      0x00000000      0x17a
 *(.debug_str)
 .debug_str     0x00000000      0x17a D:/Program files/Microchip/MPLABX/v5.30/packs/Microchip/ATmega_DFP/2.0.12/gcc/dev/atmega8a/avr4/crtatmega8a.o

.debug_loc
 *(.debug_loc)

.debug_macinfo
 *(.debug_macinfo)

.debug_weaknames
 *(.debug_weaknames)

.debug_funcnames
 *(.debug_funcnames)

.debug_typenames
 *(.debug_typenames)

.debug_varnames
 *(.debug_varnames)

.debug_pubtypes
 *(.debug_pubtypes)

.debug_ranges
 *(.debug_ranges)

.debug_macro
 *(.debug_macro)
OUTPUT(dist/default/production/VAW_meter.X.production.elf elf32-avr)
LOAD linker stubs
