Archive member included to satisfy reference by file (symbol)

d:/program files/microchip/mplabx/v5.20/avr8-gnu-toolchain-win32_x86/bin/../lib/gcc/avr/5.4.0/../../../../avr/lib/avr4\libm.a(addsf3.o)
                              build/default/production/VAW_functions.o (__subsf3)
d:/program files/microchip/mplabx/v5.20/avr8-gnu-toolchain-win32_x86/bin/../lib/gcc/avr/5.4.0/../../../../avr/lib/avr4\libm.a(addsf3x.o)
                              d:/program files/microchip/mplabx/v5.20/avr8-gnu-toolchain-win32_x86/bin/../lib/gcc/avr/5.4.0/../../../../avr/lib/avr4\libm.a(addsf3.o) (__addsf3x)
d:/program files/microchip/mplabx/v5.20/avr8-gnu-toolchain-win32_x86/bin/../lib/gcc/avr/5.4.0/../../../../avr/lib/avr4\libm.a(cmpsf2.o)
                              build/default/production/VAW_functions.o (__ltsf2)
d:/program files/microchip/mplabx/v5.20/avr8-gnu-toolchain-win32_x86/bin/../lib/gcc/avr/5.4.0/../../../../avr/lib/avr4\libm.a(fixsfsi.o)
                              build/default/production/VAW_functions.o (__fixsfsi)
d:/program files/microchip/mplabx/v5.20/avr8-gnu-toolchain-win32_x86/bin/../lib/gcc/avr/5.4.0/../../../../avr/lib/avr4\libm.a(fixunssfsi.o)
                              d:/program files/microchip/mplabx/v5.20/avr8-gnu-toolchain-win32_x86/bin/../lib/gcc/avr/5.4.0/../../../../avr/lib/avr4\libm.a(fixsfsi.o) (__fixunssfsi)
d:/program files/microchip/mplabx/v5.20/avr8-gnu-toolchain-win32_x86/bin/../lib/gcc/avr/5.4.0/../../../../avr/lib/avr4\libm.a(floatsisf.o)
                              build/default/production/VAW_functions.o (__floatsisf)
d:/program files/microchip/mplabx/v5.20/avr8-gnu-toolchain-win32_x86/bin/../lib/gcc/avr/5.4.0/../../../../avr/lib/avr4\libm.a(fp_cmp.o)
                              d:/program files/microchip/mplabx/v5.20/avr8-gnu-toolchain-win32_x86/bin/../lib/gcc/avr/5.4.0/../../../../avr/lib/avr4\libm.a(cmpsf2.o) (__fp_cmp)
d:/program files/microchip/mplabx/v5.20/avr8-gnu-toolchain-win32_x86/bin/../lib/gcc/avr/5.4.0/../../../../avr/lib/avr4\libm.a(fp_inf.o)
                              d:/program files/microchip/mplabx/v5.20/avr8-gnu-toolchain-win32_x86/bin/../lib/gcc/avr/5.4.0/../../../../avr/lib/avr4\libm.a(addsf3x.o) (__fp_inf)
d:/program files/microchip/mplabx/v5.20/avr8-gnu-toolchain-win32_x86/bin/../lib/gcc/avr/5.4.0/../../../../avr/lib/avr4\libm.a(fp_nan.o)
                              d:/program files/microchip/mplabx/v5.20/avr8-gnu-toolchain-win32_x86/bin/../lib/gcc/avr/5.4.0/../../../../avr/lib/avr4\libm.a(addsf3x.o) (__fp_nan)
d:/program files/microchip/mplabx/v5.20/avr8-gnu-toolchain-win32_x86/bin/../lib/gcc/avr/5.4.0/../../../../avr/lib/avr4\libm.a(fp_pscA.o)
                              d:/program files/microchip/mplabx/v5.20/avr8-gnu-toolchain-win32_x86/bin/../lib/gcc/avr/5.4.0/../../../../avr/lib/avr4\libm.a(addsf3x.o) (__fp_pscA)
d:/program files/microchip/mplabx/v5.20/avr8-gnu-toolchain-win32_x86/bin/../lib/gcc/avr/5.4.0/../../../../avr/lib/avr4\libm.a(fp_pscB.o)
                              d:/program files/microchip/mplabx/v5.20/avr8-gnu-toolchain-win32_x86/bin/../lib/gcc/avr/5.4.0/../../../../avr/lib/avr4\libm.a(addsf3x.o) (__fp_pscB)
d:/program files/microchip/mplabx/v5.20/avr8-gnu-toolchain-win32_x86/bin/../lib/gcc/avr/5.4.0/../../../../avr/lib/avr4\libm.a(fp_round.o)
                              d:/program files/microchip/mplabx/v5.20/avr8-gnu-toolchain-win32_x86/bin/../lib/gcc/avr/5.4.0/../../../../avr/lib/avr4\libm.a(addsf3.o) (__fp_round)
d:/program files/microchip/mplabx/v5.20/avr8-gnu-toolchain-win32_x86/bin/../lib/gcc/avr/5.4.0/../../../../avr/lib/avr4\libm.a(fp_split3.o)
                              d:/program files/microchip/mplabx/v5.20/avr8-gnu-toolchain-win32_x86/bin/../lib/gcc/avr/5.4.0/../../../../avr/lib/avr4\libm.a(addsf3x.o) (__fp_split3)
d:/program files/microchip/mplabx/v5.20/avr8-gnu-toolchain-win32_x86/bin/../lib/gcc/avr/5.4.0/../../../../avr/lib/avr4\libm.a(fp_zero.o)
                              d:/program files/microchip/mplabx/v5.20/avr8-gnu-toolchain-win32_x86/bin/../lib/gcc/avr/5.4.0/../../../../avr/lib/avr4\libm.a(addsf3x.o) (__fp_zero)
d:/program files/microchip/mplabx/v5.20/avr8-gnu-toolchain-win32_x86/bin/../lib/gcc/avr/5.4.0/../../../../avr/lib/avr4\libm.a(gesf2.o)
                              build/default/production/VAW_functions.o (__gesf2)
d:/program files/microchip/mplabx/v5.20/avr8-gnu-toolchain-win32_x86/bin/../lib/gcc/avr/5.4.0/../../../../avr/lib/avr4\libm.a(mulsf3.o)
                              build/default/production/VAW_functions.o (__mulsf3)
d:/program files/microchip/mplabx/v5.20/avr8-gnu-toolchain-win32_x86/bin/../lib/gcc/avr/5.4.0/../../../../avr/lib/avr4\libm.a(mulsf3x.o)
                              d:/program files/microchip/mplabx/v5.20/avr8-gnu-toolchain-win32_x86/bin/../lib/gcc/avr/5.4.0/../../../../avr/lib/avr4\libm.a(mulsf3.o) (__mulsf3x)
d:/program files/microchip/mplabx/v5.20/avr8-gnu-toolchain-win32_x86/bin/../lib/gcc/avr/5.4.0/avr4\libgcc.a(_divmodhi4.o)
                              build/default/production/main.o (__divmodhi4)
d:/program files/microchip/mplabx/v5.20/avr8-gnu-toolchain-win32_x86/bin/../lib/gcc/avr/5.4.0/avr4\libgcc.a(_divmodsi4.o)
                              build/default/production/main.o (__divmodsi4)
d:/program files/microchip/mplabx/v5.20/avr8-gnu-toolchain-win32_x86/bin/../lib/gcc/avr/5.4.0/avr4\libgcc.a(_negsi2.o)
                              d:/program files/microchip/mplabx/v5.20/avr8-gnu-toolchain-win32_x86/bin/../lib/gcc/avr/5.4.0/avr4\libgcc.a(_divmodsi4.o) (__negsi2)
d:/program files/microchip/mplabx/v5.20/avr8-gnu-toolchain-win32_x86/bin/../lib/gcc/avr/5.4.0/avr4\libgcc.a(_exit.o)
                              D:/Program files/Microchip/MPLABX/v5.30/packs/Microchip/ATmega_DFP/2.0.12/gcc/dev/atmega8a/avr4/crtatmega8a.o (exit)
d:/program files/microchip/mplabx/v5.20/avr8-gnu-toolchain-win32_x86/bin/../lib/gcc/avr/5.4.0/avr4\libgcc.a(_copy_data.o)
                              build/default/production/main.o (__do_copy_data)
d:/program files/microchip/mplabx/v5.20/avr8-gnu-toolchain-win32_x86/bin/../lib/gcc/avr/5.4.0/avr4\libgcc.a(_clear_bss.o)
                              build/default/production/main.o (__do_clear_bss)
d:/program files/microchip/mplabx/v5.20/avr8-gnu-toolchain-win32_x86/bin/../lib/gcc/avr/5.4.0/avr4\libgcc.a(_mulhisi3.o)
                              build/default/production/main.o (__mulhisi3)
d:/program files/microchip/mplabx/v5.20/avr8-gnu-toolchain-win32_x86/bin/../lib/gcc/avr/5.4.0/avr4\libgcc.a(_umulhisi3.o)
                              d:/program files/microchip/mplabx/v5.20/avr8-gnu-toolchain-win32_x86/bin/../lib/gcc/avr/5.4.0/avr4\libgcc.a(_mulhisi3.o) (__umulhisi3)
d:/program files/microchip/mplabx/v5.20/avr8-gnu-toolchain-win32_x86/bin/../lib/gcc/avr/5.4.0/avr4\libgcc.a(_usmulhisi3.o)
                              d:/program files/microchip/mplabx/v5.20/avr8-gnu-toolchain-win32_x86/bin/../lib/gcc/avr/5.4.0/avr4\libgcc.a(_mulhisi3.o) (__usmulhisi3_tail)
d:/program files/microchip/mplabx/v5.20/avr8-gnu-toolchain-win32_x86/bin/../lib/gcc/avr/5.4.0/avr4\libgcc.a(_divdi3.o)
                              build/default/production/UART.o (__moddi3)
d:/program files/microchip/mplabx/v5.20/avr8-gnu-toolchain-win32_x86/bin/../lib/gcc/avr/5.4.0/avr4\libgcc.a(_udivdi3.o)
                              build/default/production/UART.o (__umoddi3)
d:/program files/microchip/mplabx/v5.20/avr8-gnu-toolchain-win32_x86/bin/../lib/gcc/avr/5.4.0/avr4\libgcc.a(_udivmod64.o)
                              d:/program files/microchip/mplabx/v5.20/avr8-gnu-toolchain-win32_x86/bin/../lib/gcc/avr/5.4.0/avr4\libgcc.a(_divdi3.o) (__udivmod64)
d:/program files/microchip/mplabx/v5.20/avr8-gnu-toolchain-win32_x86/bin/../lib/gcc/avr/5.4.0/avr4\libgcc.a(_negdi2.o)
                              build/default/production/UART.o (__negdi2)
d:/program files/microchip/mplabx/v5.20/avr8-gnu-toolchain-win32_x86/bin/../lib/gcc/avr/5.4.0/avr4\libgcc.a(_prologue.o)
                              d:/program files/microchip/mplabx/v5.20/avr8-gnu-toolchain-win32_x86/bin/../lib/gcc/avr/5.4.0/avr4\libgcc.a(_divdi3.o) (__prologue_saves__)
d:/program files/microchip/mplabx/v5.20/avr8-gnu-toolchain-win32_x86/bin/../lib/gcc/avr/5.4.0/avr4\libgcc.a(_epilogue.o)
                              d:/program files/microchip/mplabx/v5.20/avr8-gnu-toolchain-win32_x86/bin/../lib/gcc/avr/5.4.0/avr4\libgcc.a(_divdi3.o) (__epilogue_restores__)
d:/program files/microchip/mplabx/v5.20/avr8-gnu-toolchain-win32_x86/bin/../lib/gcc/avr/5.4.0/avr4\libgcc.a(_ashldi3.o)
                              build/default/production/UART.o (__ashldi3)
d:/program files/microchip/mplabx/v5.20/avr8-gnu-toolchain-win32_x86/bin/../lib/gcc/avr/5.4.0/avr4\libgcc.a(_adddi3.o)
                              build/default/production/UART.o (__adddi3)
d:/program files/microchip/mplabx/v5.20/avr8-gnu-toolchain-win32_x86/bin/../lib/gcc/avr/5.4.0/avr4\libgcc.a(_subdi3.o)
                              build/default/production/main.o (__subdi3)
d:/program files/microchip/mplabx/v5.20/avr8-gnu-toolchain-win32_x86/bin/../lib/gcc/avr/5.4.0/avr4\libgcc.a(_cmpdi2_s8.o)
                              build/default/production/UART.o (__cmpdi2_s8)
d:/program files/microchip/mplabx/v5.20/avr8-gnu-toolchain-win32_x86/bin/../lib/gcc/avr/5.4.0/avr4\libgcc.a(_udivmodhi4.o)
                              d:/program files/microchip/mplabx/v5.20/avr8-gnu-toolchain-win32_x86/bin/../lib/gcc/avr/5.4.0/avr4\libgcc.a(_divmodhi4.o) (__udivmodhi4)
d:/program files/microchip/mplabx/v5.20/avr8-gnu-toolchain-win32_x86/bin/../lib/gcc/avr/5.4.0/avr4\libgcc.a(_udivmodsi4.o)
                              d:/program files/microchip/mplabx/v5.20/avr8-gnu-toolchain-win32_x86/bin/../lib/gcc/avr/5.4.0/avr4\libgcc.a(_divmodsi4.o) (__udivmodsi4)
d:/program files/microchip/mplabx/v5.20/avr8-gnu-toolchain-win32_x86/bin/../lib/gcc/avr/5.4.0/../../../../avr/lib/avr4\libc.a(sprintf.o)
                              build/default/production/main.o (sprintf)
d:/program files/microchip/mplabx/v5.20/avr8-gnu-toolchain-win32_x86/bin/../lib/gcc/avr/5.4.0/../../../../avr/lib/avr4\libc.a(vfprintf_std.o)
                              d:/program files/microchip/mplabx/v5.20/avr8-gnu-toolchain-win32_x86/bin/../lib/gcc/avr/5.4.0/../../../../avr/lib/avr4\libc.a(sprintf.o) (vfprintf)
d:/program files/microchip/mplabx/v5.20/avr8-gnu-toolchain-win32_x86/bin/../lib/gcc/avr/5.4.0/../../../../avr/lib/avr4\libc.a(strnlen_P.o)
                              d:/program files/microchip/mplabx/v5.20/avr8-gnu-toolchain-win32_x86/bin/../lib/gcc/avr/5.4.0/../../../../avr/lib/avr4\libc.a(vfprintf_std.o) (strnlen_P)
d:/program files/microchip/mplabx/v5.20/avr8-gnu-toolchain-win32_x86/bin/../lib/gcc/avr/5.4.0/../../../../avr/lib/avr4\libc.a(strnlen.o)
                              d:/program files/microchip/mplabx/v5.20/avr8-gnu-toolchain-win32_x86/bin/../lib/gcc/avr/5.4.0/../../../../avr/lib/avr4\libc.a(vfprintf_std.o) (strnlen)
d:/program files/microchip/mplabx/v5.20/avr8-gnu-toolchain-win32_x86/bin/../lib/gcc/avr/5.4.0/../../../../avr/lib/avr4\libc.a(fputc.o)
                              d:/program files/microchip/mplabx/v5.20/avr8-gnu-toolchain-win32_x86/bin/../lib/gcc/avr/5.4.0/../../../../avr/lib/avr4\libc.a(vfprintf_std.o) (fputc)
d:/program files/microchip/mplabx/v5.20/avr8-gnu-toolchain-win32_x86/bin/../lib/gcc/avr/5.4.0/../../../../avr/lib/avr4\libc.a(ultoa_invert.o)
                              d:/program files/microchip/mplabx/v5.20/avr8-gnu-toolchain-win32_x86/bin/../lib/gcc/avr/5.4.0/../../../../avr/lib/avr4\libc.a(vfprintf_std.o) (__ultoa_invert)

Allocating common symbols
Common symbol       size              file

timer0_period       0x1               build/default/production/timer_0.o
rxBuff              0x1e              build/default/production/UART.o

Discarded input sections

 .data          0x00000000        0x0 D:/Program files/Microchip/MPLABX/v5.30/packs/Microchip/ATmega_DFP/2.0.12/gcc/dev/atmega8a/avr4/crtatmega8a.o
 .bss           0x00000000        0x0 D:/Program files/Microchip/MPLABX/v5.30/packs/Microchip/ATmega_DFP/2.0.12/gcc/dev/atmega8a/avr4/crtatmega8a.o
 .text          0x00000000        0x0 build/default/production/main.o
 .data          0x00000000        0x0 build/default/production/main.o
 .bss           0x00000000        0x0 build/default/production/main.o
 .text          0x00000000        0x0 build/default/production/ADS1115.o
 .data          0x00000000        0x0 build/default/production/ADS1115.o
 .bss           0x00000000        0x0 build/default/production/ADS1115.o
 .text          0x00000000        0x0 build/default/production/PCD8544.o
 .data          0x00000000        0x0 build/default/production/PCD8544.o
 .bss           0x00000000        0x0 build/default/production/PCD8544.o
 .text.PCD_printChar
                0x00000000       0x3e build/default/production/PCD8544.o
 .text.PCD_print
                0x00000000       0x2a build/default/production/PCD8544.o
 .text.PCD_setCursor
                0x00000000       0x28 build/default/production/PCD8544.o
 .text.PCD_printInt
                0x00000000      0x170 build/default/production/PCD8544.o
 .text          0x00000000        0x0 build/default/production/SPI.o
 .data          0x00000000        0x0 build/default/production/SPI.o
 .bss           0x00000000        0x0 build/default/production/SPI.o
 .text          0x00000000        0x0 build/default/production/TWI.o
 .data          0x00000000        0x0 build/default/production/TWI.o
 .bss           0x00000000        0x0 build/default/production/TWI.o
 .text          0x00000000        0x0 build/default/production/UART.o
 .data          0x00000000        0x0 build/default/production/UART.o
 .bss           0x00000000        0x0 build/default/production/UART.o
 .text.UART_transmitByte
                0x00000000        0x8 build/default/production/UART.o
 .text.UART_print
                0x00000000       0x2a build/default/production/UART.o
 .text.UART_println
                0x00000000        0xc build/default/production/UART.o
 .text.UART_printInt
                0x00000000      0x258 build/default/production/UART.o
 .text.UART_printUint
                0x00000000      0x204 build/default/production/UART.o
 .text.UART_init
                0x00000000       0x2c build/default/production/UART.o
 .text.UART_checkRxFlag
                0x00000000       0x12 build/default/production/UART.o
 .text          0x00000000        0x0 build/default/production/VAW_functions.o
 .data          0x00000000        0x0 build/default/production/VAW_functions.o
 .bss           0x00000000        0x0 build/default/production/VAW_functions.o
 .text.sortArray
                0x00000000       0x92 build/default/production/VAW_functions.o
 .rodata.currentCalB
                0x00000000       0x1c build/default/production/VAW_functions.o
 .rodata.currentCalK
                0x00000000       0x1c build/default/production/VAW_functions.o
 .rodata.voltageCalB
                0x00000000       0x14 build/default/production/VAW_functions.o
 .rodata.voltageCalK
                0x00000000       0x14 build/default/production/VAW_functions.o
 .text          0x00000000        0x0 build/default/production/timer_0.o
 .data          0x00000000        0x0 build/default/production/timer_0.o
 .bss           0x00000000        0x0 build/default/production/timer_0.o
 .text.timer0_initOneMsPeriod
                0x00000000        0xe build/default/production/timer_0.o
 .text.timer0_initTwoMsPeriod
                0x00000000        0xe build/default/production/timer_0.o
 .text          0x00000000        0x0 d:/program files/microchip/mplabx/v5.20/avr8-gnu-toolchain-win32_x86/bin/../lib/gcc/avr/5.4.0/../../../../avr/lib/avr4\libm.a(addsf3.o)
 .data          0x00000000        0x0 d:/program files/microchip/mplabx/v5.20/avr8-gnu-toolchain-win32_x86/bin/../lib/gcc/avr/5.4.0/../../../../avr/lib/avr4\libm.a(addsf3.o)
 .bss           0x00000000        0x0 d:/program files/microchip/mplabx/v5.20/avr8-gnu-toolchain-win32_x86/bin/../lib/gcc/avr/5.4.0/../../../../avr/lib/avr4\libm.a(addsf3.o)
 .text          0x00000000        0x0 d:/program files/microchip/mplabx/v5.20/avr8-gnu-toolchain-win32_x86/bin/../lib/gcc/avr/5.4.0/../../../../avr/lib/avr4\libm.a(addsf3x.o)
 .data          0x00000000        0x0 d:/program files/microchip/mplabx/v5.20/avr8-gnu-toolchain-win32_x86/bin/../lib/gcc/avr/5.4.0/../../../../avr/lib/avr4\libm.a(addsf3x.o)
 .bss           0x00000000        0x0 d:/program files/microchip/mplabx/v5.20/avr8-gnu-toolchain-win32_x86/bin/../lib/gcc/avr/5.4.0/../../../../avr/lib/avr4\libm.a(addsf3x.o)
 .text          0x00000000        0x0 d:/program files/microchip/mplabx/v5.20/avr8-gnu-toolchain-win32_x86/bin/../lib/gcc/avr/5.4.0/../../../../avr/lib/avr4\libm.a(cmpsf2.o)
 .data          0x00000000        0x0 d:/program files/microchip/mplabx/v5.20/avr8-gnu-toolchain-win32_x86/bin/../lib/gcc/avr/5.4.0/../../../../avr/lib/avr4\libm.a(cmpsf2.o)
 .bss           0x00000000        0x0 d:/program files/microchip/mplabx/v5.20/avr8-gnu-toolchain-win32_x86/bin/../lib/gcc/avr/5.4.0/../../../../avr/lib/avr4\libm.a(cmpsf2.o)
 .text          0x00000000        0x0 d:/program files/microchip/mplabx/v5.20/avr8-gnu-toolchain-win32_x86/bin/../lib/gcc/avr/5.4.0/../../../../avr/lib/avr4\libm.a(fixsfsi.o)
 .data          0x00000000        0x0 d:/program files/microchip/mplabx/v5.20/avr8-gnu-toolchain-win32_x86/bin/../lib/gcc/avr/5.4.0/../../../../avr/lib/avr4\libm.a(fixsfsi.o)
 .bss           0x00000000        0x0 d:/program files/microchip/mplabx/v5.20/avr8-gnu-toolchain-win32_x86/bin/../lib/gcc/avr/5.4.0/../../../../avr/lib/avr4\libm.a(fixsfsi.o)
 .text          0x00000000        0x0 d:/program files/microchip/mplabx/v5.20/avr8-gnu-toolchain-win32_x86/bin/../lib/gcc/avr/5.4.0/../../../../avr/lib/avr4\libm.a(fixunssfsi.o)
 .data          0x00000000        0x0 d:/program files/microchip/mplabx/v5.20/avr8-gnu-toolchain-win32_x86/bin/../lib/gcc/avr/5.4.0/../../../../avr/lib/avr4\libm.a(fixunssfsi.o)
 .bss           0x00000000        0x0 d:/program files/microchip/mplabx/v5.20/avr8-gnu-toolchain-win32_x86/bin/../lib/gcc/avr/5.4.0/../../../../avr/lib/avr4\libm.a(fixunssfsi.o)
 .text          0x00000000        0x0 d:/program files/microchip/mplabx/v5.20/avr8-gnu-toolchain-win32_x86/bin/../lib/gcc/avr/5.4.0/../../../../avr/lib/avr4\libm.a(floatsisf.o)
 .data          0x00000000        0x0 d:/program files/microchip/mplabx/v5.20/avr8-gnu-toolchain-win32_x86/bin/../lib/gcc/avr/5.4.0/../../../../avr/lib/avr4\libm.a(floatsisf.o)
 .bss           0x00000000        0x0 d:/program files/microchip/mplabx/v5.20/avr8-gnu-toolchain-win32_x86/bin/../lib/gcc/avr/5.4.0/../../../../avr/lib/avr4\libm.a(floatsisf.o)
 .text          0x00000000        0x0 d:/program files/microchip/mplabx/v5.20/avr8-gnu-toolchain-win32_x86/bin/../lib/gcc/avr/5.4.0/../../../../avr/lib/avr4\libm.a(fp_cmp.o)
 .data          0x00000000        0x0 d:/program files/microchip/mplabx/v5.20/avr8-gnu-toolchain-win32_x86/bin/../lib/gcc/avr/5.4.0/../../../../avr/lib/avr4\libm.a(fp_cmp.o)
 .bss           0x00000000        0x0 d:/program files/microchip/mplabx/v5.20/avr8-gnu-toolchain-win32_x86/bin/../lib/gcc/avr/5.4.0/../../../../avr/lib/avr4\libm.a(fp_cmp.o)
 .text          0x00000000        0x0 d:/program files/microchip/mplabx/v5.20/avr8-gnu-toolchain-win32_x86/bin/../lib/gcc/avr/5.4.0/../../../../avr/lib/avr4\libm.a(fp_inf.o)
 .data          0x00000000        0x0 d:/program files/microchip/mplabx/v5.20/avr8-gnu-toolchain-win32_x86/bin/../lib/gcc/avr/5.4.0/../../../../avr/lib/avr4\libm.a(fp_inf.o)
 .bss           0x00000000        0x0 d:/program files/microchip/mplabx/v5.20/avr8-gnu-toolchain-win32_x86/bin/../lib/gcc/avr/5.4.0/../../../../avr/lib/avr4\libm.a(fp_inf.o)
 .text          0x00000000        0x0 d:/program files/microchip/mplabx/v5.20/avr8-gnu-toolchain-win32_x86/bin/../lib/gcc/avr/5.4.0/../../../../avr/lib/avr4\libm.a(fp_nan.o)
 .data          0x00000000        0x0 d:/program files/microchip/mplabx/v5.20/avr8-gnu-toolchain-win32_x86/bin/../lib/gcc/avr/5.4.0/../../../../avr/lib/avr4\libm.a(fp_nan.o)
 .bss           0x00000000        0x0 d:/program files/microchip/mplabx/v5.20/avr8-gnu-toolchain-win32_x86/bin/../lib/gcc/avr/5.4.0/../../../../avr/lib/avr4\libm.a(fp_nan.o)
 .text          0x00000000        0x0 d:/program files/microchip/mplabx/v5.20/avr8-gnu-toolchain-win32_x86/bin/../lib/gcc/avr/5.4.0/../../../../avr/lib/avr4\libm.a(fp_pscA.o)
 .data          0x00000000        0x0 d:/program files/microchip/mplabx/v5.20/avr8-gnu-toolchain-win32_x86/bin/../lib/gcc/avr/5.4.0/../../../../avr/lib/avr4\libm.a(fp_pscA.o)
 .bss           0x00000000        0x0 d:/program files/microchip/mplabx/v5.20/avr8-gnu-toolchain-win32_x86/bin/../lib/gcc/avr/5.4.0/../../../../avr/lib/avr4\libm.a(fp_pscA.o)
 .text          0x00000000        0x0 d:/program files/microchip/mplabx/v5.20/avr8-gnu-toolchain-win32_x86/bin/../lib/gcc/avr/5.4.0/../../../../avr/lib/avr4\libm.a(fp_pscB.o)
 .data          0x00000000        0x0 d:/program files/microchip/mplabx/v5.20/avr8-gnu-toolchain-win32_x86/bin/../lib/gcc/avr/5.4.0/../../../../avr/lib/avr4\libm.a(fp_pscB.o)
 .bss           0x00000000        0x0 d:/program files/microchip/mplabx/v5.20/avr8-gnu-toolchain-win32_x86/bin/../lib/gcc/avr/5.4.0/../../../../avr/lib/avr4\libm.a(fp_pscB.o)
 .text          0x00000000        0x0 d:/program files/microchip/mplabx/v5.20/avr8-gnu-toolchain-win32_x86/bin/../lib/gcc/avr/5.4.0/../../../../avr/lib/avr4\libm.a(fp_round.o)
 .data          0x00000000        0x0 d:/program files/microchip/mplabx/v5.20/avr8-gnu-toolchain-win32_x86/bin/../lib/gcc/avr/5.4.0/../../../../avr/lib/avr4\libm.a(fp_round.o)
 .bss           0x00000000        0x0 d:/program files/microchip/mplabx/v5.20/avr8-gnu-toolchain-win32_x86/bin/../lib/gcc/avr/5.4.0/../../../../avr/lib/avr4\libm.a(fp_round.o)
 .text          0x00000000        0x0 d:/program files/microchip/mplabx/v5.20/avr8-gnu-toolchain-win32_x86/bin/../lib/gcc/avr/5.4.0/../../../../avr/lib/avr4\libm.a(fp_split3.o)
 .data          0x00000000        0x0 d:/program files/microchip/mplabx/v5.20/avr8-gnu-toolchain-win32_x86/bin/../lib/gcc/avr/5.4.0/../../../../avr/lib/avr4\libm.a(fp_split3.o)
 .bss           0x00000000        0x0 d:/program files/microchip/mplabx/v5.20/avr8-gnu-toolchain-win32_x86/bin/../lib/gcc/avr/5.4.0/../../../../avr/lib/avr4\libm.a(fp_split3.o)
 .text          0x00000000        0x0 d:/program files/microchip/mplabx/v5.20/avr8-gnu-toolchain-win32_x86/bin/../lib/gcc/avr/5.4.0/../../../../avr/lib/avr4\libm.a(fp_zero.o)
 .data          0x00000000        0x0 d:/program files/microchip/mplabx/v5.20/avr8-gnu-toolchain-win32_x86/bin/../lib/gcc/avr/5.4.0/../../../../avr/lib/avr4\libm.a(fp_zero.o)
 .bss           0x00000000        0x0 d:/program files/microchip/mplabx/v5.20/avr8-gnu-toolchain-win32_x86/bin/../lib/gcc/avr/5.4.0/../../../../avr/lib/avr4\libm.a(fp_zero.o)
 .text          0x00000000        0x0 d:/program files/microchip/mplabx/v5.20/avr8-gnu-toolchain-win32_x86/bin/../lib/gcc/avr/5.4.0/../../../../avr/lib/avr4\libm.a(gesf2.o)
 .data          0x00000000        0x0 d:/program files/microchip/mplabx/v5.20/avr8-gnu-toolchain-win32_x86/bin/../lib/gcc/avr/5.4.0/../../../../avr/lib/avr4\libm.a(gesf2.o)
 .bss           0x00000000        0x0 d:/program files/microchip/mplabx/v5.20/avr8-gnu-toolchain-win32_x86/bin/../lib/gcc/avr/5.4.0/../../../../avr/lib/avr4\libm.a(gesf2.o)
 .text          0x00000000        0x0 d:/program files/microchip/mplabx/v5.20/avr8-gnu-toolchain-win32_x86/bin/../lib/gcc/avr/5.4.0/../../../../avr/lib/avr4\libm.a(mulsf3.o)
 .data          0x00000000        0x0 d:/program files/microchip/mplabx/v5.20/avr8-gnu-toolchain-win32_x86/bin/../lib/gcc/avr/5.4.0/../../../../avr/lib/avr4\libm.a(mulsf3.o)
 .bss           0x00000000        0x0 d:/program files/microchip/mplabx/v5.20/avr8-gnu-toolchain-win32_x86/bin/../lib/gcc/avr/5.4.0/../../../../avr/lib/avr4\libm.a(mulsf3.o)
 .text          0x00000000        0x0 d:/program files/microchip/mplabx/v5.20/avr8-gnu-toolchain-win32_x86/bin/../lib/gcc/avr/5.4.0/../../../../avr/lib/avr4\libm.a(mulsf3x.o)
 .data          0x00000000        0x0 d:/program files/microchip/mplabx/v5.20/avr8-gnu-toolchain-win32_x86/bin/../lib/gcc/avr/5.4.0/../../../../avr/lib/avr4\libm.a(mulsf3x.o)
 .bss           0x00000000        0x0 d:/program files/microchip/mplabx/v5.20/avr8-gnu-toolchain-win32_x86/bin/../lib/gcc/avr/5.4.0/../../../../avr/lib/avr4\libm.a(mulsf3x.o)
 .text          0x00000000        0x0 d:/program files/microchip/mplabx/v5.20/avr8-gnu-toolchain-win32_x86/bin/../lib/gcc/avr/5.4.0/avr4\libgcc.a(_divmodhi4.o)
 .data          0x00000000        0x0 d:/program files/microchip/mplabx/v5.20/avr8-gnu-toolchain-win32_x86/bin/../lib/gcc/avr/5.4.0/avr4\libgcc.a(_divmodhi4.o)
 .bss           0x00000000        0x0 d:/program files/microchip/mplabx/v5.20/avr8-gnu-toolchain-win32_x86/bin/../lib/gcc/avr/5.4.0/avr4\libgcc.a(_divmodhi4.o)
 .text.libgcc.mul
                0x00000000        0x0 d:/program files/microchip/mplabx/v5.20/avr8-gnu-toolchain-win32_x86/bin/../lib/gcc/avr/5.4.0/avr4\libgcc.a(_divmodhi4.o)
 .text.libgcc   0x00000000        0x0 d:/program files/microchip/mplabx/v5.20/avr8-gnu-toolchain-win32_x86/bin/../lib/gcc/avr/5.4.0/avr4\libgcc.a(_divmodhi4.o)
 .text.libgcc.prologue
                0x00000000        0x0 d:/program files/microchip/mplabx/v5.20/avr8-gnu-toolchain-win32_x86/bin/../lib/gcc/avr/5.4.0/avr4\libgcc.a(_divmodhi4.o)
 .text.libgcc.builtins
                0x00000000        0x0 d:/program files/microchip/mplabx/v5.20/avr8-gnu-toolchain-win32_x86/bin/../lib/gcc/avr/5.4.0/avr4\libgcc.a(_divmodhi4.o)
 .text.libgcc.fmul
                0x00000000        0x0 d:/program files/microchip/mplabx/v5.20/avr8-gnu-toolchain-win32_x86/bin/../lib/gcc/avr/5.4.0/avr4\libgcc.a(_divmodhi4.o)
 .text.libgcc.fixed
                0x00000000        0x0 d:/program files/microchip/mplabx/v5.20/avr8-gnu-toolchain-win32_x86/bin/../lib/gcc/avr/5.4.0/avr4\libgcc.a(_divmodhi4.o)
 .text          0x00000000        0x0 d:/program files/microchip/mplabx/v5.20/avr8-gnu-toolchain-win32_x86/bin/../lib/gcc/avr/5.4.0/avr4\libgcc.a(_divmodsi4.o)
 .data          0x00000000        0x0 d:/program files/microchip/mplabx/v5.20/avr8-gnu-toolchain-win32_x86/bin/../lib/gcc/avr/5.4.0/avr4\libgcc.a(_divmodsi4.o)
 .bss           0x00000000        0x0 d:/program files/microchip/mplabx/v5.20/avr8-gnu-toolchain-win32_x86/bin/../lib/gcc/avr/5.4.0/avr4\libgcc.a(_divmodsi4.o)
 .text.libgcc.mul
                0x00000000        0x0 d:/program files/microchip/mplabx/v5.20/avr8-gnu-toolchain-win32_x86/bin/../lib/gcc/avr/5.4.0/avr4\libgcc.a(_divmodsi4.o)
 .text.libgcc   0x00000000        0x0 d:/program files/microchip/mplabx/v5.20/avr8-gnu-toolchain-win32_x86/bin/../lib/gcc/avr/5.4.0/avr4\libgcc.a(_divmodsi4.o)
 .text.libgcc.prologue
                0x00000000        0x0 d:/program files/microchip/mplabx/v5.20/avr8-gnu-toolchain-win32_x86/bin/../lib/gcc/avr/5.4.0/avr4\libgcc.a(_divmodsi4.o)
 .text.libgcc.builtins
                0x00000000        0x0 d:/program files/microchip/mplabx/v5.20/avr8-gnu-toolchain-win32_x86/bin/../lib/gcc/avr/5.4.0/avr4\libgcc.a(_divmodsi4.o)
 .text.libgcc.fmul
                0x00000000        0x0 d:/program files/microchip/mplabx/v5.20/avr8-gnu-toolchain-win32_x86/bin/../lib/gcc/avr/5.4.0/avr4\libgcc.a(_divmodsi4.o)
 .text.libgcc.fixed
                0x00000000        0x0 d:/program files/microchip/mplabx/v5.20/avr8-gnu-toolchain-win32_x86/bin/../lib/gcc/avr/5.4.0/avr4\libgcc.a(_divmodsi4.o)
 .text          0x00000000        0x0 d:/program files/microchip/mplabx/v5.20/avr8-gnu-toolchain-win32_x86/bin/../lib/gcc/avr/5.4.0/avr4\libgcc.a(_negsi2.o)
 .data          0x00000000        0x0 d:/program files/microchip/mplabx/v5.20/avr8-gnu-toolchain-win32_x86/bin/../lib/gcc/avr/5.4.0/avr4\libgcc.a(_negsi2.o)
 .bss           0x00000000        0x0 d:/program files/microchip/mplabx/v5.20/avr8-gnu-toolchain-win32_x86/bin/../lib/gcc/avr/5.4.0/avr4\libgcc.a(_negsi2.o)
 .text.libgcc.mul
                0x00000000        0x0 d:/program files/microchip/mplabx/v5.20/avr8-gnu-toolchain-win32_x86/bin/../lib/gcc/avr/5.4.0/avr4\libgcc.a(_negsi2.o)
 .text.libgcc   0x00000000        0x0 d:/program files/microchip/mplabx/v5.20/avr8-gnu-toolchain-win32_x86/bin/../lib/gcc/avr/5.4.0/avr4\libgcc.a(_negsi2.o)
 .text.libgcc.prologue
                0x00000000        0x0 d:/program files/microchip/mplabx/v5.20/avr8-gnu-toolchain-win32_x86/bin/../lib/gcc/avr/5.4.0/avr4\libgcc.a(_negsi2.o)
 .text.libgcc.builtins
                0x00000000        0x0 d:/program files/microchip/mplabx/v5.20/avr8-gnu-toolchain-win32_x86/bin/../lib/gcc/avr/5.4.0/avr4\libgcc.a(_negsi2.o)
 .text.libgcc.fmul
                0x00000000        0x0 d:/program files/microchip/mplabx/v5.20/avr8-gnu-toolchain-win32_x86/bin/../lib/gcc/avr/5.4.0/avr4\libgcc.a(_negsi2.o)
 .text.libgcc.fixed
                0x00000000        0x0 d:/program files/microchip/mplabx/v5.20/avr8-gnu-toolchain-win32_x86/bin/../lib/gcc/avr/5.4.0/avr4\libgcc.a(_negsi2.o)
 .text          0x00000000        0x0 d:/program files/microchip/mplabx/v5.20/avr8-gnu-toolchain-win32_x86/bin/../lib/gcc/avr/5.4.0/avr4\libgcc.a(_exit.o)
 .data          0x00000000        0x0 d:/program files/microchip/mplabx/v5.20/avr8-gnu-toolchain-win32_x86/bin/../lib/gcc/avr/5.4.0/avr4\libgcc.a(_exit.o)
 .bss           0x00000000        0x0 d:/program files/microchip/mplabx/v5.20/avr8-gnu-toolchain-win32_x86/bin/../lib/gcc/avr/5.4.0/avr4\libgcc.a(_exit.o)
 .text.libgcc.mul
                0x00000000        0x0 d:/program files/microchip/mplabx/v5.20/avr8-gnu-toolchain-win32_x86/bin/../lib/gcc/avr/5.4.0/avr4\libgcc.a(_exit.o)
 .text.libgcc.div
                0x00000000        0x0 d:/program files/microchip/mplabx/v5.20/avr8-gnu-toolchain-win32_x86/bin/../lib/gcc/avr/5.4.0/avr4\libgcc.a(_exit.o)
 .text.libgcc   0x00000000        0x0 d:/program files/microchip/mplabx/v5.20/avr8-gnu-toolchain-win32_x86/bin/../lib/gcc/avr/5.4.0/avr4\libgcc.a(_exit.o)
 .text.libgcc.prologue
                0x00000000        0x0 d:/program files/microchip/mplabx/v5.20/avr8-gnu-toolchain-win32_x86/bin/../lib/gcc/avr/5.4.0/avr4\libgcc.a(_exit.o)
 .text.libgcc.builtins
                0x00000000        0x0 d:/program files/microchip/mplabx/v5.20/avr8-gnu-toolchain-win32_x86/bin/../lib/gcc/avr/5.4.0/avr4\libgcc.a(_exit.o)
 .text.libgcc.fmul
                0x00000000        0x0 d:/program files/microchip/mplabx/v5.20/avr8-gnu-toolchain-win32_x86/bin/../lib/gcc/avr/5.4.0/avr4\libgcc.a(_exit.o)
 .text.libgcc.fixed
                0x00000000        0x0 d:/program files/microchip/mplabx/v5.20/avr8-gnu-toolchain-win32_x86/bin/../lib/gcc/avr/5.4.0/avr4\libgcc.a(_exit.o)
 .text          0x00000000        0x0 d:/program files/microchip/mplabx/v5.20/avr8-gnu-toolchain-win32_x86/bin/../lib/gcc/avr/5.4.0/avr4\libgcc.a(_copy_data.o)
 .data          0x00000000        0x0 d:/program files/microchip/mplabx/v5.20/avr8-gnu-toolchain-win32_x86/bin/../lib/gcc/avr/5.4.0/avr4\libgcc.a(_copy_data.o)
 .bss           0x00000000        0x0 d:/program files/microchip/mplabx/v5.20/avr8-gnu-toolchain-win32_x86/bin/../lib/gcc/avr/5.4.0/avr4\libgcc.a(_copy_data.o)
 .text.libgcc.mul
                0x00000000        0x0 d:/program files/microchip/mplabx/v5.20/avr8-gnu-toolchain-win32_x86/bin/../lib/gcc/avr/5.4.0/avr4\libgcc.a(_copy_data.o)
 .text.libgcc.div
                0x00000000        0x0 d:/program files/microchip/mplabx/v5.20/avr8-gnu-toolchain-win32_x86/bin/../lib/gcc/avr/5.4.0/avr4\libgcc.a(_copy_data.o)
 .text.libgcc   0x00000000        0x0 d:/program files/microchip/mplabx/v5.20/avr8-gnu-toolchain-win32_x86/bin/../lib/gcc/avr/5.4.0/avr4\libgcc.a(_copy_data.o)
 .text.libgcc.prologue
                0x00000000        0x0 d:/program files/microchip/mplabx/v5.20/avr8-gnu-toolchain-win32_x86/bin/../lib/gcc/avr/5.4.0/avr4\libgcc.a(_copy_data.o)
 .text.libgcc.builtins
                0x00000000        0x0 d:/program files/microchip/mplabx/v5.20/avr8-gnu-toolchain-win32_x86/bin/../lib/gcc/avr/5.4.0/avr4\libgcc.a(_copy_data.o)
 .text.libgcc.fmul
                0x00000000        0x0 d:/program files/microchip/mplabx/v5.20/avr8-gnu-toolchain-win32_x86/bin/../lib/gcc/avr/5.4.0/avr4\libgcc.a(_copy_data.o)
 .text.libgcc.fixed
                0x00000000        0x0 d:/program files/microchip/mplabx/v5.20/avr8-gnu-toolchain-win32_x86/bin/../lib/gcc/avr/5.4.0/avr4\libgcc.a(_copy_data.o)
 .text          0x00000000        0x0 d:/program files/microchip/mplabx/v5.20/avr8-gnu-toolchain-win32_x86/bin/../lib/gcc/avr/5.4.0/avr4\libgcc.a(_clear_bss.o)
 .data          0x00000000        0x0 d:/program files/microchip/mplabx/v5.20/avr8-gnu-toolchain-win32_x86/bin/../lib/gcc/avr/5.4.0/avr4\libgcc.a(_clear_bss.o)
 .bss           0x00000000        0x0 d:/program files/microchip/mplabx/v5.20/avr8-gnu-toolchain-win32_x86/bin/../lib/gcc/avr/5.4.0/avr4\libgcc.a(_clear_bss.o)
 .text.libgcc.mul
                0x00000000        0x0 d:/program files/microchip/mplabx/v5.20/avr8-gnu-toolchain-win32_x86/bin/../lib/gcc/avr/5.4.0/avr4\libgcc.a(_clear_bss.o)
 .text.libgcc.div
                0x00000000        0x0 d:/program files/microchip/mplabx/v5.20/avr8-gnu-toolchain-win32_x86/bin/../lib/gcc/avr/5.4.0/avr4\libgcc.a(_clear_bss.o)
 .text.libgcc   0x00000000        0x0 d:/program files/microchip/mplabx/v5.20/avr8-gnu-toolchain-win32_x86/bin/../lib/gcc/avr/5.4.0/avr4\libgcc.a(_clear_bss.o)
 .text.libgcc.prologue
                0x00000000        0x0 d:/program files/microchip/mplabx/v5.20/avr8-gnu-toolchain-win32_x86/bin/../lib/gcc/avr/5.4.0/avr4\libgcc.a(_clear_bss.o)
 .text.libgcc.builtins
                0x00000000        0x0 d:/program files/microchip/mplabx/v5.20/avr8-gnu-toolchain-win32_x86/bin/../lib/gcc/avr/5.4.0/avr4\libgcc.a(_clear_bss.o)
 .text.libgcc.fmul
                0x00000000        0x0 d:/program files/microchip/mplabx/v5.20/avr8-gnu-toolchain-win32_x86/bin/../lib/gcc/avr/5.4.0/avr4\libgcc.a(_clear_bss.o)
 .text.libgcc.fixed
                0x00000000        0x0 d:/program files/microchip/mplabx/v5.20/avr8-gnu-toolchain-win32_x86/bin/../lib/gcc/avr/5.4.0/avr4\libgcc.a(_clear_bss.o)
 .text          0x00000000        0x0 d:/program files/microchip/mplabx/v5.20/avr8-gnu-toolchain-win32_x86/bin/../lib/gcc/avr/5.4.0/avr4\libgcc.a(_mulhisi3.o)
 .data          0x00000000        0x0 d:/program files/microchip/mplabx/v5.20/avr8-gnu-toolchain-win32_x86/bin/../lib/gcc/avr/5.4.0/avr4\libgcc.a(_mulhisi3.o)
 .bss           0x00000000        0x0 d:/program files/microchip/mplabx/v5.20/avr8-gnu-toolchain-win32_x86/bin/../lib/gcc/avr/5.4.0/avr4\libgcc.a(_mulhisi3.o)
 .text.libgcc.div
                0x00000000        0x0 d:/program files/microchip/mplabx/v5.20/avr8-gnu-toolchain-win32_x86/bin/../lib/gcc/avr/5.4.0/avr4\libgcc.a(_mulhisi3.o)
 .text.libgcc   0x00000000        0x0 d:/program files/microchip/mplabx/v5.20/avr8-gnu-toolchain-win32_x86/bin/../lib/gcc/avr/5.4.0/avr4\libgcc.a(_mulhisi3.o)
 .text.libgcc.prologue
                0x00000000        0x0 d:/program files/microchip/mplabx/v5.20/avr8-gnu-toolchain-win32_x86/bin/../lib/gcc/avr/5.4.0/avr4\libgcc.a(_mulhisi3.o)
 .text.libgcc.builtins
                0x00000000        0x0 d:/program files/microchip/mplabx/v5.20/avr8-gnu-toolchain-win32_x86/bin/../lib/gcc/avr/5.4.0/avr4\libgcc.a(_mulhisi3.o)
 .text.libgcc.fmul
                0x00000000        0x0 d:/program files/microchip/mplabx/v5.20/avr8-gnu-toolchain-win32_x86/bin/../lib/gcc/avr/5.4.0/avr4\libgcc.a(_mulhisi3.o)
 .text.libgcc.fixed
                0x00000000        0x0 d:/program files/microchip/mplabx/v5.20/avr8-gnu-toolchain-win32_x86/bin/../lib/gcc/avr/5.4.0/avr4\libgcc.a(_mulhisi3.o)
 .text          0x00000000        0x0 d:/program files/microchip/mplabx/v5.20/avr8-gnu-toolchain-win32_x86/bin/../lib/gcc/avr/5.4.0/avr4\libgcc.a(_umulhisi3.o)
 .data          0x00000000        0x0 d:/program files/microchip/mplabx/v5.20/avr8-gnu-toolchain-win32_x86/bin/../lib/gcc/avr/5.4.0/avr4\libgcc.a(_umulhisi3.o)
 .bss           0x00000000        0x0 d:/program files/microchip/mplabx/v5.20/avr8-gnu-toolchain-win32_x86/bin/../lib/gcc/avr/5.4.0/avr4\libgcc.a(_umulhisi3.o)
 .text.libgcc.div
                0x00000000        0x0 d:/program files/microchip/mplabx/v5.20/avr8-gnu-toolchain-win32_x86/bin/../lib/gcc/avr/5.4.0/avr4\libgcc.a(_umulhisi3.o)
 .text.libgcc   0x00000000        0x0 d:/program files/microchip/mplabx/v5.20/avr8-gnu-toolchain-win32_x86/bin/../lib/gcc/avr/5.4.0/avr4\libgcc.a(_umulhisi3.o)
 .text.libgcc.prologue
                0x00000000        0x0 d:/program files/microchip/mplabx/v5.20/avr8-gnu-toolchain-win32_x86/bin/../lib/gcc/avr/5.4.0/avr4\libgcc.a(_umulhisi3.o)
 .text.libgcc.builtins
                0x00000000        0x0 d:/program files/microchip/mplabx/v5.20/avr8-gnu-toolchain-win32_x86/bin/../lib/gcc/avr/5.4.0/avr4\libgcc.a(_umulhisi3.o)
 .text.libgcc.fmul
                0x00000000        0x0 d:/program files/microchip/mplabx/v5.20/avr8-gnu-toolchain-win32_x86/bin/../lib/gcc/avr/5.4.0/avr4\libgcc.a(_umulhisi3.o)
 .text.libgcc.fixed
                0x00000000        0x0 d:/program files/microchip/mplabx/v5.20/avr8-gnu-toolchain-win32_x86/bin/../lib/gcc/avr/5.4.0/avr4\libgcc.a(_umulhisi3.o)
 .text          0x00000000        0x0 d:/program files/microchip/mplabx/v5.20/avr8-gnu-toolchain-win32_x86/bin/../lib/gcc/avr/5.4.0/avr4\libgcc.a(_usmulhisi3.o)
 .data          0x00000000        0x0 d:/program files/microchip/mplabx/v5.20/avr8-gnu-toolchain-win32_x86/bin/../lib/gcc/avr/5.4.0/avr4\libgcc.a(_usmulhisi3.o)
 .bss           0x00000000        0x0 d:/program files/microchip/mplabx/v5.20/avr8-gnu-toolchain-win32_x86/bin/../lib/gcc/avr/5.4.0/avr4\libgcc.a(_usmulhisi3.o)
 .text.libgcc.div
                0x00000000        0x0 d:/program files/microchip/mplabx/v5.20/avr8-gnu-toolchain-win32_x86/bin/../lib/gcc/avr/5.4.0/avr4\libgcc.a(_usmulhisi3.o)
 .text.libgcc   0x00000000        0x0 d:/program files/microchip/mplabx/v5.20/avr8-gnu-toolchain-win32_x86/bin/../lib/gcc/avr/5.4.0/avr4\libgcc.a(_usmulhisi3.o)
 .text.libgcc.prologue
                0x00000000        0x0 d:/program files/microchip/mplabx/v5.20/avr8-gnu-toolchain-win32_x86/bin/../lib/gcc/avr/5.4.0/avr4\libgcc.a(_usmulhisi3.o)
 .text.libgcc.builtins
                0x00000000        0x0 d:/program files/microchip/mplabx/v5.20/avr8-gnu-toolchain-win32_x86/bin/../lib/gcc/avr/5.4.0/avr4\libgcc.a(_usmulhisi3.o)
 .text.libgcc.fmul
                0x00000000        0x0 d:/program files/microchip/mplabx/v5.20/avr8-gnu-toolchain-win32_x86/bin/../lib/gcc/avr/5.4.0/avr4\libgcc.a(_usmulhisi3.o)
 .text.libgcc.fixed
                0x00000000        0x0 d:/program files/microchip/mplabx/v5.20/avr8-gnu-toolchain-win32_x86/bin/../lib/gcc/avr/5.4.0/avr4\libgcc.a(_usmulhisi3.o)
 .text          0x00000000        0x0 d:/program files/microchip/mplabx/v5.20/avr8-gnu-toolchain-win32_x86/bin/../lib/gcc/avr/5.4.0/avr4\libgcc.a(_divdi3.o)
 .data          0x00000000        0x0 d:/program files/microchip/mplabx/v5.20/avr8-gnu-toolchain-win32_x86/bin/../lib/gcc/avr/5.4.0/avr4\libgcc.a(_divdi3.o)
 .bss           0x00000000        0x0 d:/program files/microchip/mplabx/v5.20/avr8-gnu-toolchain-win32_x86/bin/../lib/gcc/avr/5.4.0/avr4\libgcc.a(_divdi3.o)
 .text.libgcc.mul
                0x00000000        0x0 d:/program files/microchip/mplabx/v5.20/avr8-gnu-toolchain-win32_x86/bin/../lib/gcc/avr/5.4.0/avr4\libgcc.a(_divdi3.o)
 .text.libgcc.div
                0x00000000       0x56 d:/program files/microchip/mplabx/v5.20/avr8-gnu-toolchain-win32_x86/bin/../lib/gcc/avr/5.4.0/avr4\libgcc.a(_divdi3.o)
 .text.libgcc   0x00000000        0x0 d:/program files/microchip/mplabx/v5.20/avr8-gnu-toolchain-win32_x86/bin/../lib/gcc/avr/5.4.0/avr4\libgcc.a(_divdi3.o)
 .text.libgcc.prologue
                0x00000000        0x0 d:/program files/microchip/mplabx/v5.20/avr8-gnu-toolchain-win32_x86/bin/../lib/gcc/avr/5.4.0/avr4\libgcc.a(_divdi3.o)
 .text.libgcc.builtins
                0x00000000        0x0 d:/program files/microchip/mplabx/v5.20/avr8-gnu-toolchain-win32_x86/bin/../lib/gcc/avr/5.4.0/avr4\libgcc.a(_divdi3.o)
 .text.libgcc.fmul
                0x00000000        0x0 d:/program files/microchip/mplabx/v5.20/avr8-gnu-toolchain-win32_x86/bin/../lib/gcc/avr/5.4.0/avr4\libgcc.a(_divdi3.o)
 .text.libgcc.fixed
                0x00000000        0x0 d:/program files/microchip/mplabx/v5.20/avr8-gnu-toolchain-win32_x86/bin/../lib/gcc/avr/5.4.0/avr4\libgcc.a(_divdi3.o)
 .text          0x00000000        0x0 d:/program files/microchip/mplabx/v5.20/avr8-gnu-toolchain-win32_x86/bin/../lib/gcc/avr/5.4.0/avr4\libgcc.a(_udivdi3.o)
 .data          0x00000000        0x0 d:/program files/microchip/mplabx/v5.20/avr8-gnu-toolchain-win32_x86/bin/../lib/gcc/avr/5.4.0/avr4\libgcc.a(_udivdi3.o)
 .bss           0x00000000        0x0 d:/program files/microchip/mplabx/v5.20/avr8-gnu-toolchain-win32_x86/bin/../lib/gcc/avr/5.4.0/avr4\libgcc.a(_udivdi3.o)
 .text.libgcc.mul
                0x00000000        0x0 d:/program files/microchip/mplabx/v5.20/avr8-gnu-toolchain-win32_x86/bin/../lib/gcc/avr/5.4.0/avr4\libgcc.a(_udivdi3.o)
 .text.libgcc.div
                0x00000000       0x1a d:/program files/microchip/mplabx/v5.20/avr8-gnu-toolchain-win32_x86/bin/../lib/gcc/avr/5.4.0/avr4\libgcc.a(_udivdi3.o)
 .text.libgcc   0x00000000        0x0 d:/program files/microchip/mplabx/v5.20/avr8-gnu-toolchain-win32_x86/bin/../lib/gcc/avr/5.4.0/avr4\libgcc.a(_udivdi3.o)
 .text.libgcc.prologue
                0x00000000        0x0 d:/program files/microchip/mplabx/v5.20/avr8-gnu-toolchain-win32_x86/bin/../lib/gcc/avr/5.4.0/avr4\libgcc.a(_udivdi3.o)
 .text.libgcc.builtins
                0x00000000        0x0 d:/program files/microchip/mplabx/v5.20/avr8-gnu-toolchain-win32_x86/bin/../lib/gcc/avr/5.4.0/avr4\libgcc.a(_udivdi3.o)
 .text.libgcc.fmul
                0x00000000        0x0 d:/program files/microchip/mplabx/v5.20/avr8-gnu-toolchain-win32_x86/bin/../lib/gcc/avr/5.4.0/avr4\libgcc.a(_udivdi3.o)
 .text.libgcc.fixed
                0x00000000        0x0 d:/program files/microchip/mplabx/v5.20/avr8-gnu-toolchain-win32_x86/bin/../lib/gcc/avr/5.4.0/avr4\libgcc.a(_udivdi3.o)
 .text          0x00000000        0x0 d:/program files/microchip/mplabx/v5.20/avr8-gnu-toolchain-win32_x86/bin/../lib/gcc/avr/5.4.0/avr4\libgcc.a(_udivmod64.o)
 .data          0x00000000        0x0 d:/program files/microchip/mplabx/v5.20/avr8-gnu-toolchain-win32_x86/bin/../lib/gcc/avr/5.4.0/avr4\libgcc.a(_udivmod64.o)
 .bss           0x00000000        0x0 d:/program files/microchip/mplabx/v5.20/avr8-gnu-toolchain-win32_x86/bin/../lib/gcc/avr/5.4.0/avr4\libgcc.a(_udivmod64.o)
 .text.libgcc.mul
                0x00000000        0x0 d:/program files/microchip/mplabx/v5.20/avr8-gnu-toolchain-win32_x86/bin/../lib/gcc/avr/5.4.0/avr4\libgcc.a(_udivmod64.o)
 .text.libgcc.div
                0x00000000       0x7e d:/program files/microchip/mplabx/v5.20/avr8-gnu-toolchain-win32_x86/bin/../lib/gcc/avr/5.4.0/avr4\libgcc.a(_udivmod64.o)
 .text.libgcc   0x00000000        0x0 d:/program files/microchip/mplabx/v5.20/avr8-gnu-toolchain-win32_x86/bin/../lib/gcc/avr/5.4.0/avr4\libgcc.a(_udivmod64.o)
 .text.libgcc.prologue
                0x00000000        0x0 d:/program files/microchip/mplabx/v5.20/avr8-gnu-toolchain-win32_x86/bin/../lib/gcc/avr/5.4.0/avr4\libgcc.a(_udivmod64.o)
 .text.libgcc.builtins
                0x00000000        0x0 d:/program files/microchip/mplabx/v5.20/avr8-gnu-toolchain-win32_x86/bin/../lib/gcc/avr/5.4.0/avr4\libgcc.a(_udivmod64.o)
 .text.libgcc.fmul
                0x00000000        0x0 d:/program files/microchip/mplabx/v5.20/avr8-gnu-toolchain-win32_x86/bin/../lib/gcc/avr/5.4.0/avr4\libgcc.a(_udivmod64.o)
 .text.libgcc.fixed
                0x00000000        0x0 d:/program files/microchip/mplabx/v5.20/avr8-gnu-toolchain-win32_x86/bin/../lib/gcc/avr/5.4.0/avr4\libgcc.a(_udivmod64.o)
 .text          0x00000000        0x0 d:/program files/microchip/mplabx/v5.20/avr8-gnu-toolchain-win32_x86/bin/../lib/gcc/avr/5.4.0/avr4\libgcc.a(_negdi2.o)
 .data          0x00000000        0x0 d:/program files/microchip/mplabx/v5.20/avr8-gnu-toolchain-win32_x86/bin/../lib/gcc/avr/5.4.0/avr4\libgcc.a(_negdi2.o)
 .bss           0x00000000        0x0 d:/program files/microchip/mplabx/v5.20/avr8-gnu-toolchain-win32_x86/bin/../lib/gcc/avr/5.4.0/avr4\libgcc.a(_negdi2.o)
 .text.libgcc.mul
                0x00000000        0x0 d:/program files/microchip/mplabx/v5.20/avr8-gnu-toolchain-win32_x86/bin/../lib/gcc/avr/5.4.0/avr4\libgcc.a(_negdi2.o)
 .text.libgcc.div
                0x00000000        0x0 d:/program files/microchip/mplabx/v5.20/avr8-gnu-toolchain-win32_x86/bin/../lib/gcc/avr/5.4.0/avr4\libgcc.a(_negdi2.o)
 .text.libgcc   0x00000000       0x20 d:/program files/microchip/mplabx/v5.20/avr8-gnu-toolchain-win32_x86/bin/../lib/gcc/avr/5.4.0/avr4\libgcc.a(_negdi2.o)
 .text.libgcc.prologue
                0x00000000        0x0 d:/program files/microchip/mplabx/v5.20/avr8-gnu-toolchain-win32_x86/bin/../lib/gcc/avr/5.4.0/avr4\libgcc.a(_negdi2.o)
 .text.libgcc.builtins
                0x00000000        0x0 d:/program files/microchip/mplabx/v5.20/avr8-gnu-toolchain-win32_x86/bin/../lib/gcc/avr/5.4.0/avr4\libgcc.a(_negdi2.o)
 .text.libgcc.fmul
                0x00000000        0x0 d:/program files/microchip/mplabx/v5.20/avr8-gnu-toolchain-win32_x86/bin/../lib/gcc/avr/5.4.0/avr4\libgcc.a(_negdi2.o)
 .text.libgcc.fixed
                0x00000000        0x0 d:/program files/microchip/mplabx/v5.20/avr8-gnu-toolchain-win32_x86/bin/../lib/gcc/avr/5.4.0/avr4\libgcc.a(_negdi2.o)
 .text          0x00000000        0x0 d:/program files/microchip/mplabx/v5.20/avr8-gnu-toolchain-win32_x86/bin/../lib/gcc/avr/5.4.0/avr4\libgcc.a(_prologue.o)
 .data          0x00000000        0x0 d:/program files/microchip/mplabx/v5.20/avr8-gnu-toolchain-win32_x86/bin/../lib/gcc/avr/5.4.0/avr4\libgcc.a(_prologue.o)
 .bss           0x00000000        0x0 d:/program files/microchip/mplabx/v5.20/avr8-gnu-toolchain-win32_x86/bin/../lib/gcc/avr/5.4.0/avr4\libgcc.a(_prologue.o)
 .text.libgcc.mul
                0x00000000        0x0 d:/program files/microchip/mplabx/v5.20/avr8-gnu-toolchain-win32_x86/bin/../lib/gcc/avr/5.4.0/avr4\libgcc.a(_prologue.o)
 .text.libgcc.div
                0x00000000        0x0 d:/program files/microchip/mplabx/v5.20/avr8-gnu-toolchain-win32_x86/bin/../lib/gcc/avr/5.4.0/avr4\libgcc.a(_prologue.o)
 .text.libgcc   0x00000000        0x0 d:/program files/microchip/mplabx/v5.20/avr8-gnu-toolchain-win32_x86/bin/../lib/gcc/avr/5.4.0/avr4\libgcc.a(_prologue.o)
 .text.libgcc.builtins
                0x00000000        0x0 d:/program files/microchip/mplabx/v5.20/avr8-gnu-toolchain-win32_x86/bin/../lib/gcc/avr/5.4.0/avr4\libgcc.a(_prologue.o)
 .text.libgcc.fmul
                0x00000000        0x0 d:/program files/microchip/mplabx/v5.20/avr8-gnu-toolchain-win32_x86/bin/../lib/gcc/avr/5.4.0/avr4\libgcc.a(_prologue.o)
 .text.libgcc.fixed
                0x00000000        0x0 d:/program files/microchip/mplabx/v5.20/avr8-gnu-toolchain-win32_x86/bin/../lib/gcc/avr/5.4.0/avr4\libgcc.a(_prologue.o)
 .text          0x00000000        0x0 d:/program files/microchip/mplabx/v5.20/avr8-gnu-toolchain-win32_x86/bin/../lib/gcc/avr/5.4.0/avr4\libgcc.a(_epilogue.o)
 .data          0x00000000        0x0 d:/program files/microchip/mplabx/v5.20/avr8-gnu-toolchain-win32_x86/bin/../lib/gcc/avr/5.4.0/avr4\libgcc.a(_epilogue.o)
 .bss           0x00000000        0x0 d:/program files/microchip/mplabx/v5.20/avr8-gnu-toolchain-win32_x86/bin/../lib/gcc/avr/5.4.0/avr4\libgcc.a(_epilogue.o)
 .text.libgcc.mul
                0x00000000        0x0 d:/program files/microchip/mplabx/v5.20/avr8-gnu-toolchain-win32_x86/bin/../lib/gcc/avr/5.4.0/avr4\libgcc.a(_epilogue.o)
 .text.libgcc.div
                0x00000000        0x0 d:/program files/microchip/mplabx/v5.20/avr8-gnu-toolchain-win32_x86/bin/../lib/gcc/avr/5.4.0/avr4\libgcc.a(_epilogue.o)
 .text.libgcc   0x00000000        0x0 d:/program files/microchip/mplabx/v5.20/avr8-gnu-toolchain-win32_x86/bin/../lib/gcc/avr/5.4.0/avr4\libgcc.a(_epilogue.o)
 .text.libgcc.builtins
                0x00000000        0x0 d:/program files/microchip/mplabx/v5.20/avr8-gnu-toolchain-win32_x86/bin/../lib/gcc/avr/5.4.0/avr4\libgcc.a(_epilogue.o)
 .text.libgcc.fmul
                0x00000000        0x0 d:/program files/microchip/mplabx/v5.20/avr8-gnu-toolchain-win32_x86/bin/../lib/gcc/avr/5.4.0/avr4\libgcc.a(_epilogue.o)
 .text.libgcc.fixed
                0x00000000        0x0 d:/program files/microchip/mplabx/v5.20/avr8-gnu-toolchain-win32_x86/bin/../lib/gcc/avr/5.4.0/avr4\libgcc.a(_epilogue.o)
 .text          0x00000000        0x0 d:/program files/microchip/mplabx/v5.20/avr8-gnu-toolchain-win32_x86/bin/../lib/gcc/avr/5.4.0/avr4\libgcc.a(_ashldi3.o)
 .data          0x00000000        0x0 d:/program files/microchip/mplabx/v5.20/avr8-gnu-toolchain-win32_x86/bin/../lib/gcc/avr/5.4.0/avr4\libgcc.a(_ashldi3.o)
 .bss           0x00000000        0x0 d:/program files/microchip/mplabx/v5.20/avr8-gnu-toolchain-win32_x86/bin/../lib/gcc/avr/5.4.0/avr4\libgcc.a(_ashldi3.o)
 .text.libgcc.mul
                0x00000000        0x0 d:/program files/microchip/mplabx/v5.20/avr8-gnu-toolchain-win32_x86/bin/../lib/gcc/avr/5.4.0/avr4\libgcc.a(_ashldi3.o)
 .text.libgcc.div
                0x00000000        0x0 d:/program files/microchip/mplabx/v5.20/avr8-gnu-toolchain-win32_x86/bin/../lib/gcc/avr/5.4.0/avr4\libgcc.a(_ashldi3.o)
 .text.libgcc   0x00000000        0x0 d:/program files/microchip/mplabx/v5.20/avr8-gnu-toolchain-win32_x86/bin/../lib/gcc/avr/5.4.0/avr4\libgcc.a(_ashldi3.o)
 .text.libgcc.prologue
                0x00000000        0x0 d:/program files/microchip/mplabx/v5.20/avr8-gnu-toolchain-win32_x86/bin/../lib/gcc/avr/5.4.0/avr4\libgcc.a(_ashldi3.o)
 .text.libgcc.builtins
                0x00000000       0x32 d:/program files/microchip/mplabx/v5.20/avr8-gnu-toolchain-win32_x86/bin/../lib/gcc/avr/5.4.0/avr4\libgcc.a(_ashldi3.o)
 .text.libgcc.fmul
                0x00000000        0x0 d:/program files/microchip/mplabx/v5.20/avr8-gnu-toolchain-win32_x86/bin/../lib/gcc/avr/5.4.0/avr4\libgcc.a(_ashldi3.o)
 .text.libgcc.fixed
                0x00000000        0x0 d:/program files/microchip/mplabx/v5.20/avr8-gnu-toolchain-win32_x86/bin/../lib/gcc/avr/5.4.0/avr4\libgcc.a(_ashldi3.o)
 .text          0x00000000        0x0 d:/program files/microchip/mplabx/v5.20/avr8-gnu-toolchain-win32_x86/bin/../lib/gcc/avr/5.4.0/avr4\libgcc.a(_adddi3.o)
 .data          0x00000000        0x0 d:/program files/microchip/mplabx/v5.20/avr8-gnu-toolchain-win32_x86/bin/../lib/gcc/avr/5.4.0/avr4\libgcc.a(_adddi3.o)
 .bss           0x00000000        0x0 d:/program files/microchip/mplabx/v5.20/avr8-gnu-toolchain-win32_x86/bin/../lib/gcc/avr/5.4.0/avr4\libgcc.a(_adddi3.o)
 .text.libgcc.mul
                0x00000000        0x0 d:/program files/microchip/mplabx/v5.20/avr8-gnu-toolchain-win32_x86/bin/../lib/gcc/avr/5.4.0/avr4\libgcc.a(_adddi3.o)
 .text.libgcc.div
                0x00000000        0x0 d:/program files/microchip/mplabx/v5.20/avr8-gnu-toolchain-win32_x86/bin/../lib/gcc/avr/5.4.0/avr4\libgcc.a(_adddi3.o)
 .text.libgcc.prologue
                0x00000000        0x0 d:/program files/microchip/mplabx/v5.20/avr8-gnu-toolchain-win32_x86/bin/../lib/gcc/avr/5.4.0/avr4\libgcc.a(_adddi3.o)
 .text.libgcc.builtins
                0x00000000        0x0 d:/program files/microchip/mplabx/v5.20/avr8-gnu-toolchain-win32_x86/bin/../lib/gcc/avr/5.4.0/avr4\libgcc.a(_adddi3.o)
 .text.libgcc.fmul
                0x00000000        0x0 d:/program files/microchip/mplabx/v5.20/avr8-gnu-toolchain-win32_x86/bin/../lib/gcc/avr/5.4.0/avr4\libgcc.a(_adddi3.o)
 .text.libgcc.fixed
                0x00000000        0x0 d:/program files/microchip/mplabx/v5.20/avr8-gnu-toolchain-win32_x86/bin/../lib/gcc/avr/5.4.0/avr4\libgcc.a(_adddi3.o)
 .text          0x00000000        0x0 d:/program files/microchip/mplabx/v5.20/avr8-gnu-toolchain-win32_x86/bin/../lib/gcc/avr/5.4.0/avr4\libgcc.a(_subdi3.o)
 .data          0x00000000        0x0 d:/program files/microchip/mplabx/v5.20/avr8-gnu-toolchain-win32_x86/bin/../lib/gcc/avr/5.4.0/avr4\libgcc.a(_subdi3.o)
 .bss           0x00000000        0x0 d:/program files/microchip/mplabx/v5.20/avr8-gnu-toolchain-win32_x86/bin/../lib/gcc/avr/5.4.0/avr4\libgcc.a(_subdi3.o)
 .text.libgcc.mul
                0x00000000        0x0 d:/program files/microchip/mplabx/v5.20/avr8-gnu-toolchain-win32_x86/bin/../lib/gcc/avr/5.4.0/avr4\libgcc.a(_subdi3.o)
 .text.libgcc.div
                0x00000000        0x0 d:/program files/microchip/mplabx/v5.20/avr8-gnu-toolchain-win32_x86/bin/../lib/gcc/avr/5.4.0/avr4\libgcc.a(_subdi3.o)
 .text.libgcc.prologue
                0x00000000        0x0 d:/program files/microchip/mplabx/v5.20/avr8-gnu-toolchain-win32_x86/bin/../lib/gcc/avr/5.4.0/avr4\libgcc.a(_subdi3.o)
 .text.libgcc.builtins
                0x00000000        0x0 d:/program files/microchip/mplabx/v5.20/avr8-gnu-toolchain-win32_x86/bin/../lib/gcc/avr/5.4.0/avr4\libgcc.a(_subdi3.o)
 .text.libgcc.fmul
                0x00000000        0x0 d:/program files/microchip/mplabx/v5.20/avr8-gnu-toolchain-win32_x86/bin/../lib/gcc/avr/5.4.0/avr4\libgcc.a(_subdi3.o)
 .text.libgcc.fixed
                0x00000000        0x0 d:/program files/microchip/mplabx/v5.20/avr8-gnu-toolchain-win32_x86/bin/../lib/gcc/avr/5.4.0/avr4\libgcc.a(_subdi3.o)
 .text          0x00000000        0x0 d:/program files/microchip/mplabx/v5.20/avr8-gnu-toolchain-win32_x86/bin/../lib/gcc/avr/5.4.0/avr4\libgcc.a(_cmpdi2_s8.o)
 .data          0x00000000        0x0 d:/program files/microchip/mplabx/v5.20/avr8-gnu-toolchain-win32_x86/bin/../lib/gcc/avr/5.4.0/avr4\libgcc.a(_cmpdi2_s8.o)
 .bss           0x00000000        0x0 d:/program files/microchip/mplabx/v5.20/avr8-gnu-toolchain-win32_x86/bin/../lib/gcc/avr/5.4.0/avr4\libgcc.a(_cmpdi2_s8.o)
 .text.libgcc.mul
                0x00000000        0x0 d:/program files/microchip/mplabx/v5.20/avr8-gnu-toolchain-win32_x86/bin/../lib/gcc/avr/5.4.0/avr4\libgcc.a(_cmpdi2_s8.o)
 .text.libgcc.div
                0x00000000        0x0 d:/program files/microchip/mplabx/v5.20/avr8-gnu-toolchain-win32_x86/bin/../lib/gcc/avr/5.4.0/avr4\libgcc.a(_cmpdi2_s8.o)
 .text.libgcc   0x00000000       0x18 d:/program files/microchip/mplabx/v5.20/avr8-gnu-toolchain-win32_x86/bin/../lib/gcc/avr/5.4.0/avr4\libgcc.a(_cmpdi2_s8.o)
 .text.libgcc.prologue
                0x00000000        0x0 d:/program files/microchip/mplabx/v5.20/avr8-gnu-toolchain-win32_x86/bin/../lib/gcc/avr/5.4.0/avr4\libgcc.a(_cmpdi2_s8.o)
 .text.libgcc.builtins
                0x00000000        0x0 d:/program files/microchip/mplabx/v5.20/avr8-gnu-toolchain-win32_x86/bin/../lib/gcc/avr/5.4.0/avr4\libgcc.a(_cmpdi2_s8.o)
 .text.libgcc.fmul
                0x00000000        0x0 d:/program files/microchip/mplabx/v5.20/avr8-gnu-toolchain-win32_x86/bin/../lib/gcc/avr/5.4.0/avr4\libgcc.a(_cmpdi2_s8.o)
 .text.libgcc.fixed
                0x00000000        0x0 d:/program files/microchip/mplabx/v5.20/avr8-gnu-toolchain-win32_x86/bin/../lib/gcc/avr/5.4.0/avr4\libgcc.a(_cmpdi2_s8.o)
 .text          0x00000000        0x0 d:/program files/microchip/mplabx/v5.20/avr8-gnu-toolchain-win32_x86/bin/../lib/gcc/avr/5.4.0/avr4\libgcc.a(_udivmodhi4.o)
 .data          0x00000000        0x0 d:/program files/microchip/mplabx/v5.20/avr8-gnu-toolchain-win32_x86/bin/../lib/gcc/avr/5.4.0/avr4\libgcc.a(_udivmodhi4.o)
 .bss           0x00000000        0x0 d:/program files/microchip/mplabx/v5.20/avr8-gnu-toolchain-win32_x86/bin/../lib/gcc/avr/5.4.0/avr4\libgcc.a(_udivmodhi4.o)
 .text.libgcc.mul
                0x00000000        0x0 d:/program files/microchip/mplabx/v5.20/avr8-gnu-toolchain-win32_x86/bin/../lib/gcc/avr/5.4.0/avr4\libgcc.a(_udivmodhi4.o)
 .text.libgcc   0x00000000        0x0 d:/program files/microchip/mplabx/v5.20/avr8-gnu-toolchain-win32_x86/bin/../lib/gcc/avr/5.4.0/avr4\libgcc.a(_udivmodhi4.o)
 .text.libgcc.prologue
                0x00000000        0x0 d:/program files/microchip/mplabx/v5.20/avr8-gnu-toolchain-win32_x86/bin/../lib/gcc/avr/5.4.0/avr4\libgcc.a(_udivmodhi4.o)
 .text.libgcc.builtins
                0x00000000        0x0 d:/program files/microchip/mplabx/v5.20/avr8-gnu-toolchain-win32_x86/bin/../lib/gcc/avr/5.4.0/avr4\libgcc.a(_udivmodhi4.o)
 .text.libgcc.fmul
                0x00000000        0x0 d:/program files/microchip/mplabx/v5.20/avr8-gnu-toolchain-win32_x86/bin/../lib/gcc/avr/5.4.0/avr4\libgcc.a(_udivmodhi4.o)
 .text.libgcc.fixed
                0x00000000        0x0 d:/program files/microchip/mplabx/v5.20/avr8-gnu-toolchain-win32_x86/bin/../lib/gcc/avr/5.4.0/avr4\libgcc.a(_udivmodhi4.o)
 .text          0x00000000        0x0 d:/program files/microchip/mplabx/v5.20/avr8-gnu-toolchain-win32_x86/bin/../lib/gcc/avr/5.4.0/avr4\libgcc.a(_udivmodsi4.o)
 .data          0x00000000        0x0 d:/program files/microchip/mplabx/v5.20/avr8-gnu-toolchain-win32_x86/bin/../lib/gcc/avr/5.4.0/avr4\libgcc.a(_udivmodsi4.o)
 .bss           0x00000000        0x0 d:/program files/microchip/mplabx/v5.20/avr8-gnu-toolchain-win32_x86/bin/../lib/gcc/avr/5.4.0/avr4\libgcc.a(_udivmodsi4.o)
 .text.libgcc.mul
                0x00000000        0x0 d:/program files/microchip/mplabx/v5.20/avr8-gnu-toolchain-win32_x86/bin/../lib/gcc/avr/5.4.0/avr4\libgcc.a(_udivmodsi4.o)
 .text.libgcc   0x00000000        0x0 d:/program files/microchip/mplabx/v5.20/avr8-gnu-toolchain-win32_x86/bin/../lib/gcc/avr/5.4.0/avr4\libgcc.a(_udivmodsi4.o)
 .text.libgcc.prologue
                0x00000000        0x0 d:/program files/microchip/mplabx/v5.20/avr8-gnu-toolchain-win32_x86/bin/../lib/gcc/avr/5.4.0/avr4\libgcc.a(_udivmodsi4.o)
 .text.libgcc.builtins
                0x00000000        0x0 d:/program files/microchip/mplabx/v5.20/avr8-gnu-toolchain-win32_x86/bin/../lib/gcc/avr/5.4.0/avr4\libgcc.a(_udivmodsi4.o)
 .text.libgcc.fmul
                0x00000000        0x0 d:/program files/microchip/mplabx/v5.20/avr8-gnu-toolchain-win32_x86/bin/../lib/gcc/avr/5.4.0/avr4\libgcc.a(_udivmodsi4.o)
 .text.libgcc.fixed
                0x00000000        0x0 d:/program files/microchip/mplabx/v5.20/avr8-gnu-toolchain-win32_x86/bin/../lib/gcc/avr/5.4.0/avr4\libgcc.a(_udivmodsi4.o)
 .text          0x00000000        0x0 d:/program files/microchip/mplabx/v5.20/avr8-gnu-toolchain-win32_x86/bin/../lib/gcc/avr/5.4.0/../../../../avr/lib/avr4\libc.a(sprintf.o)
 .data          0x00000000        0x0 d:/program files/microchip/mplabx/v5.20/avr8-gnu-toolchain-win32_x86/bin/../lib/gcc/avr/5.4.0/../../../../avr/lib/avr4\libc.a(sprintf.o)
 .bss           0x00000000        0x0 d:/program files/microchip/mplabx/v5.20/avr8-gnu-toolchain-win32_x86/bin/../lib/gcc/avr/5.4.0/../../../../avr/lib/avr4\libc.a(sprintf.o)
 .text          0x00000000        0x0 d:/program files/microchip/mplabx/v5.20/avr8-gnu-toolchain-win32_x86/bin/../lib/gcc/avr/5.4.0/../../../../avr/lib/avr4\libc.a(vfprintf_std.o)
 .data          0x00000000        0x0 d:/program files/microchip/mplabx/v5.20/avr8-gnu-toolchain-win32_x86/bin/../lib/gcc/avr/5.4.0/../../../../avr/lib/avr4\libc.a(vfprintf_std.o)
 .bss           0x00000000        0x0 d:/program files/microchip/mplabx/v5.20/avr8-gnu-toolchain-win32_x86/bin/../lib/gcc/avr/5.4.0/../../../../avr/lib/avr4\libc.a(vfprintf_std.o)
 .text          0x00000000        0x0 d:/program files/microchip/mplabx/v5.20/avr8-gnu-toolchain-win32_x86/bin/../lib/gcc/avr/5.4.0/../../../../avr/lib/avr4\libc.a(strnlen_P.o)
 .data          0x00000000        0x0 d:/program files/microchip/mplabx/v5.20/avr8-gnu-toolchain-win32_x86/bin/../lib/gcc/avr/5.4.0/../../../../avr/lib/avr4\libc.a(strnlen_P.o)
 .bss           0x00000000        0x0 d:/program files/microchip/mplabx/v5.20/avr8-gnu-toolchain-win32_x86/bin/../lib/gcc/avr/5.4.0/../../../../avr/lib/avr4\libc.a(strnlen_P.o)
 .text          0x00000000        0x0 d:/program files/microchip/mplabx/v5.20/avr8-gnu-toolchain-win32_x86/bin/../lib/gcc/avr/5.4.0/../../../../avr/lib/avr4\libc.a(strnlen.o)
 .data          0x00000000        0x0 d:/program files/microchip/mplabx/v5.20/avr8-gnu-toolchain-win32_x86/bin/../lib/gcc/avr/5.4.0/../../../../avr/lib/avr4\libc.a(strnlen.o)
 .bss           0x00000000        0x0 d:/program files/microchip/mplabx/v5.20/avr8-gnu-toolchain-win32_x86/bin/../lib/gcc/avr/5.4.0/../../../../avr/lib/avr4\libc.a(strnlen.o)
 .text          0x00000000        0x0 d:/program files/microchip/mplabx/v5.20/avr8-gnu-toolchain-win32_x86/bin/../lib/gcc/avr/5.4.0/../../../../avr/lib/avr4\libc.a(fputc.o)
 .data          0x00000000        0x0 d:/program files/microchip/mplabx/v5.20/avr8-gnu-toolchain-win32_x86/bin/../lib/gcc/avr/5.4.0/../../../../avr/lib/avr4\libc.a(fputc.o)
 .bss           0x00000000        0x0 d:/program files/microchip/mplabx/v5.20/avr8-gnu-toolchain-win32_x86/bin/../lib/gcc/avr/5.4.0/../../../../avr/lib/avr4\libc.a(fputc.o)
 .text          0x00000000        0x0 d:/program files/microchip/mplabx/v5.20/avr8-gnu-toolchain-win32_x86/bin/../lib/gcc/avr/5.4.0/../../../../avr/lib/avr4\libc.a(ultoa_invert.o)
 .data          0x00000000        0x0 d:/program files/microchip/mplabx/v5.20/avr8-gnu-toolchain-win32_x86/bin/../lib/gcc/avr/5.4.0/../../../../avr/lib/avr4\libc.a(ultoa_invert.o)
 .bss           0x00000000        0x0 d:/program files/microchip/mplabx/v5.20/avr8-gnu-toolchain-win32_x86/bin/../lib/gcc/avr/5.4.0/../../../../avr/lib/avr4\libc.a(ultoa_invert.o)

Memory Configuration

Name             Origin             Length             Attributes
text             0x00000000         0x00002000         xr
data             0x00800060         0x00000400         rw !x
eeprom           0x00810000         0x00000200         rw !x
fuse             0x00820000         0x00000002         rw !x
lock             0x00830000         0x00000400         rw !x
signature        0x00840000         0x00000400         rw !x
user_signatures  0x00850000         0x00000400         rw !x
*default*        0x00000000         0xffffffff

Linker script and memory map

LOAD D:/Program files/Microchip/MPLABX/v5.30/packs/Microchip/ATmega_DFP/2.0.12/gcc/dev/atmega8a/avr4/crtatmega8a.o
LOAD build/default/production/main.o
LOAD build/default/production/ADS1115.o
LOAD build/default/production/PCD8544.o
LOAD build/default/production/SPI.o
LOAD build/default/production/TWI.o
LOAD build/default/production/UART.o
LOAD build/default/production/VAW_functions.o
LOAD build/default/production/timer_0.o
                0x00000001                __MPLAB_BUILD = 0x1
START GROUP
LOAD d:/program files/microchip/mplabx/v5.20/avr8-gnu-toolchain-win32_x86/bin/../lib/gcc/avr/5.4.0/../../../../avr/lib/avr4\libm.a
END GROUP
START GROUP
LOAD d:/program files/microchip/mplabx/v5.20/avr8-gnu-toolchain-win32_x86/bin/../lib/gcc/avr/5.4.0/avr4\libgcc.a
LOAD d:/program files/microchip/mplabx/v5.20/avr8-gnu-toolchain-win32_x86/bin/../lib/gcc/avr/5.4.0/../../../../avr/lib/avr4\libm.a
LOAD d:/program files/microchip/mplabx/v5.20/avr8-gnu-toolchain-win32_x86/bin/../lib/gcc/avr/5.4.0/../../../../avr/lib/avr4\libc.a
LOAD D:/Program files/Microchip/MPLABX/v5.30/packs/Microchip/ATmega_DFP/2.0.12/gcc/dev/atmega8a/avr4\libatmega8a.a
END GROUP
                [0x00002000]                __TEXT_REGION_LENGTH__ = DEFINED (__TEXT_REGION_LENGTH__)?__TEXT_REGION_LENGTH__:0x2000
                [0x00000400]                __DATA_REGION_LENGTH__ = DEFINED (__DATA_REGION_LENGTH__)?__DATA_REGION_LENGTH__:0xffa0
                [0x00000200]                __EEPROM_REGION_LENGTH__ = DEFINED (__EEPROM_REGION_LENGTH__)?__EEPROM_REGION_LENGTH__:0x10000
                [0x00000002]                __FUSE_REGION_LENGTH__ = DEFINED (__FUSE_REGION_LENGTH__)?__FUSE_REGION_LENGTH__:0x400
                0x00000400                __LOCK_REGION_LENGTH__ = DEFINED (__LOCK_REGION_LENGTH__)?__LOCK_REGION_LENGTH__:0x400
                0x00000400                __SIGNATURE_REGION_LENGTH__ = DEFINED (__SIGNATURE_REGION_LENGTH__)?__SIGNATURE_REGION_LENGTH__:0x400
                0x00000400                __USER_SIGNATURE_REGION_LENGTH__ = DEFINED (__USER_SIGNATURE_REGION_LENGTH__)?__USER_SIGNATURE_REGION_LENGTH__:0x400

.hash
 *(.hash)

.dynsym
 *(.dynsym)

.dynstr
 *(.dynstr)

.gnu.version
 *(.gnu.version)

.gnu.version_d
 *(.gnu.version_d)

.gnu.version_r
 *(.gnu.version_r)

.rel.init
 *(.rel.init)

.rela.init
 *(.rela.init)

.rel.text
 *(.rel.text)
 *(.rel.text.*)
 *(.rel.gnu.linkonce.t*)

.rela.text
 *(.rela.text)
 *(.rela.text.*)
 *(.rela.gnu.linkonce.t*)

.rel.fini
 *(.rel.fini)

.rela.fini
 *(.rela.fini)

.rel.rodata
 *(.rel.rodata)
 *(.rel.rodata.*)
 *(.rel.gnu.linkonce.r*)

.rela.rodata
 *(.rela.rodata)
 *(.rela.rodata.*)
 *(.rela.gnu.linkonce.r*)

.rel.data
 *(.rel.data)
 *(.rel.data.*)
 *(.rel.gnu.linkonce.d*)

.rela.data
 *(.rela.data)
 *(.rela.data.*)
 *(.rela.gnu.linkonce.d*)

.rel.ctors
 *(.rel.ctors)

.rela.ctors
 *(.rela.ctors)

.rel.dtors
 *(.rel.dtors)

.rela.dtors
 *(.rela.dtors)

.rel.got
 *(.rel.got)

.rela.got
 *(.rela.got)

.rel.bss
 *(.rel.bss)

.rela.bss
 *(.rela.bss)

.rel.plt
 *(.rel.plt)

.rela.plt
 *(.rela.plt)

.text           0x00000000     0x18ee
 *(.vectors)
 .vectors       0x00000000       0x26 D:/Program files/Microchip/MPLABX/v5.30/packs/Microchip/ATmega_DFP/2.0.12/gcc/dev/atmega8a/avr4/crtatmega8a.o
                0x00000000                __vector_default
                0x00000000                __vectors
 *(.vectors)
 *(.progmem.gcc*)
                0x00000026                . = ALIGN (0x2)
                0x00000026                __trampolines_start = .
 *(.trampolines)
 .trampolines   0x00000026        0x0 linker stubs
 *(.trampolines*)
                0x00000026                __trampolines_end = .
 *libprintf_flt.a:*(.progmem.data)
 *libc.a:*(.progmem.data)
 *(.progmem*)
                0x00000026                . = ALIGN (0x2)
 *(.jumptables)
 *(.jumptables*)
 *(.lowtext)
 *(.lowtext*)
                0x00000026                __ctors_start = .
 *(.ctors)
                0x00000026                __ctors_end = .
                0x00000026                __dtors_start = .
 *(.dtors)
                0x00000026                __dtors_end = .
 SORT(*)(.ctors)
 SORT(*)(.dtors)
 *(.init0)
 .init0         0x00000026        0x0 D:/Program files/Microchip/MPLABX/v5.30/packs/Microchip/ATmega_DFP/2.0.12/gcc/dev/atmega8a/avr4/crtatmega8a.o
                0x00000026                __init
 *(.init0)
 *(.init1)
 *(.init1)
 *(.init2)
 .init2         0x00000026        0xc D:/Program files/Microchip/MPLABX/v5.30/packs/Microchip/ATmega_DFP/2.0.12/gcc/dev/atmega8a/avr4/crtatmega8a.o
 *(.init2)
 *(.init3)
 *(.init3)
 *(.init4)
 .init4         0x00000032       0x16 d:/program files/microchip/mplabx/v5.20/avr8-gnu-toolchain-win32_x86/bin/../lib/gcc/avr/5.4.0/avr4\libgcc.a(_copy_data.o)
                0x00000032                __do_copy_data
 .init4         0x00000048       0x10 d:/program files/microchip/mplabx/v5.20/avr8-gnu-toolchain-win32_x86/bin/../lib/gcc/avr/5.4.0/avr4\libgcc.a(_clear_bss.o)
                0x00000048                __do_clear_bss
 *(.init4)
 *(.init5)
 *(.init5)
 *(.init6)
 *(.init6)
 *(.init7)
 *(.init7)
 *(.init8)
 *(.init8)
 *(.init9)
 .init9         0x00000058        0x4 D:/Program files/Microchip/MPLABX/v5.30/packs/Microchip/ATmega_DFP/2.0.12/gcc/dev/atmega8a/avr4/crtatmega8a.o
 *(.init9)
 *(.text)
 .text          0x0000005c        0x2 D:/Program files/Microchip/MPLABX/v5.30/packs/Microchip/ATmega_DFP/2.0.12/gcc/dev/atmega8a/avr4/crtatmega8a.o
                0x0000005c                __vector_1
                0x0000005c                __vector_12
                0x0000005c                __bad_interrupt
                0x0000005c                __vector_6
                0x0000005c                __vector_3
                0x0000005c                __vector_13
                0x0000005c                __vector_17
                0x0000005c                __vector_7
                0x0000005c                __vector_5
                0x0000005c                __vector_4
                0x0000005c                __vector_2
                0x0000005c                __vector_15
                0x0000005c                __vector_8
                0x0000005c                __vector_14
                0x0000005c                __vector_10
                0x0000005c                __vector_16
                0x0000005c                __vector_18
                0x0000005e                . = ALIGN (0x2)
 *(.text.*)
 .text.main     0x0000005e      0x3cc build/default/production/main.o
                0x0000005e                main
 .text.ADS_readReg
                0x0000042a       0x2c build/default/production/ADS1115.o
                0x0000042a                ADS_readReg
 .text.ADS_writeReg
                0x00000456       0x28 build/default/production/ADS1115.o
                0x00000456                ADS_writeReg
 .text.ADS_init
                0x0000047e       0x32 build/default/production/ADS1115.o
                0x0000047e                ADS_init
 .text.ADS_setMUX
                0x000004b0       0x3c build/default/production/ADS1115.o
                0x000004b0                ADS_setMUX
 .text.ADS_startSingleConv
                0x000004ec        0xe build/default/production/ADS1115.o
                0x000004ec                ADS_startSingleConv
 .text.ADS_readConvReg
                0x000004fa        0x6 build/default/production/ADS1115.o
                0x000004fa                ADS_readConvReg
 .text.ADS_convReady
                0x00000500        0xe build/default/production/ADS1115.o
                0x00000500                ADS_convReady
 .text.ADS_readSingle
                0x0000050e        0xe build/default/production/ADS1115.o
                0x0000050e                ADS_readSingle
 .text.PCD_sendCommand
                0x0000051c        0xa build/default/production/PCD8544.o
                0x0000051c                PCD_sendCommand
 .text.PCD_sendData
                0x00000526        0xa build/default/production/PCD8544.o
                0x00000526                PCD_sendData
 .text.PCD_Clrscr
                0x00000530       0x1c build/default/production/PCD8544.o
                0x00000530                PCD_Clrscr
 .text.PCD_init
                0x0000054c       0x2e build/default/production/PCD8544.o
                0x0000054c                PCD_init
 .text.PCD_reinit
                0x0000057a       0x1e build/default/production/PCD8544.o
                0x0000057a                PCD_reinit
 .text.PCD_setRAMpos
                0x00000598       0x26 build/default/production/PCD8544.o
                0x00000598                PCD_setRAMpos
 .text.PCD_printChar_10x16
                0x000005be      0x13c build/default/production/PCD8544.o
                0x000005be                PCD_printChar_10x16
 .text.PCD_print_10x16
                0x000006fa       0x34 build/default/production/PCD8544.o
                0x000006fa                PCD_print_10x16
 .text.SPI_Init
                0x0000072e        0xe build/default/production/SPI.o
                0x0000072e                SPI_Init
 .text.SPI_Send_byte
                0x0000073c        0xc build/default/production/SPI.o
                0x0000073c                SPI_Send_byte
 .text.TWI_errorHandler
                0x00000748       0x22 build/default/production/TWI.o
                0x00000748                TWI_errorHandler
 .text.TWI_init
                0x0000076a        0xe build/default/production/TWI.o
                0x0000076a                TWI_init
 .text.TWI_sendByte
                0x00000778       0x30 build/default/production/TWI.o
                0x00000778                TWI_sendByte
 .text.TWI_sendStart
                0x000007a8       0x26 build/default/production/TWI.o
                0x000007a8                TWI_sendStart
 .text.TWI_sendStop
                0x000007ce        0xe build/default/production/TWI.o
                0x000007ce                TWI_sendStop
 .text.TWI_readByte
                0x000007dc       0x20 build/default/production/TWI.o
                0x000007dc                TWI_readByte
 .text.TWI_readLastByte
                0x000007fc       0x20 build/default/production/TWI.o
                0x000007fc                TWI_readLastByte
 .text.UART_receive
                0x0000081c        0x8 build/default/production/UART.o
                0x0000081c                UART_receive
 .text.UART_clearBuff
                0x00000824       0x12 build/default/production/UART.o
                0x00000824                UART_clearBuff
 .text.__vector_11
                0x00000836       0x86 build/default/production/UART.o
                0x00000836                __vector_11
 .text.getRunningAvgV
                0x000008bc       0x52 build/default/production/VAW_functions.o
                0x000008bc                getRunningAvgV
 .text.getVoltage
                0x0000090e      0x1d4 build/default/production/VAW_functions.o
                0x0000090e                getVoltage
 .text.getRunningAvgC
                0x00000ae2       0x52 build/default/production/VAW_functions.o
                0x00000ae2                getRunningAvgC
 .text.getCurrent
                0x00000b34      0x282 build/default/production/VAW_functions.o
                0x00000b34                getCurrent
 .text.timer0_init
                0x00000db6       0x1a build/default/production/timer_0.o
                0x00000db6                timer0_init
 .text.timer0_initFiveMsPeriod
                0x00000dd0        0xe build/default/production/timer_0.o
                0x00000dd0                timer0_initFiveMsPeriod
 .text.getUptime
                0x00000dde       0x22 build/default/production/timer_0.o
                0x00000dde                getUptime
 .text.__vector_9
                0x00000e00       0xb6 build/default/production/timer_0.o
                0x00000e00                __vector_9
 .text.avr-libc.fplib
                0x00000eb6        0xa d:/program files/microchip/mplabx/v5.20/avr8-gnu-toolchain-win32_x86/bin/../lib/gcc/avr/5.4.0/../../../../avr/lib/avr4\libm.a(addsf3.o)
                0x00000eb6                __subsf3
                0x00000eb8                __addsf3
 .text.avr-libc.fplib
                0x00000ec0       0xc0 d:/program files/microchip/mplabx/v5.20/avr8-gnu-toolchain-win32_x86/bin/../lib/gcc/avr/5.4.0/../../../../avr/lib/avr4\libm.a(addsf3x.o)
                0x00000eda                __addsf3x
 .text.avr-libc.fplib
                0x00000f80        0x8 d:/program files/microchip/mplabx/v5.20/avr8-gnu-toolchain-win32_x86/bin/../lib/gcc/avr/5.4.0/../../../../avr/lib/avr4\libm.a(cmpsf2.o)
                0x00000f80                __nesf2
                0x00000f80                __eqsf2
                0x00000f80                __cmpsf2
                0x00000f80                __ltsf2
                0x00000f80                __lesf2
 .text.avr-libc.fplib
                0x00000f88        0xa d:/program files/microchip/mplabx/v5.20/avr8-gnu-toolchain-win32_x86/bin/../lib/gcc/avr/5.4.0/../../../../avr/lib/avr4\libm.a(fixsfsi.o)
                0x00000f88                __fixsfsi
 .text.avr-libc.fplib
                0x00000f92       0x58 d:/program files/microchip/mplabx/v5.20/avr8-gnu-toolchain-win32_x86/bin/../lib/gcc/avr/5.4.0/../../../../avr/lib/avr4\libm.a(fixunssfsi.o)
                0x00000f92                __fixunssfsi
 .text.avr-libc.fplib
                0x00000fea       0x7a d:/program files/microchip/mplabx/v5.20/avr8-gnu-toolchain-win32_x86/bin/../lib/gcc/avr/5.4.0/../../../../avr/lib/avr4\libm.a(floatsisf.o)
                0x00000fea                __floatunsisf
                0x00000fee                __floatsisf
 .text.avr-libc.fplib
                0x00001064       0x48 d:/program files/microchip/mplabx/v5.20/avr8-gnu-toolchain-win32_x86/bin/../lib/gcc/avr/5.4.0/../../../../avr/lib/avr4\libm.a(fp_cmp.o)
                0x00001064                __fp_cmp
 .text.avr-libc.fplib
                0x000010ac        0xc d:/program files/microchip/mplabx/v5.20/avr8-gnu-toolchain-win32_x86/bin/../lib/gcc/avr/5.4.0/../../../../avr/lib/avr4\libm.a(fp_inf.o)
                0x000010ac                __fp_inf
 .text.avr-libc.fplib
                0x000010b8        0x6 d:/program files/microchip/mplabx/v5.20/avr8-gnu-toolchain-win32_x86/bin/../lib/gcc/avr/5.4.0/../../../../avr/lib/avr4\libm.a(fp_nan.o)
                0x000010b8                __fp_nan
 .text.avr-libc.fplib
                0x000010be        0xe d:/program files/microchip/mplabx/v5.20/avr8-gnu-toolchain-win32_x86/bin/../lib/gcc/avr/5.4.0/../../../../avr/lib/avr4\libm.a(fp_pscA.o)
                0x000010be                __fp_pscA
 .text.avr-libc.fplib
                0x000010cc        0xe d:/program files/microchip/mplabx/v5.20/avr8-gnu-toolchain-win32_x86/bin/../lib/gcc/avr/5.4.0/../../../../avr/lib/avr4\libm.a(fp_pscB.o)
                0x000010cc                __fp_pscB
 .text.avr-libc.fplib
                0x000010da       0x22 d:/program files/microchip/mplabx/v5.20/avr8-gnu-toolchain-win32_x86/bin/../lib/gcc/avr/5.4.0/../../../../avr/lib/avr4\libm.a(fp_round.o)
                0x000010da                __fp_round
 .text.avr-libc.fplib
                0x000010fc       0x44 d:/program files/microchip/mplabx/v5.20/avr8-gnu-toolchain-win32_x86/bin/../lib/gcc/avr/5.4.0/../../../../avr/lib/avr4\libm.a(fp_split3.o)
                0x000010fc                __fp_split3
                0x0000110c                __fp_splitA
 .text.avr-libc.fplib
                0x00001140        0xe d:/program files/microchip/mplabx/v5.20/avr8-gnu-toolchain-win32_x86/bin/../lib/gcc/avr/5.4.0/../../../../avr/lib/avr4\libm.a(fp_zero.o)
                0x00001140                __fp_zero
                0x00001142                __fp_szero
 .text.avr-libc.fplib
                0x0000114e        0x8 d:/program files/microchip/mplabx/v5.20/avr8-gnu-toolchain-win32_x86/bin/../lib/gcc/avr/5.4.0/../../../../avr/lib/avr4\libm.a(gesf2.o)
                0x0000114e                __gesf2
                0x0000114e                __gtsf2
 .text.avr-libc.fplib
                0x00001156        0x4 d:/program files/microchip/mplabx/v5.20/avr8-gnu-toolchain-win32_x86/bin/../lib/gcc/avr/5.4.0/../../../../avr/lib/avr4\libm.a(mulsf3.o)
                0x00001156                __mulsf3
 .text.avr-libc.fplib
                0x0000115a       0xc2 d:/program files/microchip/mplabx/v5.20/avr8-gnu-toolchain-win32_x86/bin/../lib/gcc/avr/5.4.0/../../../../avr/lib/avr4\libm.a(mulsf3x.o)
                0x0000116e                __mulsf3x
                0x00001172                __mulsf3_pse
 .text.libgcc.div
                0x0000121c       0x26 d:/program files/microchip/mplabx/v5.20/avr8-gnu-toolchain-win32_x86/bin/../lib/gcc/avr/5.4.0/avr4\libgcc.a(_divmodhi4.o)
                0x0000121c                _div
                0x0000121c                __divmodhi4
 .text.libgcc.div
                0x00001242       0x28 d:/program files/microchip/mplabx/v5.20/avr8-gnu-toolchain-win32_x86/bin/../lib/gcc/avr/5.4.0/avr4\libgcc.a(_divmodsi4.o)
                0x00001242                __divmodsi4
 .text.libgcc.div
                0x0000126a       0x10 d:/program files/microchip/mplabx/v5.20/avr8-gnu-toolchain-win32_x86/bin/../lib/gcc/avr/5.4.0/avr4\libgcc.a(_negsi2.o)
                0x0000126a                __negsi2
 .text.libgcc.mul
                0x0000127a        0xc d:/program files/microchip/mplabx/v5.20/avr8-gnu-toolchain-win32_x86/bin/../lib/gcc/avr/5.4.0/avr4\libgcc.a(_mulhisi3.o)
                0x0000127a                __mulhisi3
 .text.libgcc.mul
                0x00001286       0x18 d:/program files/microchip/mplabx/v5.20/avr8-gnu-toolchain-win32_x86/bin/../lib/gcc/avr/5.4.0/avr4\libgcc.a(_umulhisi3.o)
                0x00001286                __umulhisi3
 .text.libgcc.mul
                0x0000129e        0xc d:/program files/microchip/mplabx/v5.20/avr8-gnu-toolchain-win32_x86/bin/../lib/gcc/avr/5.4.0/avr4\libgcc.a(_usmulhisi3.o)
                0x0000129e                __usmulhisi3
                0x000012a0                __usmulhisi3_tail
 .text.libgcc.prologue
                0x000012aa       0x38 d:/program files/microchip/mplabx/v5.20/avr8-gnu-toolchain-win32_x86/bin/../lib/gcc/avr/5.4.0/avr4\libgcc.a(_prologue.o)
                0x000012aa                __prologue_saves__
 .text.libgcc.prologue
                0x000012e2       0x36 d:/program files/microchip/mplabx/v5.20/avr8-gnu-toolchain-win32_x86/bin/../lib/gcc/avr/5.4.0/avr4\libgcc.a(_epilogue.o)
                0x000012e2                __epilogue_restores__
 .text.libgcc   0x00001318       0x12 d:/program files/microchip/mplabx/v5.20/avr8-gnu-toolchain-win32_x86/bin/../lib/gcc/avr/5.4.0/avr4\libgcc.a(_adddi3.o)
                0x00001318                __adddi3
 .text.libgcc   0x0000132a       0x12 d:/program files/microchip/mplabx/v5.20/avr8-gnu-toolchain-win32_x86/bin/../lib/gcc/avr/5.4.0/avr4\libgcc.a(_subdi3.o)
                0x0000132a                __subdi3
 .text.libgcc.div
                0x0000133c       0x28 d:/program files/microchip/mplabx/v5.20/avr8-gnu-toolchain-win32_x86/bin/../lib/gcc/avr/5.4.0/avr4\libgcc.a(_udivmodhi4.o)
                0x0000133c                __udivmodhi4
 .text.libgcc.div
                0x00001364       0x44 d:/program files/microchip/mplabx/v5.20/avr8-gnu-toolchain-win32_x86/bin/../lib/gcc/avr/5.4.0/avr4\libgcc.a(_udivmodsi4.o)
                0x00001364                __udivmodsi4
 .text.avr-libc
                0x000013a8       0x3e d:/program files/microchip/mplabx/v5.20/avr8-gnu-toolchain-win32_x86/bin/../lib/gcc/avr/5.4.0/../../../../avr/lib/avr4\libc.a(sprintf.o)
                0x000013a8                sprintf
 .text.avr-libc
                0x000013e6      0x3a4 d:/program files/microchip/mplabx/v5.20/avr8-gnu-toolchain-win32_x86/bin/../lib/gcc/avr/5.4.0/../../../../avr/lib/avr4\libc.a(vfprintf_std.o)
                0x000013e6                vfprintf
 .text.avr-libc
                0x0000178a       0x16 d:/program files/microchip/mplabx/v5.20/avr8-gnu-toolchain-win32_x86/bin/../lib/gcc/avr/5.4.0/../../../../avr/lib/avr4\libc.a(strnlen_P.o)
                0x0000178a                strnlen_P
 .text.avr-libc
                0x000017a0       0x16 d:/program files/microchip/mplabx/v5.20/avr8-gnu-toolchain-win32_x86/bin/../lib/gcc/avr/5.4.0/../../../../avr/lib/avr4\libc.a(strnlen.o)
                0x000017a0                strnlen
 .text.avr-libc
                0x000017b6       0x78 d:/program files/microchip/mplabx/v5.20/avr8-gnu-toolchain-win32_x86/bin/../lib/gcc/avr/5.4.0/../../../../avr/lib/avr4\libc.a(fputc.o)
                0x000017b6                fputc
 .text.avr-libc
                0x0000182e       0xbc d:/program files/microchip/mplabx/v5.20/avr8-gnu-toolchain-win32_x86/bin/../lib/gcc/avr/5.4.0/../../../../avr/lib/avr4\libc.a(ultoa_invert.o)
                0x0000182e                __ultoa_invert
                0x000018ea                . = ALIGN (0x2)
 *(.fini9)
 .fini9         0x000018ea        0x0 d:/program files/microchip/mplabx/v5.20/avr8-gnu-toolchain-win32_x86/bin/../lib/gcc/avr/5.4.0/avr4\libgcc.a(_exit.o)
                0x000018ea                _exit
                0x000018ea                exit
 *(.fini9)
 *(.fini8)
 *(.fini8)
 *(.fini7)
 *(.fini7)
 *(.fini6)
 *(.fini6)
 *(.fini5)
 *(.fini5)
 *(.fini4)
 *(.fini4)
 *(.fini3)
 *(.fini3)
 *(.fini2)
 *(.fini2)
 *(.fini1)
 *(.fini1)
 *(.fini0)
 .fini0         0x000018ea        0x4 d:/program files/microchip/mplabx/v5.20/avr8-gnu-toolchain-win32_x86/bin/../lib/gcc/avr/5.4.0/avr4\libgcc.a(_exit.o)
 *(.fini0)
                0x000018ee                _etext = .

.data           0x00800060      0x244 load address 0x000018ee
                0x00800060                PROVIDE (__data_start, .)
 *(.data)
 *(.data*)
 .data.currentCalDots
                0x00800060        0xe build/default/production/VAW_functions.o
                0x00800060                currentCalDots
 .data.voltageCalDots
                0x0080006e        0xa build/default/production/VAW_functions.o
                0x0080006e                voltageCalDots
 *(.gnu.linkonce.d*)
 *(.rodata)
 *(.rodata*)
 .rodata.str1.1
                0x00800078       0x4b build/default/production/main.o
 .rodata.ASCII_5x8
                0x008000c3      0x1e0 build/default/production/PCD8544.o
 *(.gnu.linkonce.r*)
                0x008002a4                . = ALIGN (0x2)
 *fill*         0x008002a3        0x1 
                0x008002a4                _edata = .
                0x008002a4                PROVIDE (__data_end, .)

.bss            0x008002a4       0x3b
                0x008002a4                PROVIDE (__bss_start, .)
 *(.bss)
 *(.bss*)
 .bss.counter.2176
                0x008002a4        0x8 build/default/production/main.o
 .bss.err       0x008002ac        0x1 build/default/production/TWI.o
                0x008002ac                err
 .bss.rxIndex.2181
                0x008002ad        0x1 build/default/production/UART.o
 .bss.rxFlag    0x008002ae        0x1 build/default/production/UART.o
                0x008002ae                rxFlag
 .bss.filteredVal.2210
                0x008002af        0x4 build/default/production/VAW_functions.o
 .bss.filteredVal.2206
                0x008002b3        0x4 build/default/production/VAW_functions.o
 .bss.uptime    0x008002b7        0x8 build/default/production/timer_0.o
                0x008002b7                uptime
 .bss.timerInitValue
                0x008002bf        0x1 build/default/production/timer_0.o
                0x008002bf                timerInitValue
 *(COMMON)
 COMMON         0x008002c0       0x1e build/default/production/UART.o
                0x008002c0                rxBuff
 COMMON         0x008002de        0x1 build/default/production/timer_0.o
                0x008002de                timer0_period
                0x008002df                PROVIDE (__bss_end, .)
                0x000018ee                __data_load_start = LOADADDR (.data)
                0x00001b32                __data_load_end = (__data_load_start + SIZEOF (.data))

.noinit         0x008002df        0x0
                [!provide]                PROVIDE (__noinit_start, .)
 *(.noinit*)
                [!provide]                PROVIDE (__noinit_end, .)
                0x008002df                _end = .
                [!provide]                PROVIDE (__heap_start, .)

.eeprom         0x00810000        0x0
 *(.eeprom*)
                0x00810000                __eeprom_end = .

.fuse
 *(.fuse)
 *(.lfuse)
 *(.hfuse)
 *(.efuse)

.lock
 *(.lock*)

.signature
 *(.signature*)

.user_signatures
 *(.user_signatures*)

.stab
 *(.stab)

.stabstr
 *(.stabstr)

.stab.excl
 *(.stab.excl)

.stab.exclstr
 *(.stab.exclstr)

.stab.index
 *(.stab.index)

.stab.indexstr
 *(.stab.indexstr)

.comment        0x00000000       0x5c
 *(.comment)
 .comment       0x00000000       0x30 build/default/production/main.o
                                 0x31 (size before relaxing)
 .comment       0x00000030       0x31 build/default/production/ADS1115.o
 .comment       0x00000030       0x31 build/default/production/PCD8544.o
 .comment       0x00000030       0x31 build/default/production/SPI.o
 .comment       0x00000030       0x31 build/default/production/TWI.o
 .comment       0x00000030       0x31 build/default/production/UART.o
 .comment       0x00000030       0x31 build/default/production/VAW_functions.o
 .comment       0x00000030       0x31 build/default/production/timer_0.o
 .comment       0x00000030       0x31 d:/program files/microchip/mplabx/v5.20/avr8-gnu-toolchain-win32_x86/bin/../lib/gcc/avr/5.4.0/../../../../avr/lib/avr4\libc.a(sprintf.o)
 .comment       0x00000030       0x2c d:/program files/microchip/mplabx/v5.20/avr8-gnu-toolchain-win32_x86/bin/../lib/gcc/avr/5.4.0/../../../../avr/lib/avr4\libc.a(vfprintf_std.o)
                                 0x2d (size before relaxing)
 .comment       0x0000005c       0x31 d:/program files/microchip/mplabx/v5.20/avr8-gnu-toolchain-win32_x86/bin/../lib/gcc/avr/5.4.0/../../../../avr/lib/avr4\libc.a(fputc.o)

.note.gnu.avr.deviceinfo
                0x00000000       0x3c
 .note.gnu.avr.deviceinfo
                0x00000000       0x3c D:/Program files/Microchip/MPLABX/v5.30/packs/Microchip/ATmega_DFP/2.0.12/gcc/dev/atmega8a/avr4/crtatmega8a.o

.note.gnu.build-id
 *(.note.gnu.build-id)

.debug
 *(.debug)

.line
 *(.line)

.debug_srcinfo
 *(.debug_srcinfo)

.debug_sfnames
 *(.debug_sfnames)

.debug_aranges
 *(.debug_aranges)

.debug_pubnames
 *(.debug_pubnames)

.debug_info     0x00000000      0x48c
 *(.debug_info .gnu.linkonce.wi.*)
 .debug_info    0x00000000      0x48c D:/Program files/Microchip/MPLABX/v5.30/packs/Microchip/ATmega_DFP/2.0.12/gcc/dev/atmega8a/avr4/crtatmega8a.o

.debug_abbrev   0x00000000      0x44e
 *(.debug_abbrev)
 .debug_abbrev  0x00000000      0x44e D:/Program files/Microchip/MPLABX/v5.30/packs/Microchip/ATmega_DFP/2.0.12/gcc/dev/atmega8a/avr4/crtatmega8a.o

.debug_line     0x00000000      0x109
 *(.debug_line .debug_line.* .debug_line_end)
 .debug_line    0x00000000      0x109 D:/Program files/Microchip/MPLABX/v5.30/packs/Microchip/ATmega_DFP/2.0.12/gcc/dev/atmega8a/avr4/crtatmega8a.o

.debug_frame
 *(.debug_frame)

.debug_str      0x00000000      0x17a
 *(.debug_str)
 .debug_str     0x00000000      0x17a D:/Program files/Microchip/MPLABX/v5.30/packs/Microchip/ATmega_DFP/2.0.12/gcc/dev/atmega8a/avr4/crtatmega8a.o

.debug_loc
 *(.debug_loc)

.debug_macinfo
 *(.debug_macinfo)

.debug_weaknames
 *(.debug_weaknames)

.debug_funcnames
 *(.debug_funcnames)

.debug_typenames
 *(.debug_typenames)

.debug_varnames
 *(.debug_varnames)

.debug_pubtypes
 *(.debug_pubtypes)

.debug_ranges
 *(.debug_ranges)

.debug_macro
 *(.debug_macro)
OUTPUT(dist/default/production/VAW_meter.X.production.elf elf32-avr)
LOAD linker stubs
