Archive member included to satisfy reference by file (symbol)

d:/program files/microchip/mplabx/v5.20/avr8-gnu-toolchain-win32_x86/bin/../lib/gcc/avr/5.4.0/../../../../avr/lib/avr4\libm.a(addsf3.o)
                              build/default/production/VAW_functions.o (__addsf3)
d:/program files/microchip/mplabx/v5.20/avr8-gnu-toolchain-win32_x86/bin/../lib/gcc/avr/5.4.0/../../../../avr/lib/avr4\libm.a(addsf3x.o)
                              d:/program files/microchip/mplabx/v5.20/avr8-gnu-toolchain-win32_x86/bin/../lib/gcc/avr/5.4.0/../../../../avr/lib/avr4\libm.a(addsf3.o) (__addsf3x)
d:/program files/microchip/mplabx/v5.20/avr8-gnu-toolchain-win32_x86/bin/../lib/gcc/avr/5.4.0/../../../../avr/lib/avr4\libm.a(cmpsf2.o)
                              build/default/production/VAW_functions.o (__lesf2)
d:/program files/microchip/mplabx/v5.20/avr8-gnu-toolchain-win32_x86/bin/../lib/gcc/avr/5.4.0/../../../../avr/lib/avr4\libm.a(fixsfsi.o)
                              build/default/production/VAW_functions.o (__fixsfsi)
d:/program files/microchip/mplabx/v5.20/avr8-gnu-toolchain-win32_x86/bin/../lib/gcc/avr/5.4.0/../../../../avr/lib/avr4\libm.a(fixunssfsi.o)
                              d:/program files/microchip/mplabx/v5.20/avr8-gnu-toolchain-win32_x86/bin/../lib/gcc/avr/5.4.0/../../../../avr/lib/avr4\libm.a(fixsfsi.o) (__fixunssfsi)
d:/program files/microchip/mplabx/v5.20/avr8-gnu-toolchain-win32_x86/bin/../lib/gcc/avr/5.4.0/../../../../avr/lib/avr4\libm.a(floatsisf.o)
                              build/default/production/VAW_functions.o (__floatsisf)
d:/program files/microchip/mplabx/v5.20/avr8-gnu-toolchain-win32_x86/bin/../lib/gcc/avr/5.4.0/../../../../avr/lib/avr4\libm.a(fp_cmp.o)
                              d:/program files/microchip/mplabx/v5.20/avr8-gnu-toolchain-win32_x86/bin/../lib/gcc/avr/5.4.0/../../../../avr/lib/avr4\libm.a(cmpsf2.o) (__fp_cmp)
d:/program files/microchip/mplabx/v5.20/avr8-gnu-toolchain-win32_x86/bin/../lib/gcc/avr/5.4.0/../../../../avr/lib/avr4\libm.a(fp_inf.o)
                              d:/program files/microchip/mplabx/v5.20/avr8-gnu-toolchain-win32_x86/bin/../lib/gcc/avr/5.4.0/../../../../avr/lib/avr4\libm.a(addsf3x.o) (__fp_inf)
d:/program files/microchip/mplabx/v5.20/avr8-gnu-toolchain-win32_x86/bin/../lib/gcc/avr/5.4.0/../../../../avr/lib/avr4\libm.a(fp_nan.o)
                              d:/program files/microchip/mplabx/v5.20/avr8-gnu-toolchain-win32_x86/bin/../lib/gcc/avr/5.4.0/../../../../avr/lib/avr4\libm.a(addsf3x.o) (__fp_nan)
d:/program files/microchip/mplabx/v5.20/avr8-gnu-toolchain-win32_x86/bin/../lib/gcc/avr/5.4.0/../../../../avr/lib/avr4\libm.a(fp_pscA.o)
                              d:/program files/microchip/mplabx/v5.20/avr8-gnu-toolchain-win32_x86/bin/../lib/gcc/avr/5.4.0/../../../../avr/lib/avr4\libm.a(addsf3x.o) (__fp_pscA)
d:/program files/microchip/mplabx/v5.20/avr8-gnu-toolchain-win32_x86/bin/../lib/gcc/avr/5.4.0/../../../../avr/lib/avr4\libm.a(fp_pscB.o)
                              d:/program files/microchip/mplabx/v5.20/avr8-gnu-toolchain-win32_x86/bin/../lib/gcc/avr/5.4.0/../../../../avr/lib/avr4\libm.a(addsf3x.o) (__fp_pscB)
d:/program files/microchip/mplabx/v5.20/avr8-gnu-toolchain-win32_x86/bin/../lib/gcc/avr/5.4.0/../../../../avr/lib/avr4\libm.a(fp_round.o)
                              d:/program files/microchip/mplabx/v5.20/avr8-gnu-toolchain-win32_x86/bin/../lib/gcc/avr/5.4.0/../../../../avr/lib/avr4\libm.a(addsf3.o) (__fp_round)
d:/program files/microchip/mplabx/v5.20/avr8-gnu-toolchain-win32_x86/bin/../lib/gcc/avr/5.4.0/../../../../avr/lib/avr4\libm.a(fp_split3.o)
                              d:/program files/microchip/mplabx/v5.20/avr8-gnu-toolchain-win32_x86/bin/../lib/gcc/avr/5.4.0/../../../../avr/lib/avr4\libm.a(addsf3x.o) (__fp_split3)
d:/program files/microchip/mplabx/v5.20/avr8-gnu-toolchain-win32_x86/bin/../lib/gcc/avr/5.4.0/../../../../avr/lib/avr4\libm.a(fp_zero.o)
                              d:/program files/microchip/mplabx/v5.20/avr8-gnu-toolchain-win32_x86/bin/../lib/gcc/avr/5.4.0/../../../../avr/lib/avr4\libm.a(addsf3x.o) (__fp_zero)
d:/program files/microchip/mplabx/v5.20/avr8-gnu-toolchain-win32_x86/bin/../lib/gcc/avr/5.4.0/../../../../avr/lib/avr4\libm.a(gesf2.o)
                              build/default/production/VAW_functions.o (__gtsf2)
d:/program files/microchip/mplabx/v5.20/avr8-gnu-toolchain-win32_x86/bin/../lib/gcc/avr/5.4.0/../../../../avr/lib/avr4\libm.a(mulsf3.o)
                              build/default/production/VAW_functions.o (__mulsf3)
d:/program files/microchip/mplabx/v5.20/avr8-gnu-toolchain-win32_x86/bin/../lib/gcc/avr/5.4.0/../../../../avr/lib/avr4\libm.a(mulsf3x.o)
                              d:/program files/microchip/mplabx/v5.20/avr8-gnu-toolchain-win32_x86/bin/../lib/gcc/avr/5.4.0/../../../../avr/lib/avr4\libm.a(mulsf3.o) (__mulsf3x)
d:/program files/microchip/mplabx/v5.20/avr8-gnu-toolchain-win32_x86/bin/../lib/gcc/avr/5.4.0/avr4\libgcc.a(_divmodhi4.o)
                              build/default/production/main.o (__divmodhi4)
d:/program files/microchip/mplabx/v5.20/avr8-gnu-toolchain-win32_x86/bin/../lib/gcc/avr/5.4.0/avr4\libgcc.a(_divmodsi4.o)
                              build/default/production/PCD8544.o (__divmodsi4)
d:/program files/microchip/mplabx/v5.20/avr8-gnu-toolchain-win32_x86/bin/../lib/gcc/avr/5.4.0/avr4\libgcc.a(_negsi2.o)
                              d:/program files/microchip/mplabx/v5.20/avr8-gnu-toolchain-win32_x86/bin/../lib/gcc/avr/5.4.0/avr4\libgcc.a(_divmodsi4.o) (__negsi2)
d:/program files/microchip/mplabx/v5.20/avr8-gnu-toolchain-win32_x86/bin/../lib/gcc/avr/5.4.0/avr4\libgcc.a(_exit.o)
                              D:/Program files/Microchip/MPLABX/v5.30/packs/Microchip/ATmega_DFP/2.0.12/gcc/dev/atmega8a/avr4/crtatmega8a.o (exit)
d:/program files/microchip/mplabx/v5.20/avr8-gnu-toolchain-win32_x86/bin/../lib/gcc/avr/5.4.0/avr4\libgcc.a(_copy_data.o)
                              build/default/production/main.o (__do_copy_data)
d:/program files/microchip/mplabx/v5.20/avr8-gnu-toolchain-win32_x86/bin/../lib/gcc/avr/5.4.0/avr4\libgcc.a(_clear_bss.o)
                              build/default/production/TWI.o (__do_clear_bss)
d:/program files/microchip/mplabx/v5.20/avr8-gnu-toolchain-win32_x86/bin/../lib/gcc/avr/5.4.0/avr4\libgcc.a(_divdi3.o)
                              build/default/production/UART.o (__moddi3)
d:/program files/microchip/mplabx/v5.20/avr8-gnu-toolchain-win32_x86/bin/../lib/gcc/avr/5.4.0/avr4\libgcc.a(_udivdi3.o)
                              build/default/production/UART.o (__umoddi3)
d:/program files/microchip/mplabx/v5.20/avr8-gnu-toolchain-win32_x86/bin/../lib/gcc/avr/5.4.0/avr4\libgcc.a(_udivmod64.o)
                              d:/program files/microchip/mplabx/v5.20/avr8-gnu-toolchain-win32_x86/bin/../lib/gcc/avr/5.4.0/avr4\libgcc.a(_divdi3.o) (__udivmod64)
d:/program files/microchip/mplabx/v5.20/avr8-gnu-toolchain-win32_x86/bin/../lib/gcc/avr/5.4.0/avr4\libgcc.a(_negdi2.o)
                              build/default/production/UART.o (__negdi2)
d:/program files/microchip/mplabx/v5.20/avr8-gnu-toolchain-win32_x86/bin/../lib/gcc/avr/5.4.0/avr4\libgcc.a(_prologue.o)
                              d:/program files/microchip/mplabx/v5.20/avr8-gnu-toolchain-win32_x86/bin/../lib/gcc/avr/5.4.0/avr4\libgcc.a(_divdi3.o) (__prologue_saves__)
d:/program files/microchip/mplabx/v5.20/avr8-gnu-toolchain-win32_x86/bin/../lib/gcc/avr/5.4.0/avr4\libgcc.a(_epilogue.o)
                              d:/program files/microchip/mplabx/v5.20/avr8-gnu-toolchain-win32_x86/bin/../lib/gcc/avr/5.4.0/avr4\libgcc.a(_divdi3.o) (__epilogue_restores__)
d:/program files/microchip/mplabx/v5.20/avr8-gnu-toolchain-win32_x86/bin/../lib/gcc/avr/5.4.0/avr4\libgcc.a(_ashldi3.o)
                              build/default/production/UART.o (__ashldi3)
d:/program files/microchip/mplabx/v5.20/avr8-gnu-toolchain-win32_x86/bin/../lib/gcc/avr/5.4.0/avr4\libgcc.a(_adddi3.o)
                              build/default/production/UART.o (__adddi3)
d:/program files/microchip/mplabx/v5.20/avr8-gnu-toolchain-win32_x86/bin/../lib/gcc/avr/5.4.0/avr4\libgcc.a(_cmpdi2_s8.o)
                              build/default/production/UART.o (__cmpdi2_s8)
d:/program files/microchip/mplabx/v5.20/avr8-gnu-toolchain-win32_x86/bin/../lib/gcc/avr/5.4.0/avr4\libgcc.a(_udivmodhi4.o)
                              d:/program files/microchip/mplabx/v5.20/avr8-gnu-toolchain-win32_x86/bin/../lib/gcc/avr/5.4.0/avr4\libgcc.a(_divmodhi4.o) (__udivmodhi4)
d:/program files/microchip/mplabx/v5.20/avr8-gnu-toolchain-win32_x86/bin/../lib/gcc/avr/5.4.0/avr4\libgcc.a(_udivmodsi4.o)
                              d:/program files/microchip/mplabx/v5.20/avr8-gnu-toolchain-win32_x86/bin/../lib/gcc/avr/5.4.0/avr4\libgcc.a(_divmodsi4.o) (__udivmodsi4)

Allocating common symbols
Common symbol       size              file

rxBuff              0x1e              build/default/production/UART.o

Discarded input sections

 .data          0x00000000        0x0 D:/Program files/Microchip/MPLABX/v5.30/packs/Microchip/ATmega_DFP/2.0.12/gcc/dev/atmega8a/avr4/crtatmega8a.o
 .bss           0x00000000        0x0 D:/Program files/Microchip/MPLABX/v5.30/packs/Microchip/ATmega_DFP/2.0.12/gcc/dev/atmega8a/avr4/crtatmega8a.o
 .text          0x00000000        0x0 build/default/production/main.o
 .data          0x00000000        0x0 build/default/production/main.o
 .bss           0x00000000        0x0 build/default/production/main.o
 .text          0x00000000        0x0 build/default/production/ADS1115.o
 .data          0x00000000        0x0 build/default/production/ADS1115.o
 .bss           0x00000000        0x0 build/default/production/ADS1115.o
 .text          0x00000000        0x0 build/default/production/PCD8544.o
 .data          0x00000000        0x0 build/default/production/PCD8544.o
 .bss           0x00000000        0x0 build/default/production/PCD8544.o
 .text          0x00000000        0x0 build/default/production/SPI.o
 .data          0x00000000        0x0 build/default/production/SPI.o
 .bss           0x00000000        0x0 build/default/production/SPI.o
 .text          0x00000000        0x0 build/default/production/TWI.o
 .data          0x00000000        0x0 build/default/production/TWI.o
 .bss           0x00000000        0x0 build/default/production/TWI.o
 .text          0x00000000        0x0 build/default/production/UART.o
 .data          0x00000000        0x0 build/default/production/UART.o
 .bss           0x00000000        0x0 build/default/production/UART.o
 .text.UART_transmitByte
                0x00000000        0x8 build/default/production/UART.o
 .text.UART_print
                0x00000000       0x2a build/default/production/UART.o
 .text.UART_println
                0x00000000        0xc build/default/production/UART.o
 .text.UART_printInt
                0x00000000      0x258 build/default/production/UART.o
 .text.UART_printUint
                0x00000000      0x204 build/default/production/UART.o
 .text.UART_init
                0x00000000       0x2c build/default/production/UART.o
 .text.UART_checkRxFlag
                0x00000000       0x12 build/default/production/UART.o
 .text          0x00000000        0x0 build/default/production/VAW_functions.o
 .data          0x00000000        0x0 build/default/production/VAW_functions.o
 .bss           0x00000000        0x0 build/default/production/VAW_functions.o
 .text.sortArray
                0x00000000       0x92 build/default/production/VAW_functions.o
 .text.getMedian
                0x00000000       0x3a build/default/production/VAW_functions.o
 .text          0x00000000        0x0 d:/program files/microchip/mplabx/v5.20/avr8-gnu-toolchain-win32_x86/bin/../lib/gcc/avr/5.4.0/../../../../avr/lib/avr4\libm.a(addsf3.o)
 .data          0x00000000        0x0 d:/program files/microchip/mplabx/v5.20/avr8-gnu-toolchain-win32_x86/bin/../lib/gcc/avr/5.4.0/../../../../avr/lib/avr4\libm.a(addsf3.o)
 .bss           0x00000000        0x0 d:/program files/microchip/mplabx/v5.20/avr8-gnu-toolchain-win32_x86/bin/../lib/gcc/avr/5.4.0/../../../../avr/lib/avr4\libm.a(addsf3.o)
 .text          0x00000000        0x0 d:/program files/microchip/mplabx/v5.20/avr8-gnu-toolchain-win32_x86/bin/../lib/gcc/avr/5.4.0/../../../../avr/lib/avr4\libm.a(addsf3x.o)
 .data          0x00000000        0x0 d:/program files/microchip/mplabx/v5.20/avr8-gnu-toolchain-win32_x86/bin/../lib/gcc/avr/5.4.0/../../../../avr/lib/avr4\libm.a(addsf3x.o)
 .bss           0x00000000        0x0 d:/program files/microchip/mplabx/v5.20/avr8-gnu-toolchain-win32_x86/bin/../lib/gcc/avr/5.4.0/../../../../avr/lib/avr4\libm.a(addsf3x.o)
 .text          0x00000000        0x0 d:/program files/microchip/mplabx/v5.20/avr8-gnu-toolchain-win32_x86/bin/../lib/gcc/avr/5.4.0/../../../../avr/lib/avr4\libm.a(cmpsf2.o)
 .data          0x00000000        0x0 d:/program files/microchip/mplabx/v5.20/avr8-gnu-toolchain-win32_x86/bin/../lib/gcc/avr/5.4.0/../../../../avr/lib/avr4\libm.a(cmpsf2.o)
 .bss           0x00000000        0x0 d:/program files/microchip/mplabx/v5.20/avr8-gnu-toolchain-win32_x86/bin/../lib/gcc/avr/5.4.0/../../../../avr/lib/avr4\libm.a(cmpsf2.o)
 .text          0x00000000        0x0 d:/program files/microchip/mplabx/v5.20/avr8-gnu-toolchain-win32_x86/bin/../lib/gcc/avr/5.4.0/../../../../avr/lib/avr4\libm.a(fixsfsi.o)
 .data          0x00000000        0x0 d:/program files/microchip/mplabx/v5.20/avr8-gnu-toolchain-win32_x86/bin/../lib/gcc/avr/5.4.0/../../../../avr/lib/avr4\libm.a(fixsfsi.o)
 .bss           0x00000000        0x0 d:/program files/microchip/mplabx/v5.20/avr8-gnu-toolchain-win32_x86/bin/../lib/gcc/avr/5.4.0/../../../../avr/lib/avr4\libm.a(fixsfsi.o)
 .text          0x00000000        0x0 d:/program files/microchip/mplabx/v5.20/avr8-gnu-toolchain-win32_x86/bin/../lib/gcc/avr/5.4.0/../../../../avr/lib/avr4\libm.a(fixunssfsi.o)
 .data          0x00000000        0x0 d:/program files/microchip/mplabx/v5.20/avr8-gnu-toolchain-win32_x86/bin/../lib/gcc/avr/5.4.0/../../../../avr/lib/avr4\libm.a(fixunssfsi.o)
 .bss           0x00000000        0x0 d:/program files/microchip/mplabx/v5.20/avr8-gnu-toolchain-win32_x86/bin/../lib/gcc/avr/5.4.0/../../../../avr/lib/avr4\libm.a(fixunssfsi.o)
 .text          0x00000000        0x0 d:/program files/microchip/mplabx/v5.20/avr8-gnu-toolchain-win32_x86/bin/../lib/gcc/avr/5.4.0/../../../../avr/lib/avr4\libm.a(floatsisf.o)
 .data          0x00000000        0x0 d:/program files/microchip/mplabx/v5.20/avr8-gnu-toolchain-win32_x86/bin/../lib/gcc/avr/5.4.0/../../../../avr/lib/avr4\libm.a(floatsisf.o)
 .bss           0x00000000        0x0 d:/program files/microchip/mplabx/v5.20/avr8-gnu-toolchain-win32_x86/bin/../lib/gcc/avr/5.4.0/../../../../avr/lib/avr4\libm.a(floatsisf.o)
 .text          0x00000000        0x0 d:/program files/microchip/mplabx/v5.20/avr8-gnu-toolchain-win32_x86/bin/../lib/gcc/avr/5.4.0/../../../../avr/lib/avr4\libm.a(fp_cmp.o)
 .data          0x00000000        0x0 d:/program files/microchip/mplabx/v5.20/avr8-gnu-toolchain-win32_x86/bin/../lib/gcc/avr/5.4.0/../../../../avr/lib/avr4\libm.a(fp_cmp.o)
 .bss           0x00000000        0x0 d:/program files/microchip/mplabx/v5.20/avr8-gnu-toolchain-win32_x86/bin/../lib/gcc/avr/5.4.0/../../../../avr/lib/avr4\libm.a(fp_cmp.o)
 .text          0x00000000        0x0 d:/program files/microchip/mplabx/v5.20/avr8-gnu-toolchain-win32_x86/bin/../lib/gcc/avr/5.4.0/../../../../avr/lib/avr4\libm.a(fp_inf.o)
 .data          0x00000000        0x0 d:/program files/microchip/mplabx/v5.20/avr8-gnu-toolchain-win32_x86/bin/../lib/gcc/avr/5.4.0/../../../../avr/lib/avr4\libm.a(fp_inf.o)
 .bss           0x00000000        0x0 d:/program files/microchip/mplabx/v5.20/avr8-gnu-toolchain-win32_x86/bin/../lib/gcc/avr/5.4.0/../../../../avr/lib/avr4\libm.a(fp_inf.o)
 .text          0x00000000        0x0 d:/program files/microchip/mplabx/v5.20/avr8-gnu-toolchain-win32_x86/bin/../lib/gcc/avr/5.4.0/../../../../avr/lib/avr4\libm.a(fp_nan.o)
 .data          0x00000000        0x0 d:/program files/microchip/mplabx/v5.20/avr8-gnu-toolchain-win32_x86/bin/../lib/gcc/avr/5.4.0/../../../../avr/lib/avr4\libm.a(fp_nan.o)
 .bss           0x00000000        0x0 d:/program files/microchip/mplabx/v5.20/avr8-gnu-toolchain-win32_x86/bin/../lib/gcc/avr/5.4.0/../../../../avr/lib/avr4\libm.a(fp_nan.o)
 .text          0x00000000        0x0 d:/program files/microchip/mplabx/v5.20/avr8-gnu-toolchain-win32_x86/bin/../lib/gcc/avr/5.4.0/../../../../avr/lib/avr4\libm.a(fp_pscA.o)
 .data          0x00000000        0x0 d:/program files/microchip/mplabx/v5.20/avr8-gnu-toolchain-win32_x86/bin/../lib/gcc/avr/5.4.0/../../../../avr/lib/avr4\libm.a(fp_pscA.o)
 .bss           0x00000000        0x0 d:/program files/microchip/mplabx/v5.20/avr8-gnu-toolchain-win32_x86/bin/../lib/gcc/avr/5.4.0/../../../../avr/lib/avr4\libm.a(fp_pscA.o)
 .text          0x00000000        0x0 d:/program files/microchip/mplabx/v5.20/avr8-gnu-toolchain-win32_x86/bin/../lib/gcc/avr/5.4.0/../../../../avr/lib/avr4\libm.a(fp_pscB.o)
 .data          0x00000000        0x0 d:/program files/microchip/mplabx/v5.20/avr8-gnu-toolchain-win32_x86/bin/../lib/gcc/avr/5.4.0/../../../../avr/lib/avr4\libm.a(fp_pscB.o)
 .bss           0x00000000        0x0 d:/program files/microchip/mplabx/v5.20/avr8-gnu-toolchain-win32_x86/bin/../lib/gcc/avr/5.4.0/../../../../avr/lib/avr4\libm.a(fp_pscB.o)
 .text          0x00000000        0x0 d:/program files/microchip/mplabx/v5.20/avr8-gnu-toolchain-win32_x86/bin/../lib/gcc/avr/5.4.0/../../../../avr/lib/avr4\libm.a(fp_round.o)
 .data          0x00000000        0x0 d:/program files/microchip/mplabx/v5.20/avr8-gnu-toolchain-win32_x86/bin/../lib/gcc/avr/5.4.0/../../../../avr/lib/avr4\libm.a(fp_round.o)
 .bss           0x00000000        0x0 d:/program files/microchip/mplabx/v5.20/avr8-gnu-toolchain-win32_x86/bin/../lib/gcc/avr/5.4.0/../../../../avr/lib/avr4\libm.a(fp_round.o)
 .text          0x00000000        0x0 d:/program files/microchip/mplabx/v5.20/avr8-gnu-toolchain-win32_x86/bin/../lib/gcc/avr/5.4.0/../../../../avr/lib/avr4\libm.a(fp_split3.o)
 .data          0x00000000        0x0 d:/program files/microchip/mplabx/v5.20/avr8-gnu-toolchain-win32_x86/bin/../lib/gcc/avr/5.4.0/../../../../avr/lib/avr4\libm.a(fp_split3.o)
 .bss           0x00000000        0x0 d:/program files/microchip/mplabx/v5.20/avr8-gnu-toolchain-win32_x86/bin/../lib/gcc/avr/5.4.0/../../../../avr/lib/avr4\libm.a(fp_split3.o)
 .text          0x00000000        0x0 d:/program files/microchip/mplabx/v5.20/avr8-gnu-toolchain-win32_x86/bin/../lib/gcc/avr/5.4.0/../../../../avr/lib/avr4\libm.a(fp_zero.o)
 .data          0x00000000        0x0 d:/program files/microchip/mplabx/v5.20/avr8-gnu-toolchain-win32_x86/bin/../lib/gcc/avr/5.4.0/../../../../avr/lib/avr4\libm.a(fp_zero.o)
 .bss           0x00000000        0x0 d:/program files/microchip/mplabx/v5.20/avr8-gnu-toolchain-win32_x86/bin/../lib/gcc/avr/5.4.0/../../../../avr/lib/avr4\libm.a(fp_zero.o)
 .text          0x00000000        0x0 d:/program files/microchip/mplabx/v5.20/avr8-gnu-toolchain-win32_x86/bin/../lib/gcc/avr/5.4.0/../../../../avr/lib/avr4\libm.a(gesf2.o)
 .data          0x00000000        0x0 d:/program files/microchip/mplabx/v5.20/avr8-gnu-toolchain-win32_x86/bin/../lib/gcc/avr/5.4.0/../../../../avr/lib/avr4\libm.a(gesf2.o)
 .bss           0x00000000        0x0 d:/program files/microchip/mplabx/v5.20/avr8-gnu-toolchain-win32_x86/bin/../lib/gcc/avr/5.4.0/../../../../avr/lib/avr4\libm.a(gesf2.o)
 .text          0x00000000        0x0 d:/program files/microchip/mplabx/v5.20/avr8-gnu-toolchain-win32_x86/bin/../lib/gcc/avr/5.4.0/../../../../avr/lib/avr4\libm.a(mulsf3.o)
 .data          0x00000000        0x0 d:/program files/microchip/mplabx/v5.20/avr8-gnu-toolchain-win32_x86/bin/../lib/gcc/avr/5.4.0/../../../../avr/lib/avr4\libm.a(mulsf3.o)
 .bss           0x00000000        0x0 d:/program files/microchip/mplabx/v5.20/avr8-gnu-toolchain-win32_x86/bin/../lib/gcc/avr/5.4.0/../../../../avr/lib/avr4\libm.a(mulsf3.o)
 .text          0x00000000        0x0 d:/program files/microchip/mplabx/v5.20/avr8-gnu-toolchain-win32_x86/bin/../lib/gcc/avr/5.4.0/../../../../avr/lib/avr4\libm.a(mulsf3x.o)
 .data          0x00000000        0x0 d:/program files/microchip/mplabx/v5.20/avr8-gnu-toolchain-win32_x86/bin/../lib/gcc/avr/5.4.0/../../../../avr/lib/avr4\libm.a(mulsf3x.o)
 .bss           0x00000000        0x0 d:/program files/microchip/mplabx/v5.20/avr8-gnu-toolchain-win32_x86/bin/../lib/gcc/avr/5.4.0/../../../../avr/lib/avr4\libm.a(mulsf3x.o)
 .text          0x00000000        0x0 d:/program files/microchip/mplabx/v5.20/avr8-gnu-toolchain-win32_x86/bin/../lib/gcc/avr/5.4.0/avr4\libgcc.a(_divmodhi4.o)
 .data          0x00000000        0x0 d:/program files/microchip/mplabx/v5.20/avr8-gnu-toolchain-win32_x86/bin/../lib/gcc/avr/5.4.0/avr4\libgcc.a(_divmodhi4.o)
 .bss           0x00000000        0x0 d:/program files/microchip/mplabx/v5.20/avr8-gnu-toolchain-win32_x86/bin/../lib/gcc/avr/5.4.0/avr4\libgcc.a(_divmodhi4.o)
 .text.libgcc.mul
                0x00000000        0x0 d:/program files/microchip/mplabx/v5.20/avr8-gnu-toolchain-win32_x86/bin/../lib/gcc/avr/5.4.0/avr4\libgcc.a(_divmodhi4.o)
 .text.libgcc   0x00000000        0x0 d:/program files/microchip/mplabx/v5.20/avr8-gnu-toolchain-win32_x86/bin/../lib/gcc/avr/5.4.0/avr4\libgcc.a(_divmodhi4.o)
 .text.libgcc.prologue
                0x00000000        0x0 d:/program files/microchip/mplabx/v5.20/avr8-gnu-toolchain-win32_x86/bin/../lib/gcc/avr/5.4.0/avr4\libgcc.a(_divmodhi4.o)
 .text.libgcc.builtins
                0x00000000        0x0 d:/program files/microchip/mplabx/v5.20/avr8-gnu-toolchain-win32_x86/bin/../lib/gcc/avr/5.4.0/avr4\libgcc.a(_divmodhi4.o)
 .text.libgcc.fmul
                0x00000000        0x0 d:/program files/microchip/mplabx/v5.20/avr8-gnu-toolchain-win32_x86/bin/../lib/gcc/avr/5.4.0/avr4\libgcc.a(_divmodhi4.o)
 .text.libgcc.fixed
                0x00000000        0x0 d:/program files/microchip/mplabx/v5.20/avr8-gnu-toolchain-win32_x86/bin/../lib/gcc/avr/5.4.0/avr4\libgcc.a(_divmodhi4.o)
 .text          0x00000000        0x0 d:/program files/microchip/mplabx/v5.20/avr8-gnu-toolchain-win32_x86/bin/../lib/gcc/avr/5.4.0/avr4\libgcc.a(_divmodsi4.o)
 .data          0x00000000        0x0 d:/program files/microchip/mplabx/v5.20/avr8-gnu-toolchain-win32_x86/bin/../lib/gcc/avr/5.4.0/avr4\libgcc.a(_divmodsi4.o)
 .bss           0x00000000        0x0 d:/program files/microchip/mplabx/v5.20/avr8-gnu-toolchain-win32_x86/bin/../lib/gcc/avr/5.4.0/avr4\libgcc.a(_divmodsi4.o)
 .text.libgcc.mul
                0x00000000        0x0 d:/program files/microchip/mplabx/v5.20/avr8-gnu-toolchain-win32_x86/bin/../lib/gcc/avr/5.4.0/avr4\libgcc.a(_divmodsi4.o)
 .text.libgcc   0x00000000        0x0 d:/program files/microchip/mplabx/v5.20/avr8-gnu-toolchain-win32_x86/bin/../lib/gcc/avr/5.4.0/avr4\libgcc.a(_divmodsi4.o)
 .text.libgcc.prologue
                0x00000000        0x0 d:/program files/microchip/mplabx/v5.20/avr8-gnu-toolchain-win32_x86/bin/../lib/gcc/avr/5.4.0/avr4\libgcc.a(_divmodsi4.o)
 .text.libgcc.builtins
                0x00000000        0x0 d:/program files/microchip/mplabx/v5.20/avr8-gnu-toolchain-win32_x86/bin/../lib/gcc/avr/5.4.0/avr4\libgcc.a(_divmodsi4.o)
 .text.libgcc.fmul
                0x00000000        0x0 d:/program files/microchip/mplabx/v5.20/avr8-gnu-toolchain-win32_x86/bin/../lib/gcc/avr/5.4.0/avr4\libgcc.a(_divmodsi4.o)
 .text.libgcc.fixed
                0x00000000        0x0 d:/program files/microchip/mplabx/v5.20/avr8-gnu-toolchain-win32_x86/bin/../lib/gcc/avr/5.4.0/avr4\libgcc.a(_divmodsi4.o)
 .text          0x00000000        0x0 d:/program files/microchip/mplabx/v5.20/avr8-gnu-toolchain-win32_x86/bin/../lib/gcc/avr/5.4.0/avr4\libgcc.a(_negsi2.o)
 .data          0x00000000        0x0 d:/program files/microchip/mplabx/v5.20/avr8-gnu-toolchain-win32_x86/bin/../lib/gcc/avr/5.4.0/avr4\libgcc.a(_negsi2.o)
 .bss           0x00000000        0x0 d:/program files/microchip/mplabx/v5.20/avr8-gnu-toolchain-win32_x86/bin/../lib/gcc/avr/5.4.0/avr4\libgcc.a(_negsi2.o)
 .text.libgcc.mul
                0x00000000        0x0 d:/program files/microchip/mplabx/v5.20/avr8-gnu-toolchain-win32_x86/bin/../lib/gcc/avr/5.4.0/avr4\libgcc.a(_negsi2.o)
 .text.libgcc   0x00000000        0x0 d:/program files/microchip/mplabx/v5.20/avr8-gnu-toolchain-win32_x86/bin/../lib/gcc/avr/5.4.0/avr4\libgcc.a(_negsi2.o)
 .text.libgcc.prologue
                0x00000000        0x0 d:/program files/microchip/mplabx/v5.20/avr8-gnu-toolchain-win32_x86/bin/../lib/gcc/avr/5.4.0/avr4\libgcc.a(_negsi2.o)
 .text.libgcc.builtins
                0x00000000        0x0 d:/program files/microchip/mplabx/v5.20/avr8-gnu-toolchain-win32_x86/bin/../lib/gcc/avr/5.4.0/avr4\libgcc.a(_negsi2.o)
 .text.libgcc.fmul
                0x00000000        0x0 d:/program files/microchip/mplabx/v5.20/avr8-gnu-toolchain-win32_x86/bin/../lib/gcc/avr/5.4.0/avr4\libgcc.a(_negsi2.o)
 .text.libgcc.fixed
                0x00000000        0x0 d:/program files/microchip/mplabx/v5.20/avr8-gnu-toolchain-win32_x86/bin/../lib/gcc/avr/5.4.0/avr4\libgcc.a(_negsi2.o)
 .text          0x00000000        0x0 d:/program files/microchip/mplabx/v5.20/avr8-gnu-toolchain-win32_x86/bin/../lib/gcc/avr/5.4.0/avr4\libgcc.a(_exit.o)
 .data          0x00000000        0x0 d:/program files/microchip/mplabx/v5.20/avr8-gnu-toolchain-win32_x86/bin/../lib/gcc/avr/5.4.0/avr4\libgcc.a(_exit.o)
 .bss           0x00000000        0x0 d:/program files/microchip/mplabx/v5.20/avr8-gnu-toolchain-win32_x86/bin/../lib/gcc/avr/5.4.0/avr4\libgcc.a(_exit.o)
 .text.libgcc.mul
                0x00000000        0x0 d:/program files/microchip/mplabx/v5.20/avr8-gnu-toolchain-win32_x86/bin/../lib/gcc/avr/5.4.0/avr4\libgcc.a(_exit.o)
 .text.libgcc.div
                0x00000000        0x0 d:/program files/microchip/mplabx/v5.20/avr8-gnu-toolchain-win32_x86/bin/../lib/gcc/avr/5.4.0/avr4\libgcc.a(_exit.o)
 .text.libgcc   0x00000000        0x0 d:/program files/microchip/mplabx/v5.20/avr8-gnu-toolchain-win32_x86/bin/../lib/gcc/avr/5.4.0/avr4\libgcc.a(_exit.o)
 .text.libgcc.prologue
                0x00000000        0x0 d:/program files/microchip/mplabx/v5.20/avr8-gnu-toolchain-win32_x86/bin/../lib/gcc/avr/5.4.0/avr4\libgcc.a(_exit.o)
 .text.libgcc.builtins
                0x00000000        0x0 d:/program files/microchip/mplabx/v5.20/avr8-gnu-toolchain-win32_x86/bin/../lib/gcc/avr/5.4.0/avr4\libgcc.a(_exit.o)
 .text.libgcc.fmul
                0x00000000        0x0 d:/program files/microchip/mplabx/v5.20/avr8-gnu-toolchain-win32_x86/bin/../lib/gcc/avr/5.4.0/avr4\libgcc.a(_exit.o)
 .text.libgcc.fixed
                0x00000000        0x0 d:/program files/microchip/mplabx/v5.20/avr8-gnu-toolchain-win32_x86/bin/../lib/gcc/avr/5.4.0/avr4\libgcc.a(_exit.o)
 .text          0x00000000        0x0 d:/program files/microchip/mplabx/v5.20/avr8-gnu-toolchain-win32_x86/bin/../lib/gcc/avr/5.4.0/avr4\libgcc.a(_copy_data.o)
 .data          0x00000000        0x0 d:/program files/microchip/mplabx/v5.20/avr8-gnu-toolchain-win32_x86/bin/../lib/gcc/avr/5.4.0/avr4\libgcc.a(_copy_data.o)
 .bss           0x00000000        0x0 d:/program files/microchip/mplabx/v5.20/avr8-gnu-toolchain-win32_x86/bin/../lib/gcc/avr/5.4.0/avr4\libgcc.a(_copy_data.o)
 .text.libgcc.mul
                0x00000000        0x0 d:/program files/microchip/mplabx/v5.20/avr8-gnu-toolchain-win32_x86/bin/../lib/gcc/avr/5.4.0/avr4\libgcc.a(_copy_data.o)
 .text.libgcc.div
                0x00000000        0x0 d:/program files/microchip/mplabx/v5.20/avr8-gnu-toolchain-win32_x86/bin/../lib/gcc/avr/5.4.0/avr4\libgcc.a(_copy_data.o)
 .text.libgcc   0x00000000        0x0 d:/program files/microchip/mplabx/v5.20/avr8-gnu-toolchain-win32_x86/bin/../lib/gcc/avr/5.4.0/avr4\libgcc.a(_copy_data.o)
 .text.libgcc.prologue
                0x00000000        0x0 d:/program files/microchip/mplabx/v5.20/avr8-gnu-toolchain-win32_x86/bin/../lib/gcc/avr/5.4.0/avr4\libgcc.a(_copy_data.o)
 .text.libgcc.builtins
                0x00000000        0x0 d:/program files/microchip/mplabx/v5.20/avr8-gnu-toolchain-win32_x86/bin/../lib/gcc/avr/5.4.0/avr4\libgcc.a(_copy_data.o)
 .text.libgcc.fmul
                0x00000000        0x0 d:/program files/microchip/mplabx/v5.20/avr8-gnu-toolchain-win32_x86/bin/../lib/gcc/avr/5.4.0/avr4\libgcc.a(_copy_data.o)
 .text.libgcc.fixed
                0x00000000        0x0 d:/program files/microchip/mplabx/v5.20/avr8-gnu-toolchain-win32_x86/bin/../lib/gcc/avr/5.4.0/avr4\libgcc.a(_copy_data.o)
 .text          0x00000000        0x0 d:/program files/microchip/mplabx/v5.20/avr8-gnu-toolchain-win32_x86/bin/../lib/gcc/avr/5.4.0/avr4\libgcc.a(_clear_bss.o)
 .data          0x00000000        0x0 d:/program files/microchip/mplabx/v5.20/avr8-gnu-toolchain-win32_x86/bin/../lib/gcc/avr/5.4.0/avr4\libgcc.a(_clear_bss.o)
 .bss           0x00000000        0x0 d:/program files/microchip/mplabx/v5.20/avr8-gnu-toolchain-win32_x86/bin/../lib/gcc/avr/5.4.0/avr4\libgcc.a(_clear_bss.o)
 .text.libgcc.mul
                0x00000000        0x0 d:/program files/microchip/mplabx/v5.20/avr8-gnu-toolchain-win32_x86/bin/../lib/gcc/avr/5.4.0/avr4\libgcc.a(_clear_bss.o)
 .text.libgcc.div
                0x00000000        0x0 d:/program files/microchip/mplabx/v5.20/avr8-gnu-toolchain-win32_x86/bin/../lib/gcc/avr/5.4.0/avr4\libgcc.a(_clear_bss.o)
 .text.libgcc   0x00000000        0x0 d:/program files/microchip/mplabx/v5.20/avr8-gnu-toolchain-win32_x86/bin/../lib/gcc/avr/5.4.0/avr4\libgcc.a(_clear_bss.o)
 .text.libgcc.prologue
                0x00000000        0x0 d:/program files/microchip/mplabx/v5.20/avr8-gnu-toolchain-win32_x86/bin/../lib/gcc/avr/5.4.0/avr4\libgcc.a(_clear_bss.o)
 .text.libgcc.builtins
                0x00000000        0x0 d:/program files/microchip/mplabx/v5.20/avr8-gnu-toolchain-win32_x86/bin/../lib/gcc/avr/5.4.0/avr4\libgcc.a(_clear_bss.o)
 .text.libgcc.fmul
                0x00000000        0x0 d:/program files/microchip/mplabx/v5.20/avr8-gnu-toolchain-win32_x86/bin/../lib/gcc/avr/5.4.0/avr4\libgcc.a(_clear_bss.o)
 .text.libgcc.fixed
                0x00000000        0x0 d:/program files/microchip/mplabx/v5.20/avr8-gnu-toolchain-win32_x86/bin/../lib/gcc/avr/5.4.0/avr4\libgcc.a(_clear_bss.o)
 .text          0x00000000        0x0 d:/program files/microchip/mplabx/v5.20/avr8-gnu-toolchain-win32_x86/bin/../lib/gcc/avr/5.4.0/avr4\libgcc.a(_divdi3.o)
 .data          0x00000000        0x0 d:/program files/microchip/mplabx/v5.20/avr8-gnu-toolchain-win32_x86/bin/../lib/gcc/avr/5.4.0/avr4\libgcc.a(_divdi3.o)
 .bss           0x00000000        0x0 d:/program files/microchip/mplabx/v5.20/avr8-gnu-toolchain-win32_x86/bin/../lib/gcc/avr/5.4.0/avr4\libgcc.a(_divdi3.o)
 .text.libgcc.mul
                0x00000000        0x0 d:/program files/microchip/mplabx/v5.20/avr8-gnu-toolchain-win32_x86/bin/../lib/gcc/avr/5.4.0/avr4\libgcc.a(_divdi3.o)
 .text.libgcc.div
                0x00000000       0x56 d:/program files/microchip/mplabx/v5.20/avr8-gnu-toolchain-win32_x86/bin/../lib/gcc/avr/5.4.0/avr4\libgcc.a(_divdi3.o)
 .text.libgcc   0x00000000        0x0 d:/program files/microchip/mplabx/v5.20/avr8-gnu-toolchain-win32_x86/bin/../lib/gcc/avr/5.4.0/avr4\libgcc.a(_divdi3.o)
 .text.libgcc.prologue
                0x00000000        0x0 d:/program files/microchip/mplabx/v5.20/avr8-gnu-toolchain-win32_x86/bin/../lib/gcc/avr/5.4.0/avr4\libgcc.a(_divdi3.o)
 .text.libgcc.builtins
                0x00000000        0x0 d:/program files/microchip/mplabx/v5.20/avr8-gnu-toolchain-win32_x86/bin/../lib/gcc/avr/5.4.0/avr4\libgcc.a(_divdi3.o)
 .text.libgcc.fmul
                0x00000000        0x0 d:/program files/microchip/mplabx/v5.20/avr8-gnu-toolchain-win32_x86/bin/../lib/gcc/avr/5.4.0/avr4\libgcc.a(_divdi3.o)
 .text.libgcc.fixed
                0x00000000        0x0 d:/program files/microchip/mplabx/v5.20/avr8-gnu-toolchain-win32_x86/bin/../lib/gcc/avr/5.4.0/avr4\libgcc.a(_divdi3.o)
 .text          0x00000000        0x0 d:/program files/microchip/mplabx/v5.20/avr8-gnu-toolchain-win32_x86/bin/../lib/gcc/avr/5.4.0/avr4\libgcc.a(_udivdi3.o)
 .data          0x00000000        0x0 d:/program files/microchip/mplabx/v5.20/avr8-gnu-toolchain-win32_x86/bin/../lib/gcc/avr/5.4.0/avr4\libgcc.a(_udivdi3.o)
 .bss           0x00000000        0x0 d:/program files/microchip/mplabx/v5.20/avr8-gnu-toolchain-win32_x86/bin/../lib/gcc/avr/5.4.0/avr4\libgcc.a(_udivdi3.o)
 .text.libgcc.mul
                0x00000000        0x0 d:/program files/microchip/mplabx/v5.20/avr8-gnu-toolchain-win32_x86/bin/../lib/gcc/avr/5.4.0/avr4\libgcc.a(_udivdi3.o)
 .text.libgcc.div
                0x00000000       0x1a d:/program files/microchip/mplabx/v5.20/avr8-gnu-toolchain-win32_x86/bin/../lib/gcc/avr/5.4.0/avr4\libgcc.a(_udivdi3.o)
 .text.libgcc   0x00000000        0x0 d:/program files/microchip/mplabx/v5.20/avr8-gnu-toolchain-win32_x86/bin/../lib/gcc/avr/5.4.0/avr4\libgcc.a(_udivdi3.o)
 .text.libgcc.prologue
                0x00000000        0x0 d:/program files/microchip/mplabx/v5.20/avr8-gnu-toolchain-win32_x86/bin/../lib/gcc/avr/5.4.0/avr4\libgcc.a(_udivdi3.o)
 .text.libgcc.builtins
                0x00000000        0x0 d:/program files/microchip/mplabx/v5.20/avr8-gnu-toolchain-win32_x86/bin/../lib/gcc/avr/5.4.0/avr4\libgcc.a(_udivdi3.o)
 .text.libgcc.fmul
                0x00000000        0x0 d:/program files/microchip/mplabx/v5.20/avr8-gnu-toolchain-win32_x86/bin/../lib/gcc/avr/5.4.0/avr4\libgcc.a(_udivdi3.o)
 .text.libgcc.fixed
                0x00000000        0x0 d:/program files/microchip/mplabx/v5.20/avr8-gnu-toolchain-win32_x86/bin/../lib/gcc/avr/5.4.0/avr4\libgcc.a(_udivdi3.o)
 .text          0x00000000        0x0 d:/program files/microchip/mplabx/v5.20/avr8-gnu-toolchain-win32_x86/bin/../lib/gcc/avr/5.4.0/avr4\libgcc.a(_udivmod64.o)
 .data          0x00000000        0x0 d:/program files/microchip/mplabx/v5.20/avr8-gnu-toolchain-win32_x86/bin/../lib/gcc/avr/5.4.0/avr4\libgcc.a(_udivmod64.o)
 .bss           0x00000000        0x0 d:/program files/microchip/mplabx/v5.20/avr8-gnu-toolchain-win32_x86/bin/../lib/gcc/avr/5.4.0/avr4\libgcc.a(_udivmod64.o)
 .text.libgcc.mul
                0x00000000        0x0 d:/program files/microchip/mplabx/v5.20/avr8-gnu-toolchain-win32_x86/bin/../lib/gcc/avr/5.4.0/avr4\libgcc.a(_udivmod64.o)
 .text.libgcc.div
                0x00000000       0x7e d:/program files/microchip/mplabx/v5.20/avr8-gnu-toolchain-win32_x86/bin/../lib/gcc/avr/5.4.0/avr4\libgcc.a(_udivmod64.o)
 .text.libgcc   0x00000000        0x0 d:/program files/microchip/mplabx/v5.20/avr8-gnu-toolchain-win32_x86/bin/../lib/gcc/avr/5.4.0/avr4\libgcc.a(_udivmod64.o)
 .text.libgcc.prologue
                0x00000000        0x0 d:/program files/microchip/mplabx/v5.20/avr8-gnu-toolchain-win32_x86/bin/../lib/gcc/avr/5.4.0/avr4\libgcc.a(_udivmod64.o)
 .text.libgcc.builtins
                0x00000000        0x0 d:/program files/microchip/mplabx/v5.20/avr8-gnu-toolchain-win32_x86/bin/../lib/gcc/avr/5.4.0/avr4\libgcc.a(_udivmod64.o)
 .text.libgcc.fmul
                0x00000000        0x0 d:/program files/microchip/mplabx/v5.20/avr8-gnu-toolchain-win32_x86/bin/../lib/gcc/avr/5.4.0/avr4\libgcc.a(_udivmod64.o)
 .text.libgcc.fixed
                0x00000000        0x0 d:/program files/microchip/mplabx/v5.20/avr8-gnu-toolchain-win32_x86/bin/../lib/gcc/avr/5.4.0/avr4\libgcc.a(_udivmod64.o)
 .text          0x00000000        0x0 d:/program files/microchip/mplabx/v5.20/avr8-gnu-toolchain-win32_x86/bin/../lib/gcc/avr/5.4.0/avr4\libgcc.a(_negdi2.o)
 .data          0x00000000        0x0 d:/program files/microchip/mplabx/v5.20/avr8-gnu-toolchain-win32_x86/bin/../lib/gcc/avr/5.4.0/avr4\libgcc.a(_negdi2.o)
 .bss           0x00000000        0x0 d:/program files/microchip/mplabx/v5.20/avr8-gnu-toolchain-win32_x86/bin/../lib/gcc/avr/5.4.0/avr4\libgcc.a(_negdi2.o)
 .text.libgcc.mul
                0x00000000        0x0 d:/program files/microchip/mplabx/v5.20/avr8-gnu-toolchain-win32_x86/bin/../lib/gcc/avr/5.4.0/avr4\libgcc.a(_negdi2.o)
 .text.libgcc.div
                0x00000000        0x0 d:/program files/microchip/mplabx/v5.20/avr8-gnu-toolchain-win32_x86/bin/../lib/gcc/avr/5.4.0/avr4\libgcc.a(_negdi2.o)
 .text.libgcc   0x00000000       0x20 d:/program files/microchip/mplabx/v5.20/avr8-gnu-toolchain-win32_x86/bin/../lib/gcc/avr/5.4.0/avr4\libgcc.a(_negdi2.o)
 .text.libgcc.prologue
                0x00000000        0x0 d:/program files/microchip/mplabx/v5.20/avr8-gnu-toolchain-win32_x86/bin/../lib/gcc/avr/5.4.0/avr4\libgcc.a(_negdi2.o)
 .text.libgcc.builtins
                0x00000000        0x0 d:/program files/microchip/mplabx/v5.20/avr8-gnu-toolchain-win32_x86/bin/../lib/gcc/avr/5.4.0/avr4\libgcc.a(_negdi2.o)
 .text.libgcc.fmul
                0x00000000        0x0 d:/program files/microchip/mplabx/v5.20/avr8-gnu-toolchain-win32_x86/bin/../lib/gcc/avr/5.4.0/avr4\libgcc.a(_negdi2.o)
 .text.libgcc.fixed
                0x00000000        0x0 d:/program files/microchip/mplabx/v5.20/avr8-gnu-toolchain-win32_x86/bin/../lib/gcc/avr/5.4.0/avr4\libgcc.a(_negdi2.o)
 .text          0x00000000        0x0 d:/program files/microchip/mplabx/v5.20/avr8-gnu-toolchain-win32_x86/bin/../lib/gcc/avr/5.4.0/avr4\libgcc.a(_prologue.o)
 .data          0x00000000        0x0 d:/program files/microchip/mplabx/v5.20/avr8-gnu-toolchain-win32_x86/bin/../lib/gcc/avr/5.4.0/avr4\libgcc.a(_prologue.o)
 .bss           0x00000000        0x0 d:/program files/microchip/mplabx/v5.20/avr8-gnu-toolchain-win32_x86/bin/../lib/gcc/avr/5.4.0/avr4\libgcc.a(_prologue.o)
 .text.libgcc.mul
                0x00000000        0x0 d:/program files/microchip/mplabx/v5.20/avr8-gnu-toolchain-win32_x86/bin/../lib/gcc/avr/5.4.0/avr4\libgcc.a(_prologue.o)
 .text.libgcc.div
                0x00000000        0x0 d:/program files/microchip/mplabx/v5.20/avr8-gnu-toolchain-win32_x86/bin/../lib/gcc/avr/5.4.0/avr4\libgcc.a(_prologue.o)
 .text.libgcc   0x00000000        0x0 d:/program files/microchip/mplabx/v5.20/avr8-gnu-toolchain-win32_x86/bin/../lib/gcc/avr/5.4.0/avr4\libgcc.a(_prologue.o)
 .text.libgcc.prologue
                0x00000000       0x38 d:/program files/microchip/mplabx/v5.20/avr8-gnu-toolchain-win32_x86/bin/../lib/gcc/avr/5.4.0/avr4\libgcc.a(_prologue.o)
 .text.libgcc.builtins
                0x00000000        0x0 d:/program files/microchip/mplabx/v5.20/avr8-gnu-toolchain-win32_x86/bin/../lib/gcc/avr/5.4.0/avr4\libgcc.a(_prologue.o)
 .text.libgcc.fmul
                0x00000000        0x0 d:/program files/microchip/mplabx/v5.20/avr8-gnu-toolchain-win32_x86/bin/../lib/gcc/avr/5.4.0/avr4\libgcc.a(_prologue.o)
 .text.libgcc.fixed
                0x00000000        0x0 d:/program files/microchip/mplabx/v5.20/avr8-gnu-toolchain-win32_x86/bin/../lib/gcc/avr/5.4.0/avr4\libgcc.a(_prologue.o)
 .text          0x00000000        0x0 d:/program files/microchip/mplabx/v5.20/avr8-gnu-toolchain-win32_x86/bin/../lib/gcc/avr/5.4.0/avr4\libgcc.a(_epilogue.o)
 .data          0x00000000        0x0 d:/program files/microchip/mplabx/v5.20/avr8-gnu-toolchain-win32_x86/bin/../lib/gcc/avr/5.4.0/avr4\libgcc.a(_epilogue.o)
 .bss           0x00000000        0x0 d:/program files/microchip/mplabx/v5.20/avr8-gnu-toolchain-win32_x86/bin/../lib/gcc/avr/5.4.0/avr4\libgcc.a(_epilogue.o)
 .text.libgcc.mul
                0x00000000        0x0 d:/program files/microchip/mplabx/v5.20/avr8-gnu-toolchain-win32_x86/bin/../lib/gcc/avr/5.4.0/avr4\libgcc.a(_epilogue.o)
 .text.libgcc.div
                0x00000000        0x0 d:/program files/microchip/mplabx/v5.20/avr8-gnu-toolchain-win32_x86/bin/../lib/gcc/avr/5.4.0/avr4\libgcc.a(_epilogue.o)
 .text.libgcc   0x00000000        0x0 d:/program files/microchip/mplabx/v5.20/avr8-gnu-toolchain-win32_x86/bin/../lib/gcc/avr/5.4.0/avr4\libgcc.a(_epilogue.o)
 .text.libgcc.prologue
                0x00000000       0x36 d:/program files/microchip/mplabx/v5.20/avr8-gnu-toolchain-win32_x86/bin/../lib/gcc/avr/5.4.0/avr4\libgcc.a(_epilogue.o)
 .text.libgcc.builtins
                0x00000000        0x0 d:/program files/microchip/mplabx/v5.20/avr8-gnu-toolchain-win32_x86/bin/../lib/gcc/avr/5.4.0/avr4\libgcc.a(_epilogue.o)
 .text.libgcc.fmul
                0x00000000        0x0 d:/program files/microchip/mplabx/v5.20/avr8-gnu-toolchain-win32_x86/bin/../lib/gcc/avr/5.4.0/avr4\libgcc.a(_epilogue.o)
 .text.libgcc.fixed
                0x00000000        0x0 d:/program files/microchip/mplabx/v5.20/avr8-gnu-toolchain-win32_x86/bin/../lib/gcc/avr/5.4.0/avr4\libgcc.a(_epilogue.o)
 .text          0x00000000        0x0 d:/program files/microchip/mplabx/v5.20/avr8-gnu-toolchain-win32_x86/bin/../lib/gcc/avr/5.4.0/avr4\libgcc.a(_ashldi3.o)
 .data          0x00000000        0x0 d:/program files/microchip/mplabx/v5.20/avr8-gnu-toolchain-win32_x86/bin/../lib/gcc/avr/5.4.0/avr4\libgcc.a(_ashldi3.o)
 .bss           0x00000000        0x0 d:/program files/microchip/mplabx/v5.20/avr8-gnu-toolchain-win32_x86/bin/../lib/gcc/avr/5.4.0/avr4\libgcc.a(_ashldi3.o)
 .text.libgcc.mul
                0x00000000        0x0 d:/program files/microchip/mplabx/v5.20/avr8-gnu-toolchain-win32_x86/bin/../lib/gcc/avr/5.4.0/avr4\libgcc.a(_ashldi3.o)
 .text.libgcc.div
                0x00000000        0x0 d:/program files/microchip/mplabx/v5.20/avr8-gnu-toolchain-win32_x86/bin/../lib/gcc/avr/5.4.0/avr4\libgcc.a(_ashldi3.o)
 .text.libgcc   0x00000000        0x0 d:/program files/microchip/mplabx/v5.20/avr8-gnu-toolchain-win32_x86/bin/../lib/gcc/avr/5.4.0/avr4\libgcc.a(_ashldi3.o)
 .text.libgcc.prologue
                0x00000000        0x0 d:/program files/microchip/mplabx/v5.20/avr8-gnu-toolchain-win32_x86/bin/../lib/gcc/avr/5.4.0/avr4\libgcc.a(_ashldi3.o)
 .text.libgcc.builtins
                0x00000000       0x32 d:/program files/microchip/mplabx/v5.20/avr8-gnu-toolchain-win32_x86/bin/../lib/gcc/avr/5.4.0/avr4\libgcc.a(_ashldi3.o)
 .text.libgcc.fmul
                0x00000000        0x0 d:/program files/microchip/mplabx/v5.20/avr8-gnu-toolchain-win32_x86/bin/../lib/gcc/avr/5.4.0/avr4\libgcc.a(_ashldi3.o)
 .text.libgcc.fixed
                0x00000000        0x0 d:/program files/microchip/mplabx/v5.20/avr8-gnu-toolchain-win32_x86/bin/../lib/gcc/avr/5.4.0/avr4\libgcc.a(_ashldi3.o)
 .text          0x00000000        0x0 d:/program files/microchip/mplabx/v5.20/avr8-gnu-toolchain-win32_x86/bin/../lib/gcc/avr/5.4.0/avr4\libgcc.a(_adddi3.o)
 .data          0x00000000        0x0 d:/program files/microchip/mplabx/v5.20/avr8-gnu-toolchain-win32_x86/bin/../lib/gcc/avr/5.4.0/avr4\libgcc.a(_adddi3.o)
 .bss           0x00000000        0x0 d:/program files/microchip/mplabx/v5.20/avr8-gnu-toolchain-win32_x86/bin/../lib/gcc/avr/5.4.0/avr4\libgcc.a(_adddi3.o)
 .text.libgcc.mul
                0x00000000        0x0 d:/program files/microchip/mplabx/v5.20/avr8-gnu-toolchain-win32_x86/bin/../lib/gcc/avr/5.4.0/avr4\libgcc.a(_adddi3.o)
 .text.libgcc.div
                0x00000000        0x0 d:/program files/microchip/mplabx/v5.20/avr8-gnu-toolchain-win32_x86/bin/../lib/gcc/avr/5.4.0/avr4\libgcc.a(_adddi3.o)
 .text.libgcc   0x00000000       0x12 d:/program files/microchip/mplabx/v5.20/avr8-gnu-toolchain-win32_x86/bin/../lib/gcc/avr/5.4.0/avr4\libgcc.a(_adddi3.o)
 .text.libgcc.prologue
                0x00000000        0x0 d:/program files/microchip/mplabx/v5.20/avr8-gnu-toolchain-win32_x86/bin/../lib/gcc/avr/5.4.0/avr4\libgcc.a(_adddi3.o)
 .text.libgcc.builtins
                0x00000000        0x0 d:/program files/microchip/mplabx/v5.20/avr8-gnu-toolchain-win32_x86/bin/../lib/gcc/avr/5.4.0/avr4\libgcc.a(_adddi3.o)
 .text.libgcc.fmul
                0x00000000        0x0 d:/program files/microchip/mplabx/v5.20/avr8-gnu-toolchain-win32_x86/bin/../lib/gcc/avr/5.4.0/avr4\libgcc.a(_adddi3.o)
 .text.libgcc.fixed
                0x00000000        0x0 d:/program files/microchip/mplabx/v5.20/avr8-gnu-toolchain-win32_x86/bin/../lib/gcc/avr/5.4.0/avr4\libgcc.a(_adddi3.o)
 .text          0x00000000        0x0 d:/program files/microchip/mplabx/v5.20/avr8-gnu-toolchain-win32_x86/bin/../lib/gcc/avr/5.4.0/avr4\libgcc.a(_cmpdi2_s8.o)
 .data          0x00000000        0x0 d:/program files/microchip/mplabx/v5.20/avr8-gnu-toolchain-win32_x86/bin/../lib/gcc/avr/5.4.0/avr4\libgcc.a(_cmpdi2_s8.o)
 .bss           0x00000000        0x0 d:/program files/microchip/mplabx/v5.20/avr8-gnu-toolchain-win32_x86/bin/../lib/gcc/avr/5.4.0/avr4\libgcc.a(_cmpdi2_s8.o)
 .text.libgcc.mul
                0x00000000        0x0 d:/program files/microchip/mplabx/v5.20/avr8-gnu-toolchain-win32_x86/bin/../lib/gcc/avr/5.4.0/avr4\libgcc.a(_cmpdi2_s8.o)
 .text.libgcc.div
                0x00000000        0x0 d:/program files/microchip/mplabx/v5.20/avr8-gnu-toolchain-win32_x86/bin/../lib/gcc/avr/5.4.0/avr4\libgcc.a(_cmpdi2_s8.o)
 .text.libgcc   0x00000000       0x18 d:/program files/microchip/mplabx/v5.20/avr8-gnu-toolchain-win32_x86/bin/../lib/gcc/avr/5.4.0/avr4\libgcc.a(_cmpdi2_s8.o)
 .text.libgcc.prologue
                0x00000000        0x0 d:/program files/microchip/mplabx/v5.20/avr8-gnu-toolchain-win32_x86/bin/../lib/gcc/avr/5.4.0/avr4\libgcc.a(_cmpdi2_s8.o)
 .text.libgcc.builtins
                0x00000000        0x0 d:/program files/microchip/mplabx/v5.20/avr8-gnu-toolchain-win32_x86/bin/../lib/gcc/avr/5.4.0/avr4\libgcc.a(_cmpdi2_s8.o)
 .text.libgcc.fmul
                0x00000000        0x0 d:/program files/microchip/mplabx/v5.20/avr8-gnu-toolchain-win32_x86/bin/../lib/gcc/avr/5.4.0/avr4\libgcc.a(_cmpdi2_s8.o)
 .text.libgcc.fixed
                0x00000000        0x0 d:/program files/microchip/mplabx/v5.20/avr8-gnu-toolchain-win32_x86/bin/../lib/gcc/avr/5.4.0/avr4\libgcc.a(_cmpdi2_s8.o)
 .text          0x00000000        0x0 d:/program files/microchip/mplabx/v5.20/avr8-gnu-toolchain-win32_x86/bin/../lib/gcc/avr/5.4.0/avr4\libgcc.a(_udivmodhi4.o)
 .data          0x00000000        0x0 d:/program files/microchip/mplabx/v5.20/avr8-gnu-toolchain-win32_x86/bin/../lib/gcc/avr/5.4.0/avr4\libgcc.a(_udivmodhi4.o)
 .bss           0x00000000        0x0 d:/program files/microchip/mplabx/v5.20/avr8-gnu-toolchain-win32_x86/bin/../lib/gcc/avr/5.4.0/avr4\libgcc.a(_udivmodhi4.o)
 .text.libgcc.mul
                0x00000000        0x0 d:/program files/microchip/mplabx/v5.20/avr8-gnu-toolchain-win32_x86/bin/../lib/gcc/avr/5.4.0/avr4\libgcc.a(_udivmodhi4.o)
 .text.libgcc   0x00000000        0x0 d:/program files/microchip/mplabx/v5.20/avr8-gnu-toolchain-win32_x86/bin/../lib/gcc/avr/5.4.0/avr4\libgcc.a(_udivmodhi4.o)
 .text.libgcc.prologue
                0x00000000        0x0 d:/program files/microchip/mplabx/v5.20/avr8-gnu-toolchain-win32_x86/bin/../lib/gcc/avr/5.4.0/avr4\libgcc.a(_udivmodhi4.o)
 .text.libgcc.builtins
                0x00000000        0x0 d:/program files/microchip/mplabx/v5.20/avr8-gnu-toolchain-win32_x86/bin/../lib/gcc/avr/5.4.0/avr4\libgcc.a(_udivmodhi4.o)
 .text.libgcc.fmul
                0x00000000        0x0 d:/program files/microchip/mplabx/v5.20/avr8-gnu-toolchain-win32_x86/bin/../lib/gcc/avr/5.4.0/avr4\libgcc.a(_udivmodhi4.o)
 .text.libgcc.fixed
                0x00000000        0x0 d:/program files/microchip/mplabx/v5.20/avr8-gnu-toolchain-win32_x86/bin/../lib/gcc/avr/5.4.0/avr4\libgcc.a(_udivmodhi4.o)
 .text          0x00000000        0x0 d:/program files/microchip/mplabx/v5.20/avr8-gnu-toolchain-win32_x86/bin/../lib/gcc/avr/5.4.0/avr4\libgcc.a(_udivmodsi4.o)
 .data          0x00000000        0x0 d:/program files/microchip/mplabx/v5.20/avr8-gnu-toolchain-win32_x86/bin/../lib/gcc/avr/5.4.0/avr4\libgcc.a(_udivmodsi4.o)
 .bss           0x00000000        0x0 d:/program files/microchip/mplabx/v5.20/avr8-gnu-toolchain-win32_x86/bin/../lib/gcc/avr/5.4.0/avr4\libgcc.a(_udivmodsi4.o)
 .text.libgcc.mul
                0x00000000        0x0 d:/program files/microchip/mplabx/v5.20/avr8-gnu-toolchain-win32_x86/bin/../lib/gcc/avr/5.4.0/avr4\libgcc.a(_udivmodsi4.o)
 .text.libgcc   0x00000000        0x0 d:/program files/microchip/mplabx/v5.20/avr8-gnu-toolchain-win32_x86/bin/../lib/gcc/avr/5.4.0/avr4\libgcc.a(_udivmodsi4.o)
 .text.libgcc.prologue
                0x00000000        0x0 d:/program files/microchip/mplabx/v5.20/avr8-gnu-toolchain-win32_x86/bin/../lib/gcc/avr/5.4.0/avr4\libgcc.a(_udivmodsi4.o)
 .text.libgcc.builtins
                0x00000000        0x0 d:/program files/microchip/mplabx/v5.20/avr8-gnu-toolchain-win32_x86/bin/../lib/gcc/avr/5.4.0/avr4\libgcc.a(_udivmodsi4.o)
 .text.libgcc.fmul
                0x00000000        0x0 d:/program files/microchip/mplabx/v5.20/avr8-gnu-toolchain-win32_x86/bin/../lib/gcc/avr/5.4.0/avr4\libgcc.a(_udivmodsi4.o)
 .text.libgcc.fixed
                0x00000000        0x0 d:/program files/microchip/mplabx/v5.20/avr8-gnu-toolchain-win32_x86/bin/../lib/gcc/avr/5.4.0/avr4\libgcc.a(_udivmodsi4.o)

Memory Configuration

Name             Origin             Length             Attributes
text             0x00000000         0x00002000         xr
data             0x00800060         0x00000400         rw !x
eeprom           0x00810000         0x00000200         rw !x
fuse             0x00820000         0x00000002         rw !x
lock             0x00830000         0x00000400         rw !x
signature        0x00840000         0x00000400         rw !x
user_signatures  0x00850000         0x00000400         rw !x
*default*        0x00000000         0xffffffff

Linker script and memory map

LOAD D:/Program files/Microchip/MPLABX/v5.30/packs/Microchip/ATmega_DFP/2.0.12/gcc/dev/atmega8a/avr4/crtatmega8a.o
LOAD build/default/production/main.o
LOAD build/default/production/ADS1115.o
LOAD build/default/production/PCD8544.o
LOAD build/default/production/SPI.o
LOAD build/default/production/TWI.o
LOAD build/default/production/UART.o
LOAD build/default/production/VAW_functions.o
                0x00000001                __MPLAB_BUILD = 0x1
START GROUP
LOAD d:/program files/microchip/mplabx/v5.20/avr8-gnu-toolchain-win32_x86/bin/../lib/gcc/avr/5.4.0/../../../../avr/lib/avr4\libm.a
END GROUP
START GROUP
LOAD d:/program files/microchip/mplabx/v5.20/avr8-gnu-toolchain-win32_x86/bin/../lib/gcc/avr/5.4.0/avr4\libgcc.a
LOAD d:/program files/microchip/mplabx/v5.20/avr8-gnu-toolchain-win32_x86/bin/../lib/gcc/avr/5.4.0/../../../../avr/lib/avr4\libm.a
LOAD d:/program files/microchip/mplabx/v5.20/avr8-gnu-toolchain-win32_x86/bin/../lib/gcc/avr/5.4.0/../../../../avr/lib/avr4\libc.a
LOAD D:/Program files/Microchip/MPLABX/v5.30/packs/Microchip/ATmega_DFP/2.0.12/gcc/dev/atmega8a/avr4\libatmega8a.a
END GROUP
                [0x00002000]                __TEXT_REGION_LENGTH__ = DEFINED (__TEXT_REGION_LENGTH__)?__TEXT_REGION_LENGTH__:0x2000
                [0x00000400]                __DATA_REGION_LENGTH__ = DEFINED (__DATA_REGION_LENGTH__)?__DATA_REGION_LENGTH__:0xffa0
                [0x00000200]                __EEPROM_REGION_LENGTH__ = DEFINED (__EEPROM_REGION_LENGTH__)?__EEPROM_REGION_LENGTH__:0x10000
                [0x00000002]                __FUSE_REGION_LENGTH__ = DEFINED (__FUSE_REGION_LENGTH__)?__FUSE_REGION_LENGTH__:0x400
                0x00000400                __LOCK_REGION_LENGTH__ = DEFINED (__LOCK_REGION_LENGTH__)?__LOCK_REGION_LENGTH__:0x400
                0x00000400                __SIGNATURE_REGION_LENGTH__ = DEFINED (__SIGNATURE_REGION_LENGTH__)?__SIGNATURE_REGION_LENGTH__:0x400
                0x00000400                __USER_SIGNATURE_REGION_LENGTH__ = DEFINED (__USER_SIGNATURE_REGION_LENGTH__)?__USER_SIGNATURE_REGION_LENGTH__:0x400

.hash
 *(.hash)

.dynsym
 *(.dynsym)

.dynstr
 *(.dynstr)

.gnu.version
 *(.gnu.version)

.gnu.version_d
 *(.gnu.version_d)

.gnu.version_r
 *(.gnu.version_r)

.rel.init
 *(.rel.init)

.rela.init
 *(.rela.init)

.rel.text
 *(.rel.text)
 *(.rel.text.*)
 *(.rel.gnu.linkonce.t*)

.rela.text
 *(.rela.text)
 *(.rela.text.*)
 *(.rela.gnu.linkonce.t*)

.rel.fini
 *(.rel.fini)

.rela.fini
 *(.rela.fini)

.rel.rodata
 *(.rel.rodata)
 *(.rel.rodata.*)
 *(.rel.gnu.linkonce.r*)

.rela.rodata
 *(.rela.rodata)
 *(.rela.rodata.*)
 *(.rela.gnu.linkonce.r*)

.rel.data
 *(.rel.data)
 *(.rel.data.*)
 *(.rel.gnu.linkonce.d*)

.rela.data
 *(.rela.data)
 *(.rela.data.*)
 *(.rela.gnu.linkonce.d*)

.rel.ctors
 *(.rel.ctors)

.rela.ctors
 *(.rela.ctors)

.rel.dtors
 *(.rel.dtors)

.rela.dtors
 *(.rela.dtors)

.rel.got
 *(.rel.got)

.rela.got
 *(.rela.got)

.rel.bss
 *(.rel.bss)

.rela.bss
 *(.rela.bss)

.rel.plt
 *(.rel.plt)

.rela.plt
 *(.rela.plt)

.text           0x00000000      0xe54
 *(.vectors)
 .vectors       0x00000000       0x26 D:/Program files/Microchip/MPLABX/v5.30/packs/Microchip/ATmega_DFP/2.0.12/gcc/dev/atmega8a/avr4/crtatmega8a.o
                0x00000000                __vector_default
                0x00000000                __vectors
 *(.vectors)
 *(.progmem.gcc*)
                0x00000026                . = ALIGN (0x2)
                0x00000026                __trampolines_start = .
 *(.trampolines)
 .trampolines   0x00000026        0x0 linker stubs
 *(.trampolines*)
                0x00000026                __trampolines_end = .
 *libprintf_flt.a:*(.progmem.data)
 *libc.a:*(.progmem.data)
 *(.progmem*)
                0x00000026                . = ALIGN (0x2)
 *(.jumptables)
 *(.jumptables*)
 *(.lowtext)
 *(.lowtext*)
                0x00000026                __ctors_start = .
 *(.ctors)
                0x00000026                __ctors_end = .
                0x00000026                __dtors_start = .
 *(.dtors)
                0x00000026                __dtors_end = .
 SORT(*)(.ctors)
 SORT(*)(.dtors)
 *(.init0)
 .init0         0x00000026        0x0 D:/Program files/Microchip/MPLABX/v5.30/packs/Microchip/ATmega_DFP/2.0.12/gcc/dev/atmega8a/avr4/crtatmega8a.o
                0x00000026                __init
 *(.init0)
 *(.init1)
 *(.init1)
 *(.init2)
 .init2         0x00000026        0xc D:/Program files/Microchip/MPLABX/v5.30/packs/Microchip/ATmega_DFP/2.0.12/gcc/dev/atmega8a/avr4/crtatmega8a.o
 *(.init2)
 *(.init3)
 *(.init3)
 *(.init4)
 .init4         0x00000032       0x16 d:/program files/microchip/mplabx/v5.20/avr8-gnu-toolchain-win32_x86/bin/../lib/gcc/avr/5.4.0/avr4\libgcc.a(_copy_data.o)
                0x00000032                __do_copy_data
 .init4         0x00000048       0x10 d:/program files/microchip/mplabx/v5.20/avr8-gnu-toolchain-win32_x86/bin/../lib/gcc/avr/5.4.0/avr4\libgcc.a(_clear_bss.o)
                0x00000048                __do_clear_bss
 *(.init4)
 *(.init5)
 *(.init5)
 *(.init6)
 *(.init6)
 *(.init7)
 *(.init7)
 *(.init8)
 *(.init8)
 *(.init9)
 .init9         0x00000058        0x4 D:/Program files/Microchip/MPLABX/v5.30/packs/Microchip/ATmega_DFP/2.0.12/gcc/dev/atmega8a/avr4/crtatmega8a.o
 *(.init9)
 *(.text)
 .text          0x0000005c        0x2 D:/Program files/Microchip/MPLABX/v5.30/packs/Microchip/ATmega_DFP/2.0.12/gcc/dev/atmega8a/avr4/crtatmega8a.o
                0x0000005c                __vector_1
                0x0000005c                __vector_12
                0x0000005c                __bad_interrupt
                0x0000005c                __vector_6
                0x0000005c                __vector_3
                0x0000005c                __vector_13
                0x0000005c                __vector_17
                0x0000005c                __vector_7
                0x0000005c                __vector_5
                0x0000005c                __vector_4
                0x0000005c                __vector_9
                0x0000005c                __vector_2
                0x0000005c                __vector_15
                0x0000005c                __vector_8
                0x0000005c                __vector_14
                0x0000005c                __vector_10
                0x0000005c                __vector_16
                0x0000005c                __vector_18
                0x0000005e                . = ALIGN (0x2)
 *(.text.*)
 .text.main     0x0000005e       0x5e build/default/production/main.o
                0x0000005e                main
 .text.ADS_readReg
                0x000000bc       0x2c build/default/production/ADS1115.o
                0x000000bc                ADS_readReg
 .text.ADS_writeReg
                0x000000e8       0x28 build/default/production/ADS1115.o
                0x000000e8                ADS_writeReg
 .text.ADS_init
                0x00000110       0x44 build/default/production/ADS1115.o
                0x00000110                ADS_init
 .text.ADS_setMUX
                0x00000154       0x3c build/default/production/ADS1115.o
                0x00000154                ADS_setMUX
 .text.ADS_startSingleConv
                0x00000190        0xe build/default/production/ADS1115.o
                0x00000190                ADS_startSingleConv
 .text.ADS_readConvReg
                0x0000019e        0x6 build/default/production/ADS1115.o
                0x0000019e                ADS_readConvReg
 .text.ADS_convReady
                0x000001a4        0xe build/default/production/ADS1115.o
                0x000001a4                ADS_convReady
 .text.PCD_sendCommand
                0x000001b2        0xa build/default/production/PCD8544.o
                0x000001b2                PCD_sendCommand
 .text.PCD_sendData
                0x000001bc        0xa build/default/production/PCD8544.o
                0x000001bc                PCD_sendData
 .text.PCD_Clrscr
                0x000001c6       0x1c build/default/production/PCD8544.o
                0x000001c6                PCD_Clrscr
 .text.PCD_init
                0x000001e2       0x2e build/default/production/PCD8544.o
                0x000001e2                PCD_init
 .text.PCD_setRAMpos
                0x00000210       0x26 build/default/production/PCD8544.o
                0x00000210                PCD_setRAMpos
 .text.PCD_printChar
                0x00000236       0x3a build/default/production/PCD8544.o
                0x00000236                PCD_printChar
 .text.PCD_print
                0x00000270       0x3e build/default/production/PCD8544.o
                0x00000270                PCD_print
 .text.PCD_setCursor
                0x000002ae       0x28 build/default/production/PCD8544.o
                0x000002ae                PCD_setCursor
 .text.PCD_printInt
                0x000002d6      0x170 build/default/production/PCD8544.o
                0x000002d6                PCD_printInt
 .text.SPI_Init
                0x00000446        0xe build/default/production/SPI.o
                0x00000446                SPI_Init
 .text.SPI_Send_byte
                0x00000454        0xc build/default/production/SPI.o
                0x00000454                SPI_Send_byte
 .text.TWI_errorHandler
                0x00000460       0x22 build/default/production/TWI.o
                0x00000460                TWI_errorHandler
 .text.TWI_init
                0x00000482        0xe build/default/production/TWI.o
                0x00000482                TWI_init
 .text.TWI_sendByte
                0x00000490       0x30 build/default/production/TWI.o
                0x00000490                TWI_sendByte
 .text.TWI_sendStart
                0x000004c0       0x26 build/default/production/TWI.o
                0x000004c0                TWI_sendStart
 .text.TWI_sendStop
                0x000004e6        0xe build/default/production/TWI.o
                0x000004e6                TWI_sendStop
 .text.TWI_readByte
                0x000004f4       0x20 build/default/production/TWI.o
                0x000004f4                TWI_readByte
 .text.TWI_readLastByte
                0x00000514       0x20 build/default/production/TWI.o
                0x00000514                TWI_readLastByte
 .text.UART_receive
                0x00000534        0x8 build/default/production/UART.o
                0x00000534                UART_receive
 .text.UART_clearBuff
                0x0000053c       0x12 build/default/production/UART.o
                0x0000053c                UART_clearBuff
 .text.__vector_11
                0x0000054e       0x86 build/default/production/UART.o
                0x0000054e                __vector_11
 .text.getCurrent
                0x000005d4      0x24a build/default/production/VAW_functions.o
                0x000005d4                getCurrent
 .text.getVoltage
                0x0000081e      0x202 build/default/production/VAW_functions.o
                0x0000081e                getVoltage
 .text.avr-libc.fplib
                0x00000a20        0xa d:/program files/microchip/mplabx/v5.20/avr8-gnu-toolchain-win32_x86/bin/../lib/gcc/avr/5.4.0/../../../../avr/lib/avr4\libm.a(addsf3.o)
                0x00000a20                __subsf3
                0x00000a22                __addsf3
 .text.avr-libc.fplib
                0x00000a2a       0xc0 d:/program files/microchip/mplabx/v5.20/avr8-gnu-toolchain-win32_x86/bin/../lib/gcc/avr/5.4.0/../../../../avr/lib/avr4\libm.a(addsf3x.o)
                0x00000a44                __addsf3x
 .text.avr-libc.fplib
                0x00000aea        0x8 d:/program files/microchip/mplabx/v5.20/avr8-gnu-toolchain-win32_x86/bin/../lib/gcc/avr/5.4.0/../../../../avr/lib/avr4\libm.a(cmpsf2.o)
                0x00000aea                __nesf2
                0x00000aea                __eqsf2
                0x00000aea                __cmpsf2
                0x00000aea                __ltsf2
                0x00000aea                __lesf2
 .text.avr-libc.fplib
                0x00000af2        0xa d:/program files/microchip/mplabx/v5.20/avr8-gnu-toolchain-win32_x86/bin/../lib/gcc/avr/5.4.0/../../../../avr/lib/avr4\libm.a(fixsfsi.o)
                0x00000af2                __fixsfsi
 .text.avr-libc.fplib
                0x00000afc       0x58 d:/program files/microchip/mplabx/v5.20/avr8-gnu-toolchain-win32_x86/bin/../lib/gcc/avr/5.4.0/../../../../avr/lib/avr4\libm.a(fixunssfsi.o)
                0x00000afc                __fixunssfsi
 .text.avr-libc.fplib
                0x00000b54       0x7a d:/program files/microchip/mplabx/v5.20/avr8-gnu-toolchain-win32_x86/bin/../lib/gcc/avr/5.4.0/../../../../avr/lib/avr4\libm.a(floatsisf.o)
                0x00000b54                __floatunsisf
                0x00000b58                __floatsisf
 .text.avr-libc.fplib
                0x00000bce       0x48 d:/program files/microchip/mplabx/v5.20/avr8-gnu-toolchain-win32_x86/bin/../lib/gcc/avr/5.4.0/../../../../avr/lib/avr4\libm.a(fp_cmp.o)
                0x00000bce                __fp_cmp
 .text.avr-libc.fplib
                0x00000c16        0xc d:/program files/microchip/mplabx/v5.20/avr8-gnu-toolchain-win32_x86/bin/../lib/gcc/avr/5.4.0/../../../../avr/lib/avr4\libm.a(fp_inf.o)
                0x00000c16                __fp_inf
 .text.avr-libc.fplib
                0x00000c22        0x6 d:/program files/microchip/mplabx/v5.20/avr8-gnu-toolchain-win32_x86/bin/../lib/gcc/avr/5.4.0/../../../../avr/lib/avr4\libm.a(fp_nan.o)
                0x00000c22                __fp_nan
 .text.avr-libc.fplib
                0x00000c28        0xe d:/program files/microchip/mplabx/v5.20/avr8-gnu-toolchain-win32_x86/bin/../lib/gcc/avr/5.4.0/../../../../avr/lib/avr4\libm.a(fp_pscA.o)
                0x00000c28                __fp_pscA
 .text.avr-libc.fplib
                0x00000c36        0xe d:/program files/microchip/mplabx/v5.20/avr8-gnu-toolchain-win32_x86/bin/../lib/gcc/avr/5.4.0/../../../../avr/lib/avr4\libm.a(fp_pscB.o)
                0x00000c36                __fp_pscB
 .text.avr-libc.fplib
                0x00000c44       0x22 d:/program files/microchip/mplabx/v5.20/avr8-gnu-toolchain-win32_x86/bin/../lib/gcc/avr/5.4.0/../../../../avr/lib/avr4\libm.a(fp_round.o)
                0x00000c44                __fp_round
 .text.avr-libc.fplib
                0x00000c66       0x44 d:/program files/microchip/mplabx/v5.20/avr8-gnu-toolchain-win32_x86/bin/../lib/gcc/avr/5.4.0/../../../../avr/lib/avr4\libm.a(fp_split3.o)
                0x00000c66                __fp_split3
                0x00000c76                __fp_splitA
 .text.avr-libc.fplib
                0x00000caa        0xe d:/program files/microchip/mplabx/v5.20/avr8-gnu-toolchain-win32_x86/bin/../lib/gcc/avr/5.4.0/../../../../avr/lib/avr4\libm.a(fp_zero.o)
                0x00000caa                __fp_zero
                0x00000cac                __fp_szero
 .text.avr-libc.fplib
                0x00000cb8        0x8 d:/program files/microchip/mplabx/v5.20/avr8-gnu-toolchain-win32_x86/bin/../lib/gcc/avr/5.4.0/../../../../avr/lib/avr4\libm.a(gesf2.o)
                0x00000cb8                __gesf2
                0x00000cb8                __gtsf2
 .text.avr-libc.fplib
                0x00000cc0        0x4 d:/program files/microchip/mplabx/v5.20/avr8-gnu-toolchain-win32_x86/bin/../lib/gcc/avr/5.4.0/../../../../avr/lib/avr4\libm.a(mulsf3.o)
                0x00000cc0                __mulsf3
 .text.avr-libc.fplib
                0x00000cc4       0xc2 d:/program files/microchip/mplabx/v5.20/avr8-gnu-toolchain-win32_x86/bin/../lib/gcc/avr/5.4.0/../../../../avr/lib/avr4\libm.a(mulsf3x.o)
                0x00000cd8                __mulsf3x
                0x00000cdc                __mulsf3_pse
 .text.libgcc.div
                0x00000d86       0x26 d:/program files/microchip/mplabx/v5.20/avr8-gnu-toolchain-win32_x86/bin/../lib/gcc/avr/5.4.0/avr4\libgcc.a(_divmodhi4.o)
                0x00000d86                _div
                0x00000d86                __divmodhi4
 .text.libgcc.div
                0x00000dac       0x28 d:/program files/microchip/mplabx/v5.20/avr8-gnu-toolchain-win32_x86/bin/../lib/gcc/avr/5.4.0/avr4\libgcc.a(_divmodsi4.o)
                0x00000dac                __divmodsi4
 .text.libgcc.div
                0x00000dd4       0x10 d:/program files/microchip/mplabx/v5.20/avr8-gnu-toolchain-win32_x86/bin/../lib/gcc/avr/5.4.0/avr4\libgcc.a(_negsi2.o)
                0x00000dd4                __negsi2
 .text.libgcc.div
                0x00000de4       0x28 d:/program files/microchip/mplabx/v5.20/avr8-gnu-toolchain-win32_x86/bin/../lib/gcc/avr/5.4.0/avr4\libgcc.a(_udivmodhi4.o)
                0x00000de4                __udivmodhi4
 .text.libgcc.div
                0x00000e0c       0x44 d:/program files/microchip/mplabx/v5.20/avr8-gnu-toolchain-win32_x86/bin/../lib/gcc/avr/5.4.0/avr4\libgcc.a(_udivmodsi4.o)
                0x00000e0c                __udivmodsi4
                0x00000e50                . = ALIGN (0x2)
 *(.fini9)
 .fini9         0x00000e50        0x0 d:/program files/microchip/mplabx/v5.20/avr8-gnu-toolchain-win32_x86/bin/../lib/gcc/avr/5.4.0/avr4\libgcc.a(_exit.o)
                0x00000e50                _exit
                0x00000e50                exit
 *(.fini9)
 *(.fini8)
 *(.fini8)
 *(.fini7)
 *(.fini7)
 *(.fini6)
 *(.fini6)
 *(.fini5)
 *(.fini5)
 *(.fini4)
 *(.fini4)
 *(.fini3)
 *(.fini3)
 *(.fini2)
 *(.fini2)
 *(.fini1)
 *(.fini1)
 *(.fini0)
 .fini0         0x00000e50        0x4 d:/program files/microchip/mplabx/v5.20/avr8-gnu-toolchain-win32_x86/bin/../lib/gcc/avr/5.4.0/avr4\libgcc.a(_exit.o)
 *(.fini0)
                0x00000e54                _etext = .

.data           0x00800060      0x242 load address 0x00000e54
                0x00800060                PROVIDE (__data_start, .)
 *(.data)
 *(.data*)
 .data.currentCalB
                0x00800060       0x18 build/default/production/VAW_functions.o
                0x00800060                currentCalB
 .data.currentCalK
                0x00800078       0x18 build/default/production/VAW_functions.o
                0x00800078                currentCalK
 .data.voltageCalB
                0x00800090       0x14 build/default/production/VAW_functions.o
                0x00800090                voltageCalB
 .data.voltageCalK
                0x008000a4       0x14 build/default/production/VAW_functions.o
                0x008000a4                voltageCalK
 *(.gnu.linkonce.d*)
 *(.rodata)
 *(.rodata*)
 .rodata.str1.1
                0x008000b8        0xa build/default/production/main.o
 .rodata.ASCII  0x008000c2      0x1e0 build/default/production/PCD8544.o
 *(.gnu.linkonce.r*)
                0x008002a2                . = ALIGN (0x2)
                0x008002a2                _edata = .
                0x008002a2                PROVIDE (__data_end, .)

.bss            0x008002a2       0x21
                0x008002a2                PROVIDE (__bss_start, .)
 *(.bss)
 *(.bss*)
 .bss.err       0x008002a2        0x1 build/default/production/TWI.o
                0x008002a2                err
 .bss.rxIndex.1813
                0x008002a3        0x1 build/default/production/UART.o
 .bss.rxFlag    0x008002a4        0x1 build/default/production/UART.o
                0x008002a4                rxFlag
 *(COMMON)
 COMMON         0x008002a5       0x1e build/default/production/UART.o
                0x008002a5                rxBuff
                0x008002c3                PROVIDE (__bss_end, .)
                0x00000e54                __data_load_start = LOADADDR (.data)
                0x00001096                __data_load_end = (__data_load_start + SIZEOF (.data))

.noinit         0x008002c3        0x0
                [!provide]                PROVIDE (__noinit_start, .)
 *(.noinit*)
                [!provide]                PROVIDE (__noinit_end, .)
                0x008002c3                _end = .
                [!provide]                PROVIDE (__heap_start, .)

.eeprom         0x00810000        0x0
 *(.eeprom*)
                0x00810000                __eeprom_end = .

.fuse
 *(.fuse)
 *(.lfuse)
 *(.hfuse)
 *(.efuse)

.lock
 *(.lock*)

.signature
 *(.signature*)

.user_signatures
 *(.user_signatures*)

.stab
 *(.stab)

.stabstr
 *(.stabstr)

.stab.excl
 *(.stab.excl)

.stab.exclstr
 *(.stab.exclstr)

.stab.index
 *(.stab.index)

.stab.indexstr
 *(.stab.indexstr)

.comment        0x00000000       0x30
 *(.comment)
 .comment       0x00000000       0x30 build/default/production/main.o
                                 0x31 (size before relaxing)
 .comment       0x00000030       0x31 build/default/production/ADS1115.o
 .comment       0x00000030       0x31 build/default/production/PCD8544.o
 .comment       0x00000030       0x31 build/default/production/SPI.o
 .comment       0x00000030       0x31 build/default/production/TWI.o
 .comment       0x00000030       0x31 build/default/production/UART.o
 .comment       0x00000030       0x31 build/default/production/VAW_functions.o

.note.gnu.avr.deviceinfo
                0x00000000       0x3c
 .note.gnu.avr.deviceinfo
                0x00000000       0x3c D:/Program files/Microchip/MPLABX/v5.30/packs/Microchip/ATmega_DFP/2.0.12/gcc/dev/atmega8a/avr4/crtatmega8a.o

.note.gnu.build-id
 *(.note.gnu.build-id)

.debug
 *(.debug)

.line
 *(.line)

.debug_srcinfo
 *(.debug_srcinfo)

.debug_sfnames
 *(.debug_sfnames)

.debug_aranges
 *(.debug_aranges)

.debug_pubnames
 *(.debug_pubnames)

.debug_info     0x00000000      0x48c
 *(.debug_info .gnu.linkonce.wi.*)
 .debug_info    0x00000000      0x48c D:/Program files/Microchip/MPLABX/v5.30/packs/Microchip/ATmega_DFP/2.0.12/gcc/dev/atmega8a/avr4/crtatmega8a.o

.debug_abbrev   0x00000000      0x44e
 *(.debug_abbrev)
 .debug_abbrev  0x00000000      0x44e D:/Program files/Microchip/MPLABX/v5.30/packs/Microchip/ATmega_DFP/2.0.12/gcc/dev/atmega8a/avr4/crtatmega8a.o

.debug_line     0x00000000      0x109
 *(.debug_line .debug_line.* .debug_line_end)
 .debug_line    0x00000000      0x109 D:/Program files/Microchip/MPLABX/v5.30/packs/Microchip/ATmega_DFP/2.0.12/gcc/dev/atmega8a/avr4/crtatmega8a.o

.debug_frame
 *(.debug_frame)

.debug_str      0x00000000      0x17a
 *(.debug_str)
 .debug_str     0x00000000      0x17a D:/Program files/Microchip/MPLABX/v5.30/packs/Microchip/ATmega_DFP/2.0.12/gcc/dev/atmega8a/avr4/crtatmega8a.o

.debug_loc
 *(.debug_loc)

.debug_macinfo
 *(.debug_macinfo)

.debug_weaknames
 *(.debug_weaknames)

.debug_funcnames
 *(.debug_funcnames)

.debug_typenames
 *(.debug_typenames)

.debug_varnames
 *(.debug_varnames)

.debug_pubtypes
 *(.debug_pubtypes)

.debug_ranges
 *(.debug_ranges)

.debug_macro
 *(.debug_macro)
OUTPUT(dist/default/production/VAW_meter.X.production.elf elf32-avr)
LOAD linker stubs
